Component: ARM Compiler 5.06 update 6 (build 750) Tool: armlink [4d35ed]

==============================================================================

Section Cross References

    startup_hc32l110.o(STACK) refers (Special) to heapauxi.o(.text) for __use_two_region_memory
    startup_hc32l110.o(HEAP) refers (Special) to heapauxi.o(.text) for __use_two_region_memory
    startup_hc32l110.o(RESET) refers (Special) to heapauxi.o(.text) for __use_two_region_memory
    startup_hc32l110.o(RESET) refers to startup_hc32l110.o(STACK) for __initial_sp
    startup_hc32l110.o(RESET) refers to startup_hc32l110.o(.text) for Reset_Handler
    startup_hc32l110.o(RESET) refers to interrupts_hc32l110.o(i.HardFault_Handler) for HardFault_Handler
    startup_hc32l110.o(RESET) refers to interrupts_hc32l110.o(i.IRQ000_Handler) for IRQ000_Handler
    startup_hc32l110.o(RESET) refers to interrupts_hc32l110.o(i.IRQ001_Handler) for IRQ001_Handler
    startup_hc32l110.o(RESET) refers to interrupts_hc32l110.o(i.IRQ002_Handler) for IRQ002_Handler
    startup_hc32l110.o(RESET) refers to interrupts_hc32l110.o(i.IRQ003_Handler) for IRQ003_Handler
    startup_hc32l110.o(RESET) refers to interrupts_hc32l110.o(i.IRQ006_Handler) for IRQ006_Handler
    startup_hc32l110.o(RESET) refers to interrupts_hc32l110.o(i.IRQ007_Handler) for IRQ007_Handler
    startup_hc32l110.o(RESET) refers to interrupts_hc32l110.o(i.IRQ008_Handler) for IRQ008_Handler
    startup_hc32l110.o(RESET) refers to interrupts_hc32l110.o(i.IRQ010_Handler) for IRQ010_Handler
    startup_hc32l110.o(RESET) refers to interrupts_hc32l110.o(i.IRQ012_Handler) for IRQ012_Handler
    startup_hc32l110.o(RESET) refers to interrupts_hc32l110.o(i.IRQ014_Handler) for IRQ014_Handler
    startup_hc32l110.o(RESET) refers to interrupts_hc32l110.o(i.IRQ015_Handler) for IRQ015_Handler
    startup_hc32l110.o(RESET) refers to interrupts_hc32l110.o(i.IRQ016_Handler) for IRQ016_Handler
    startup_hc32l110.o(RESET) refers to interrupts_hc32l110.o(i.IRQ017_Handler) for IRQ017_Handler
    startup_hc32l110.o(RESET) refers to interrupts_hc32l110.o(i.IRQ018_Handler) for IRQ018_Handler
    startup_hc32l110.o(RESET) refers to interrupts_hc32l110.o(i.IRQ019_Handler) for IRQ019_Handler
    startup_hc32l110.o(RESET) refers to interrupts_hc32l110.o(i.IRQ020_Handler) for IRQ020_Handler
    startup_hc32l110.o(RESET) refers to interrupts_hc32l110.o(i.IRQ021_Handler) for IRQ021_Handler
    startup_hc32l110.o(RESET) refers to interrupts_hc32l110.o(i.IRQ022_Handler) for IRQ022_Handler
    startup_hc32l110.o(RESET) refers to interrupts_hc32l110.o(i.IRQ023_Handler) for IRQ023_Handler
    startup_hc32l110.o(RESET) refers to interrupts_hc32l110.o(i.IRQ024_Handler) for IRQ024_Handler
    startup_hc32l110.o(RESET) refers to interrupts_hc32l110.o(i.IRQ026_Handler) for IRQ026_Handler
    startup_hc32l110.o(RESET) refers to interrupts_hc32l110.o(i.IRQ027_Handler) for IRQ027_Handler
    startup_hc32l110.o(RESET) refers to interrupts_hc32l110.o(i.IRQ028_Handler) for IRQ028_Handler
    startup_hc32l110.o(RESET) refers to interrupts_hc32l110.o(i.IRQ030_Handler) for IRQ030_Handler
    startup_hc32l110.o(RESET) refers to interrupts_hc32l110.o(i.IRQ031_Handler) for IRQ031_Handler
    startup_hc32l110.o(.text) refers (Special) to heapauxi.o(.text) for __use_two_region_memory
    startup_hc32l110.o(.text) refers to system_hc32l110.o(i.SystemInit) for SystemInit
    startup_hc32l110.o(.text) refers to __main.o(!!!main) for __main
    startup_hc32l110.o(.text) refers to startup_hc32l110.o(HEAP) for Heap_Mem
    startup_hc32l110.o(.text) refers to startup_hc32l110.o(STACK) for Stack_Mem
    system_hc32l110.o(i.SystemCoreClockUpdate) refers to clk.o(i.Clk_GetHClkFreq) for Clk_GetHClkFreq
    system_hc32l110.o(i.SystemCoreClockUpdate) refers to system_hc32l110.o(.data) for SystemCoreClock
    system_hc32l110.o(i.SystemInit) refers to clk.o(i.Clk_SetRCHFreq) for Clk_SetRCHFreq
    system_hc32l110.o(i.SystemInit) refers to clk.o(i.Clk_Enable) for Clk_Enable
    system_hc32l110.o(i.SystemInit) refers to system_hc32l110.o(i.SystemCoreClockUpdate) for SystemCoreClockUpdate
    system_hc32l110.o(i.SystemInit) refers to system_hc32l110.o(i._HidePinInit) for _HidePinInit
    system_hc32l110.o(i.SystemInit) refers to ddl.o(i.ddl_memclr) for ddl_memclr
    system_hc32l110.o(i.SystemInit) refers to clk.o(i.Clk_SysTickConfig) for Clk_SysTickConfig
    main.o(i.Led_Port_Init) refers to clk.o(i.Clk_SetPeripheralGate) for Clk_SetPeripheralGate
    main.o(i.Led_Port_Init) refers to gpio.o(i.Gpio_InitIOExt) for Gpio_InitIOExt
    main.o(i.Motor_Port_Init) refers to clk.o(i.Clk_SetPeripheralGate) for Clk_SetPeripheralGate
    main.o(i.Motor_Port_Init) refers to gpio.o(i.Gpio_SetIO) for Gpio_SetIO
    main.o(i.Motor_Port_Init) refers to gpio.o(i.Gpio_InitIOExt) for Gpio_InitIOExt
    main.o(i.main) refers to clk.o(i.Clk_SwitchTo) for Clk_SwitchTo
    main.o(i.main) refers to clk.o(i.Clk_SetRCHFreq) for Clk_SetRCHFreq
    main.o(i.main) refers to main.o(i.Led_Port_Init) for Led_Port_Init
    main.o(i.main) refers to main.o(i.Motor_Port_Init) for Motor_Port_Init
    main.o(i.main) refers to gpio.o(i.Gpio_SetIO) for Gpio_SetIO
    main.o(i.main) refers to ddl.o(i.delay1ms) for delay1ms
    ddl.o(.rev16_text) refers (Special) to use_no_semi_2.o(.text) for __use_no_semihosting
    ddl.o(.revsh_text) refers (Special) to use_no_semi_2.o(.text) for __use_no_semihosting
    ddl.o(i.DDL_WAIT_LOOP_HOOK) refers (Special) to use_no_semi_2.o(.text) for __use_no_semihosting
    ddl.o(i.Debug_Output) refers (Special) to use_no_semi_2.o(.text) for __use_no_semihosting
    ddl.o(i.Debug_UartInit) refers (Special) to use_no_semi_2.o(.text) for __use_no_semihosting
    ddl.o(i.Debug_UartInit) refers to clk.o(i.Clk_GetPClkFreq) for Clk_GetPClkFreq
    ddl.o(i.Debug_UartInit) refers to aeabi_sdiv.o(.text) for __aeabi_uidivmod
    ddl.o(i.Log2) refers (Special) to use_no_semi_2.o(.text) for __use_no_semihosting
    ddl.o(i.__backspace) refers (Special) to use_no_semi_2.o(.text) for __use_no_semihosting
    ddl.o(i._sys_exit) refers (Special) to use_no_semi_2.o(.text) for __use_no_semihosting
    ddl.o(i._ttywrch) refers (Special) to use_no_semi_2.o(.text) for __use_no_semihosting
    ddl.o(i.ddl_memclr) refers (Special) to use_no_semi_2.o(.text) for __use_no_semihosting
    ddl.o(i.delay100us) refers (Special) to use_no_semi_2.o(.text) for __use_no_semihosting
    ddl.o(i.delay100us) refers to aeabi_sdiv.o(.text) for __aeabi_uidivmod
    ddl.o(i.delay100us) refers to system_hc32l110.o(.data) for SystemCoreClock
    ddl.o(i.delay1ms) refers (Special) to use_no_semi_2.o(.text) for __use_no_semihosting
    ddl.o(i.delay1ms) refers to aeabi_sdiv.o(.text) for __aeabi_uidivmod
    ddl.o(i.delay1ms) refers to system_hc32l110.o(.data) for SystemCoreClock
    ddl.o(i.fputc) refers (Special) to use_no_semi_2.o(.text) for __use_no_semihosting
    ddl.o(i.fputc) refers to ddl.o(i.Debug_Output) for Debug_Output
    ddl.o(.data) refers (Special) to use_no_semi_2.o(.text) for __use_no_semihosting
    interrupts_hc32l110.o(i.EnableNvic) refers to interrupts_hc32l110.o(i.__NVIC_SetPriority) for __NVIC_SetPriority
    clk.o(i.Clk_DeInit) refers to clk.o(i.Clk_SetRCHFreq) for Clk_SetRCHFreq
    clk.o(i.Clk_DeInit) refers to clk.o(i.Clk_SwitchTo) for Clk_SwitchTo
    clk.o(i.Clk_DeInit) refers to clk.o(i.Clk_SetHClkDiv) for Clk_SetHClkDiv
    clk.o(i.Clk_DeInit) refers to clk.o(i.Clk_SetPClkDiv) for Clk_SetPClkDiv
    clk.o(i.Clk_DebugClk) refers to clk.o(i.__ARM_common_switch8) for __ARM_common_switch8
    clk.o(i.Clk_Enable) refers to clk.o(i.ClkUnlock) for ClkUnlock
    clk.o(i.Clk_Enable) refers to clk.o(i.ClkWriteDummy) for ClkWriteDummy
    clk.o(i.Clk_GetHClkFreq) refers to clk.o(.constdata) for .constdata
    clk.o(i.Clk_GetPClkFreq) refers to clk.o(i.Clk_GetHClkFreq) for Clk_GetHClkFreq
    clk.o(i.Clk_Init) refers to clk.o(i.Clk_SwitchTo) for Clk_SwitchTo
    clk.o(i.Clk_Init) refers to clk.o(i.Clk_SetHClkDiv) for Clk_SetHClkDiv
    clk.o(i.Clk_Init) refers to clk.o(i.Clk_SetPClkDiv) for Clk_SetPClkDiv
    clk.o(i.Clk_SetFunc) refers to clk.o(i.ClkUnlock) for ClkUnlock
    clk.o(i.Clk_SetFunc) refers to clk.o(i.__ARM_common_switch8) for __ARM_common_switch8
    clk.o(i.Clk_SetFunc) refers to clk.o(i.ClkWriteDummy) for ClkWriteDummy
    clk.o(i.Clk_SetHClkDiv) refers to clk.o(i.ClkUnlock) for ClkUnlock
    clk.o(i.Clk_SetHClkDiv) refers to ddl.o(i.Log2) for Log2
    clk.o(i.Clk_SetPClkDiv) refers to clk.o(i.ClkUnlock) for ClkUnlock
    clk.o(i.Clk_SetPClkDiv) refers to ddl.o(i.Log2) for Log2
    clk.o(i.Clk_SetRCHFreq) refers to clk.o(i.__ARM_common_switch8) for __ARM_common_switch8
    clk.o(i.Clk_SetRTCAdjustClkFreq) refers to clk.o(i.ClkUnlock) for ClkUnlock
    clk.o(i.Clk_SetRTCAdjustClkFreq) refers to clk.o(i.ClkWriteDummy) for ClkWriteDummy
    clk.o(i.Clk_SetSource) refers to clk.o(i.ClkUnlock) for ClkUnlock
    clk.o(i.Clk_SetSource) refers to clk.o(i.ClkWriteDummy) for ClkWriteDummy
    clk.o(i.Clk_SwitchTo) refers to clk.o(i.Clk_SetXTH_StableTime) for Clk_SetXTH_StableTime
    clk.o(i.Clk_SwitchTo) refers to clk.o(i.Clk_SetRCL_StableTime) for Clk_SetRCL_StableTime
    clk.o(i.Clk_SwitchTo) refers to clk.o(i.Clk_SetXTL_StableTime) for Clk_SetXTL_StableTime
    clk.o(i.Clk_SwitchTo) refers to clk.o(i.Clk_Enable) for Clk_Enable
    clk.o(i.Clk_SwitchTo) refers to clk.o(i.Clk_GetClkRdy) for Clk_GetClkRdy
    clk.o(i.Clk_SwitchTo) refers to clk.o(i.Clk_SetSource) for Clk_SetSource
    clk.o(i.Clk_SwitchTo) refers to system_hc32l110.o(i.SystemCoreClockUpdate) for SystemCoreClockUpdate
    clk.o(i.Clk_SysTickConfig) refers to clk.o(i.__NVIC_SetPriority) for __NVIC_SetPriority
    gpio.o(i.Gpio_DisableIrq) refers to gpio.o(i._GpioEnableIrq) for _GpioEnableIrq
    gpio.o(i.Gpio_EnableIrq) refers to gpio.o(i._GpioEnableIrq) for _GpioEnableIrq
    gpio.o(i.Gpio_InitIO) refers to gpio.o(i.Gpio_SetAnalog) for Gpio_SetAnalog
    gpio.o(i.Gpio_InitIOExt) refers to gpio.o(i.Gpio_SetAnalog) for Gpio_SetAnalog
    gpio.o(i.Gpio_SetCtrlExt) refers to clk.o(i.__ARM_common_switch8) for __ARM_common_switch8
    gpio.o(i.Gpio_SetCtrlExt) refers to ddl.o(i.Log2) for Log2
    gpio.o(i.Gpio_SetExtClkSel) refers to clk.o(i.__ARM_common_switch8) for __ARM_common_switch8
    gpio.o(i.Gpio_SetSignalSource) refers to clk.o(i.__ARM_common_switch8) for __ARM_common_switch8
    gpio.o(i.Gpio_SetSsnSel) refers to clk.o(i.__ARM_common_switch8) for __ARM_common_switch8
    use_no_semi_2.o(.text) refers (Special) to use_no_semi.o(.text) for __use_no_semihosting_swi
    __main.o(!!!main) refers to __rtentry.o(.ARM.Collect$$rtentry$$00000000) for __rt_entry
    __rtentry.o(.ARM.Collect$$rtentry$$00000000) refers (Special) to __rtentry2.o(.ARM.Collect$$rtentry$$0000000A) for __rt_entry_li
    __rtentry.o(.ARM.Collect$$rtentry$$00000000) refers (Special) to __rtentry2.o(.ARM.Collect$$rtentry$$0000000D) for __rt_entry_main
    __rtentry.o(.ARM.Collect$$rtentry$$00000000) refers (Special) to __rtentry2.o(.ARM.Collect$$rtentry$$0000000C) for __rt_entry_postli_1
    __rtentry.o(.ARM.Collect$$rtentry$$00000000) refers (Special) to __rtentry2.o(.ARM.Collect$$rtentry$$00000009) for __rt_entry_postsh_1
    __rtentry.o(.ARM.Collect$$rtentry$$00000000) refers (Special) to __rtentry2.o(.ARM.Collect$$rtentry$$00000002) for __rt_entry_presh_1
    __rtentry.o(.ARM.Collect$$rtentry$$00000000) refers (Special) to __rtentry4.o(.ARM.Collect$$rtentry$$00000004) for __rt_entry_sh
    aeabi_idiv0_sigfpe.o(.text) refers to rt_div0.o(.text) for __rt_div0
    __rtentry2.o(.ARM.Collect$$rtentry$$00000008) refers to boardinit2.o(.text) for _platform_post_stackheap_init
    __rtentry2.o(.ARM.Collect$$rtentry$$0000000A) refers to libinit.o(.ARM.Collect$$libinit$$00000000) for __rt_lib_init
    __rtentry2.o(.ARM.Collect$$rtentry$$0000000B) refers to boardinit3.o(.text) for _platform_post_lib_init
    __rtentry2.o(.ARM.Collect$$rtentry$$0000000D) refers to main.o(i.main) for main
    __rtentry2.o(.ARM.Collect$$rtentry$$0000000D) refers to exit.o(.text) for exit
    __rtentry2.o(.ARM.exidx) refers to __rtentry2.o(.ARM.Collect$$rtentry$$00000001) for .ARM.Collect$$rtentry$$00000001
    __rtentry2.o(.ARM.exidx) refers to __rtentry2.o(.ARM.Collect$$rtentry$$00000008) for .ARM.Collect$$rtentry$$00000008
    __rtentry2.o(.ARM.exidx) refers to __rtentry2.o(.ARM.Collect$$rtentry$$0000000A) for .ARM.Collect$$rtentry$$0000000A
    __rtentry2.o(.ARM.exidx) refers to __rtentry2.o(.ARM.Collect$$rtentry$$0000000B) for .ARM.Collect$$rtentry$$0000000B
    __rtentry2.o(.ARM.exidx) refers to __rtentry2.o(.ARM.Collect$$rtentry$$0000000D) for .ARM.Collect$$rtentry$$0000000D
    __rtentry4.o(.ARM.Collect$$rtentry$$00000004) refers to sys_stackheap_outer.o(.text) for __user_setup_stackheap
    __rtentry4.o(.ARM.exidx) refers to __rtentry4.o(.ARM.Collect$$rtentry$$00000004) for .ARM.Collect$$rtentry$$00000004
    rt_div0.o(.text) refers to defsig_fpe_outer.o(.text) for __rt_SIGFPE
    sys_stackheap_outer.o(.text) refers to libspace.o(.text) for __user_perproc_libspace
    sys_stackheap_outer.o(.text) refers to startup_hc32l110.o(.text) for __user_initial_stackheap
    sys_stackheap_outer.o(__vectab_stack_and_reset_area) refers to tempstk.o(.text) for __temporary_stack_top
    sys_stackheap_outer.o(__vectab_stack_and_reset_area) refers to __main.o(!!!main) for __main
    exit.o(.text) refers to rtexit.o(.ARM.Collect$$rtexit$$00000000) for __rt_exit
    defsig_fpe_outer.o(.text) refers to defsig_fpe_inner.o(.text) for __rt_SIGFPE_inner
    defsig_fpe_outer.o(.text) refers to defsig_exit.o(.text) for __sig_exit
    defsig_fpe_formal.o(.text) refers to rt_raise.o(.text) for __rt_raise
    libinit.o(.ARM.Collect$$libinit$$00000000) refers (Special) to libinit2.o(.ARM.Collect$$libinit$$0000002E) for __rt_lib_init_alloca_1
    libinit.o(.ARM.Collect$$libinit$$00000000) refers (Special) to libinit2.o(.ARM.Collect$$libinit$$0000002C) for __rt_lib_init_argv_1
    libinit.o(.ARM.Collect$$libinit$$00000000) refers (Special) to libinit2.o(.ARM.Collect$$libinit$$0000001B) for __rt_lib_init_atexit_1
    libinit.o(.ARM.Collect$$libinit$$00000000) refers (Special) to libinit2.o(.ARM.Collect$$libinit$$00000021) for __rt_lib_init_clock_1
    libinit.o(.ARM.Collect$$libinit$$00000000) refers (Special) to libinit2.o(.ARM.Collect$$libinit$$00000032) for __rt_lib_init_cpp_1
    libinit.o(.ARM.Collect$$libinit$$00000000) refers (Special) to libinit2.o(.ARM.Collect$$libinit$$00000030) for __rt_lib_init_exceptions_1
    libinit.o(.ARM.Collect$$libinit$$00000000) refers (Special) to libinit2.o(.ARM.Collect$$libinit$$00000002) for __rt_lib_init_fp_1
    libinit.o(.ARM.Collect$$libinit$$00000000) refers (Special) to libinit2.o(.ARM.Collect$$libinit$$0000001F) for __rt_lib_init_fp_trap_1
    libinit.o(.ARM.Collect$$libinit$$00000000) refers (Special) to libinit2.o(.ARM.Collect$$libinit$$00000023) for __rt_lib_init_getenv_1
    libinit.o(.ARM.Collect$$libinit$$00000000) refers (Special) to libinit2.o(.ARM.Collect$$libinit$$0000000A) for __rt_lib_init_heap_1
    libinit.o(.ARM.Collect$$libinit$$00000000) refers (Special) to libinit2.o(.ARM.Collect$$libinit$$00000011) for __rt_lib_init_lc_collate_1
    libinit.o(.ARM.Collect$$libinit$$00000000) refers (Special) to libinit2.o(.ARM.Collect$$libinit$$00000013) for __rt_lib_init_lc_ctype_1
    libinit.o(.ARM.Collect$$libinit$$00000000) refers (Special) to libinit2.o(.ARM.Collect$$libinit$$00000015) for __rt_lib_init_lc_monetary_1
    libinit.o(.ARM.Collect$$libinit$$00000000) refers (Special) to libinit2.o(.ARM.Collect$$libinit$$00000017) for __rt_lib_init_lc_numeric_1
    libinit.o(.ARM.Collect$$libinit$$00000000) refers (Special) to libinit2.o(.ARM.Collect$$libinit$$00000019) for __rt_lib_init_lc_time_1
    libinit.o(.ARM.Collect$$libinit$$00000000) refers (Special) to libinit2.o(.ARM.Collect$$libinit$$00000004) for __rt_lib_init_preinit_1
    libinit.o(.ARM.Collect$$libinit$$00000000) refers (Special) to libinit2.o(.ARM.Collect$$libinit$$0000000E) for __rt_lib_init_rand_1
    libinit.o(.ARM.Collect$$libinit$$00000000) refers (Special) to libinit2.o(.ARM.Collect$$libinit$$00000033) for __rt_lib_init_return
    libinit.o(.ARM.Collect$$libinit$$00000000) refers (Special) to libinit2.o(.ARM.Collect$$libinit$$0000001D) for __rt_lib_init_signal_1
    libinit.o(.ARM.Collect$$libinit$$00000000) refers (Special) to libinit2.o(.ARM.Collect$$libinit$$00000025) for __rt_lib_init_stdio_1
    libinit.o(.ARM.Collect$$libinit$$00000000) refers (Special) to libinit2.o(.ARM.Collect$$libinit$$0000000C) for __rt_lib_init_user_alloc_1
    libspace.o(.text) refers to libspace.o(.bss) for __libspace_start
    rtexit.o(.ARM.Collect$$rtexit$$00000000) refers (Special) to rtexit2.o(.ARM.Collect$$rtexit$$00000004) for __rt_exit_exit
    rtexit.o(.ARM.Collect$$rtexit$$00000000) refers (Special) to rtexit2.o(.ARM.Collect$$rtexit$$00000003) for __rt_exit_ls
    rtexit.o(.ARM.Collect$$rtexit$$00000000) refers (Special) to rtexit2.o(.ARM.Collect$$rtexit$$00000002) for __rt_exit_prels_1
    rtexit.o(.ARM.exidx) refers (Special) to rtexit2.o(.ARM.Collect$$rtexit$$00000004) for __rt_exit_exit
    rtexit.o(.ARM.exidx) refers (Special) to rtexit2.o(.ARM.Collect$$rtexit$$00000003) for __rt_exit_ls
    rtexit.o(.ARM.exidx) refers (Special) to rtexit2.o(.ARM.Collect$$rtexit$$00000002) for __rt_exit_prels_1
    rtexit.o(.ARM.exidx) refers to rtexit.o(.ARM.Collect$$rtexit$$00000000) for .ARM.Collect$$rtexit$$00000000
    rt_raise.o(.text) refers to __raise.o(.text) for __raise
    rt_raise.o(.text) refers to ddl.o(i._sys_exit) for _sys_exit
    defsig_exit.o(.text) refers to ddl.o(i._sys_exit) for _sys_exit
    defsig_fpe_inner.o(.text) refers to defsig_general.o(.text) for __default_signal_display
    libinit2.o(.ARM.Collect$$libinit$$00000010) refers to libinit2.o(.ARM.Collect$$libinit$$0000000F) for .ARM.Collect$$libinit$$0000000F
    libinit2.o(.ARM.Collect$$libinit$$00000012) refers to libinit2.o(.ARM.Collect$$libinit$$0000000F) for .ARM.Collect$$libinit$$0000000F
    libinit2.o(.ARM.Collect$$libinit$$00000014) refers to libinit2.o(.ARM.Collect$$libinit$$0000000F) for .ARM.Collect$$libinit$$0000000F
    libinit2.o(.ARM.Collect$$libinit$$00000016) refers to libinit2.o(.ARM.Collect$$libinit$$0000000F) for .ARM.Collect$$libinit$$0000000F
    libinit2.o(.ARM.Collect$$libinit$$00000018) refers to libinit2.o(.ARM.Collect$$libinit$$0000000F) for .ARM.Collect$$libinit$$0000000F
    libinit2.o(.ARM.Collect$$libinit$$00000026) refers to argv_veneer.o(.text) for __ARM_argv_veneer
    libinit2.o(.ARM.Collect$$libinit$$00000027) refers to argv_veneer.o(.text) for __ARM_argv_veneer
    rtexit2.o(.ARM.Collect$$rtexit$$00000003) refers to libshutdown.o(.ARM.Collect$$libshutdown$$00000000) for __rt_lib_shutdown
    rtexit2.o(.ARM.Collect$$rtexit$$00000004) refers to ddl.o(i._sys_exit) for _sys_exit
    rtexit2.o(.ARM.exidx) refers to rtexit2.o(.ARM.Collect$$rtexit$$00000001) for .ARM.Collect$$rtexit$$00000001
    rtexit2.o(.ARM.exidx) refers to rtexit2.o(.ARM.Collect$$rtexit$$00000003) for .ARM.Collect$$rtexit$$00000003
    rtexit2.o(.ARM.exidx) refers to rtexit2.o(.ARM.Collect$$rtexit$$00000004) for .ARM.Collect$$rtexit$$00000004
    __raise.o(.text) refers to defsig.o(CL$$defsig) for __default_signal_handler
    defsig_general.o(.text) refers to ddl.o(i._ttywrch) for _ttywrch
    defsig.o(CL$$defsig) refers to defsig_fpe_inner.o(.text) for __rt_SIGFPE_inner
    defsig.o(CL$$defsig) refers to defsig_rtmem_inner.o(.text) for __rt_SIGRTMEM_inner
    _get_argv_nomalloc.o(.text) refers (Special) to hrguard.o(.text) for __heap_region$guard
    _get_argv_nomalloc.o(.text) refers to defsig_rtmem_outer.o(.text) for __rt_SIGRTMEM
    _get_argv_nomalloc.o(.text) refers to sys_command.o(.text) for _sys_command_string
    libshutdown.o(.ARM.Collect$$libshutdown$$00000000) refers (Special) to libshutdown2.o(.ARM.Collect$$libshutdown$$00000002) for __rt_lib_shutdown_cpp_1
    libshutdown.o(.ARM.Collect$$libshutdown$$00000000) refers (Special) to libshutdown2.o(.ARM.Collect$$libshutdown$$00000007) for __rt_lib_shutdown_fp_trap_1
    libshutdown.o(.ARM.Collect$$libshutdown$$00000000) refers (Special) to libshutdown2.o(.ARM.Collect$$libshutdown$$0000000F) for __rt_lib_shutdown_heap_1
    libshutdown.o(.ARM.Collect$$libshutdown$$00000000) refers (Special) to libshutdown2.o(.ARM.Collect$$libshutdown$$00000010) for __rt_lib_shutdown_return
    libshutdown.o(.ARM.Collect$$libshutdown$$00000000) refers (Special) to libshutdown2.o(.ARM.Collect$$libshutdown$$0000000A) for __rt_lib_shutdown_signal_1
    libshutdown.o(.ARM.Collect$$libshutdown$$00000000) refers (Special) to libshutdown2.o(.ARM.Collect$$libshutdown$$00000004) for __rt_lib_shutdown_stdio_1
    libshutdown.o(.ARM.Collect$$libshutdown$$00000000) refers (Special) to libshutdown2.o(.ARM.Collect$$libshutdown$$0000000C) for __rt_lib_shutdown_user_alloc_1
    sys_command.o(.text) refers (Special) to use_no_semi.o(.text) for __I$use$semihosting
    sys_command.o(.text) refers (Special) to indicate_semi.o(.text) for __semihosting_library_function
    defsig_abrt_inner.o(.text) refers to defsig_general.o(.text) for __default_signal_display
    defsig_rtred_inner.o(.text) refers to defsig_general.o(.text) for __default_signal_display
    defsig_rtmem_inner.o(.text) refers to defsig_general.o(.text) for __default_signal_display
    defsig_rtmem_outer.o(.text) refers to defsig_rtmem_inner.o(.text) for __rt_SIGRTMEM_inner
    defsig_rtmem_outer.o(.text) refers to defsig_exit.o(.text) for __sig_exit
    defsig_rtmem_formal.o(.text) refers to rt_raise.o(.text) for __rt_raise
    defsig_stak_inner.o(.text) refers to defsig_general.o(.text) for __default_signal_display
    defsig_pvfn_inner.o(.text) refers to defsig_general.o(.text) for __default_signal_display
    defsig_cppl_inner.o(.text) refers to defsig_general.o(.text) for __default_signal_display
    defsig_segv_inner.o(.text) refers to defsig_general.o(.text) for __default_signal_display
    defsig_other.o(.text) refers to defsig_general.o(.text) for __default_signal_display


==============================================================================

Removing Unused input sections from the image.

    Removing system_hc32l110.o(.rev16_text), (4 bytes).
    Removing system_hc32l110.o(.revsh_text), (4 bytes).
    Removing main.o(.rev16_text), (4 bytes).
    Removing main.o(.revsh_text), (4 bytes).
    Removing ddl.o(.rev16_text), (4 bytes).
    Removing ddl.o(.revsh_text), (4 bytes).
    Removing ddl.o(i.DDL_WAIT_LOOP_HOOK), (2 bytes).
    Removing ddl.o(i.Debug_Output), (50 bytes).
    Removing ddl.o(i.Debug_UartInit), (180 bytes).
    Removing ddl.o(i.Log2), (24 bytes).
    Removing ddl.o(i.__backspace), (4 bytes).
    Removing ddl.o(i._ttywrch), (2 bytes).
    Removing ddl.o(i.delay100us), (60 bytes).
    Removing ddl.o(i.fputc), (28 bytes).
    Removing ddl.o(.data), (4 bytes).
    Removing interrupts_hc32l110.o(.rev16_text), (4 bytes).
    Removing interrupts_hc32l110.o(.revsh_text), (4 bytes).
    Removing interrupts_hc32l110.o(i.EnableNvic), (140 bytes).
    Removing interrupts_hc32l110.o(i.__NVIC_SetPriority), (120 bytes).
    Removing clk.o(.rev16_text), (4 bytes).
    Removing clk.o(.revsh_text), (4 bytes).
    Removing clk.o(i.Clk_DeInit), (30 bytes).
    Removing clk.o(i.Clk_DebugClk), (104 bytes).
    Removing clk.o(i.Clk_GetPClkFreq), (32 bytes).
    Removing clk.o(i.Clk_GetPeripheralGate), (20 bytes).
    Removing clk.o(i.Clk_Init), (26 bytes).
    Removing clk.o(i.Clk_SetFunc), (268 bytes).
    Removing clk.o(i.Clk_SetHClkDiv), (108 bytes).
    Removing clk.o(i.Clk_SetPClkDiv), (80 bytes).
    Removing clk.o(i.Clk_SetRCLFreq), (80 bytes).
    Removing clk.o(i.Clk_SetRTCAdjustClkFreq), (272 bytes).
    Removing clk.o(i.Clk_SetXTLDrive), (40 bytes).
    Removing clk.o(i.Clk_SysTickSkewGet), (16 bytes).
    Removing clk.o(i.Clk_SysTickStcalibGet), (16 bytes).
    Removing gpio.o(.rev16_text), (4 bytes).
    Removing gpio.o(.revsh_text), (4 bytes).
    Removing gpio.o(i.Gpio_ClearIrq), (36 bytes).
    Removing gpio.o(i.Gpio_DisableIrq), (24 bytes).
    Removing gpio.o(i.Gpio_EnableIrq), (24 bytes).
    Removing gpio.o(i.Gpio_GetIO), (24 bytes).
    Removing gpio.o(i.Gpio_GetIrqStat), (24 bytes).
    Removing gpio.o(i.Gpio_InitIO), (184 bytes).
    Removing gpio.o(i.Gpio_SetCtrlExt), (292 bytes).
    Removing gpio.o(i.Gpio_SetExtClkSel), (92 bytes).
    Removing gpio.o(i.Gpio_SetSignalSource), (388 bytes).
    Removing gpio.o(i.Gpio_SetSsnSel), (92 bytes).
    Removing gpio.o(i._GpioEnableIrq), (244 bytes).

47 unused section(s) (total 3178 bytes) removed from the image.

==============================================================================

Image Symbol Table

    Local Symbols

    Symbol Name                              Value     Ov Type        Size  Object(Section)

    RESET                                    0x00000000   Section      192  startup_hc32l110.o(RESET)
    ../clib/angel/boardlib.s                 0x00000000   Number         0  boardshut.o ABSOLUTE
    ../clib/angel/boardlib.s                 0x00000000   Number         0  boardinit2.o ABSOLUTE
    ../clib/angel/boardlib.s                 0x00000000   Number         0  boardinit3.o ABSOLUTE
    ../clib/angel/boardlib.s                 0x00000000   Number         0  boardinit1.o ABSOLUTE
    ../clib/angel/handlers.s                 0x00000000   Number         0  __scatter_zi.o ABSOLUTE
    ../clib/angel/handlers.s                 0x00000000   Number         0  __scatter_copy.o ABSOLUTE
    ../clib/angel/kernel.s                   0x00000000   Number         0  __rtentry2.o ABSOLUTE
    ../clib/angel/kernel.s                   0x00000000   Number         0  rtexit2.o ABSOLUTE
    ../clib/angel/kernel.s                   0x00000000   Number         0  rtexit.o ABSOLUTE
    ../clib/angel/kernel.s                   0x00000000   Number         0  __rtentry4.o ABSOLUTE
    ../clib/angel/kernel.s                   0x00000000   Number         0  __rtentry.o ABSOLUTE
    ../clib/angel/rt.s                       0x00000000   Number         0  aeabi_idiv0_sigfpe.o ABSOLUTE
    ../clib/angel/rt.s                       0x00000000   Number         0  rt_raise.o ABSOLUTE
    ../clib/angel/rt.s                       0x00000000   Number         0  rt_div0.o ABSOLUTE
    ../clib/angel/rt.s                       0x00000000   Number         0  aeabi_idiv0.o ABSOLUTE
    ../clib/angel/scatterp.s                 0x00000000   Number         0  __scatter.o ABSOLUTE
    ../clib/angel/startup.s                  0x00000000   Number         0  __main.o ABSOLUTE
    ../clib/angel/sys.s                      0x00000000   Number         0  use_no_semi.o ABSOLUTE
    ../clib/angel/sys.s                      0x00000000   Number         0  use_no_semi_2.o ABSOLUTE
    ../clib/angel/sys.s                      0x00000000   Number         0  tempstk.o ABSOLUTE
    ../clib/angel/sys.s                      0x00000000   Number         0  indicate_semi.o ABSOLUTE
    ../clib/angel/sys.s                      0x00000000   Number         0  libspace.o ABSOLUTE
    ../clib/angel/sys.s                      0x00000000   Number         0  sys_stackheap_outer.o ABSOLUTE
    ../clib/angel/sysapp.c                   0x00000000   Number         0  sys_command.o ABSOLUTE
    ../clib/armsys.c                         0x00000000   Number         0  no_argv.o ABSOLUTE
    ../clib/armsys.c                         0x00000000   Number         0  _get_argv_nomalloc.o ABSOLUTE
    ../clib/armsys.c                         0x00000000   Number         0  argv_veneer.o ABSOLUTE
    ../clib/division.s                       0x00000000   Number         0  aeabi_sdiv.o ABSOLUTE
    ../clib/division.s                       0x00000000   Number         0  aeabi_sdiv_div0.o ABSOLUTE
    ../clib/heapalloc.c                      0x00000000   Number         0  hrguard.o ABSOLUTE
    ../clib/heapaux.c                        0x00000000   Number         0  heapauxi.o ABSOLUTE
    ../clib/libinit.s                        0x00000000   Number         0  libinit.o ABSOLUTE
    ../clib/libinit.s                        0x00000000   Number         0  libshutdown.o ABSOLUTE
    ../clib/libinit.s                        0x00000000   Number         0  libinit2.o ABSOLUTE
    ../clib/libinit.s                        0x00000000   Number         0  libshutdown2.o ABSOLUTE
    ../clib/signal.c                         0x00000000   Number         0  defsig_general.o ABSOLUTE
    ../clib/signal.c                         0x00000000   Number         0  defsig_segv_inner.o ABSOLUTE
    ../clib/signal.c                         0x00000000   Number         0  defsig_stak_inner.o ABSOLUTE
    ../clib/signal.c                         0x00000000   Number         0  defsig_cppl_inner.o ABSOLUTE
    ../clib/signal.c                         0x00000000   Number         0  defsig_pvfn_inner.o ABSOLUTE
    ../clib/signal.c                         0x00000000   Number         0  defsig_rtred_inner.o ABSOLUTE
    ../clib/signal.c                         0x00000000   Number         0  defsig_other.o ABSOLUTE
    ../clib/signal.c                         0x00000000   Number         0  defsig_fpe_formal.o ABSOLUTE
    ../clib/signal.c                         0x00000000   Number         0  defsig_fpe_outer.o ABSOLUTE
    ../clib/signal.c                         0x00000000   Number         0  defsig_rtmem_inner.o ABSOLUTE
    ../clib/signal.c                         0x00000000   Number         0  defsig_fpe_inner.o ABSOLUTE
    ../clib/signal.c                         0x00000000   Number         0  defsig_exit.o ABSOLUTE
    ../clib/signal.c                         0x00000000   Number         0  defsig_abrt_inner.o ABSOLUTE
    ../clib/signal.c                         0x00000000   Number         0  defsig_rtmem_outer.o ABSOLUTE
    ../clib/signal.c                         0x00000000   Number         0  defsig_rtmem_formal.o ABSOLUTE
    ../clib/signal.c                         0x00000000   Number         0  __raise.o ABSOLUTE
    ../clib/signal.s                         0x00000000   Number         0  defsig.o ABSOLUTE
    ../clib/stdlib.c                         0x00000000   Number         0  exit.o ABSOLUTE
    ../fplib/cfplib/fpinit.c                 0x00000000   Number         0  fpinit.o ABSOLUTE
    dc.s                                     0x00000000   Number         0  dc.o ABSOLUTE
    driver\\src\\clk.c                       0x00000000   Number         0  clk.o ABSOLUTE
    driver\\src\\ddl.c                       0x00000000   Number         0  ddl.o ABSOLUTE
    driver\\src\\gpio.c                      0x00000000   Number         0  gpio.o ABSOLUTE
    driver\\src\\interrupts_hc32l110.c       0x00000000   Number         0  interrupts_hc32l110.o ABSOLUTE
    driver\src\clk.c                         0x00000000   Number         0  clk.o ABSOLUTE
    driver\src\ddl.c                         0x00000000   Number         0  ddl.o ABSOLUTE
    driver\src\gpio.c                        0x00000000   Number         0  gpio.o ABSOLUTE
    driver\src\interrupts_hc32l110.c         0x00000000   Number         0  interrupts_hc32l110.o ABSOLUTE
    mcu\\common\\system_hc32l110.c           0x00000000   Number         0  system_hc32l110.o ABSOLUTE
    mcu\common\system_hc32l110.c             0x00000000   Number         0  system_hc32l110.o ABSOLUTE
    source\\main.c                           0x00000000   Number         0  main.o ABSOLUTE
    source\main.c                            0x00000000   Number         0  main.o ABSOLUTE
    startup_hc32l110.s                       0x00000000   Number         0  startup_hc32l110.o ABSOLUTE
    !!!main                                  0x000000c0   Section        8  __main.o(!!!main)
    !!!scatter                               0x000000c8   Section       60  __scatter.o(!!!scatter)
    !!handler_copy                           0x00000104   Section       26  __scatter_copy.o(!!handler_copy)
    !!handler_zi                             0x00000120   Section       28  __scatter_zi.o(!!handler_zi)
    .ARM.Collect$$libinit$$00000000          0x0000013c   Section        2  libinit.o(.ARM.Collect$$libinit$$00000000)
    .ARM.Collect$$libinit$$00000002          0x0000013e   Section        0  libinit2.o(.ARM.Collect$$libinit$$00000002)
    .ARM.Collect$$libinit$$00000004          0x0000013e   Section        0  libinit2.o(.ARM.Collect$$libinit$$00000004)
    .ARM.Collect$$libinit$$0000000A          0x0000013e   Section        0  libinit2.o(.ARM.Collect$$libinit$$0000000A)
    .ARM.Collect$$libinit$$0000000C          0x0000013e   Section        0  libinit2.o(.ARM.Collect$$libinit$$0000000C)
    .ARM.Collect$$libinit$$0000000E          0x0000013e   Section        0  libinit2.o(.ARM.Collect$$libinit$$0000000E)
    .ARM.Collect$$libinit$$00000011          0x0000013e   Section        0  libinit2.o(.ARM.Collect$$libinit$$00000011)
    .ARM.Collect$$libinit$$00000013          0x0000013e   Section        0  libinit2.o(.ARM.Collect$$libinit$$00000013)
    .ARM.Collect$$libinit$$00000015          0x0000013e   Section        0  libinit2.o(.ARM.Collect$$libinit$$00000015)
    .ARM.Collect$$libinit$$00000017          0x0000013e   Section        0  libinit2.o(.ARM.Collect$$libinit$$00000017)
    .ARM.Collect$$libinit$$00000019          0x0000013e   Section        0  libinit2.o(.ARM.Collect$$libinit$$00000019)
    .ARM.Collect$$libinit$$0000001B          0x0000013e   Section        0  libinit2.o(.ARM.Collect$$libinit$$0000001B)
    .ARM.Collect$$libinit$$0000001D          0x0000013e   Section        0  libinit2.o(.ARM.Collect$$libinit$$0000001D)
    .ARM.Collect$$libinit$$0000001F          0x0000013e   Section        0  libinit2.o(.ARM.Collect$$libinit$$0000001F)
    .ARM.Collect$$libinit$$00000021          0x0000013e   Section        0  libinit2.o(.ARM.Collect$$libinit$$00000021)
    .ARM.Collect$$libinit$$00000023          0x0000013e   Section        0  libinit2.o(.ARM.Collect$$libinit$$00000023)
    .ARM.Collect$$libinit$$00000025          0x0000013e   Section        0  libinit2.o(.ARM.Collect$$libinit$$00000025)
    .ARM.Collect$$libinit$$0000002C          0x0000013e   Section        0  libinit2.o(.ARM.Collect$$libinit$$0000002C)
    .ARM.Collect$$libinit$$0000002E          0x0000013e   Section        0  libinit2.o(.ARM.Collect$$libinit$$0000002E)
    .ARM.Collect$$libinit$$00000030          0x0000013e   Section        0  libinit2.o(.ARM.Collect$$libinit$$00000030)
    .ARM.Collect$$libinit$$00000032          0x0000013e   Section        0  libinit2.o(.ARM.Collect$$libinit$$00000032)
    .ARM.Collect$$libinit$$00000033          0x0000013e   Section        2  libinit2.o(.ARM.Collect$$libinit$$00000033)
    .ARM.Collect$$libshutdown$$00000000      0x00000140   Section        2  libshutdown.o(.ARM.Collect$$libshutdown$$00000000)
    .ARM.Collect$$libshutdown$$00000002      0x00000142   Section        0  libshutdown2.o(.ARM.Collect$$libshutdown$$00000002)
    .ARM.Collect$$libshutdown$$00000004      0x00000142   Section        0  libshutdown2.o(.ARM.Collect$$libshutdown$$00000004)
    .ARM.Collect$$libshutdown$$00000007      0x00000142   Section        0  libshutdown2.o(.ARM.Collect$$libshutdown$$00000007)
    .ARM.Collect$$libshutdown$$0000000A      0x00000142   Section        0  libshutdown2.o(.ARM.Collect$$libshutdown$$0000000A)
    .ARM.Collect$$libshutdown$$0000000C      0x00000142   Section        0  libshutdown2.o(.ARM.Collect$$libshutdown$$0000000C)
    .ARM.Collect$$libshutdown$$0000000F      0x00000142   Section        0  libshutdown2.o(.ARM.Collect$$libshutdown$$0000000F)
    .ARM.Collect$$libshutdown$$00000010      0x00000142   Section        2  libshutdown2.o(.ARM.Collect$$libshutdown$$00000010)
    .ARM.Collect$$rtentry$$00000000          0x00000144   Section        0  __rtentry.o(.ARM.Collect$$rtentry$$00000000)
    .ARM.Collect$$rtentry$$00000002          0x00000144   Section        0  __rtentry2.o(.ARM.Collect$$rtentry$$00000002)
    .ARM.Collect$$rtentry$$00000004          0x00000144   Section        6  __rtentry4.o(.ARM.Collect$$rtentry$$00000004)
    .ARM.Collect$$rtentry$$00000009          0x0000014a   Section        0  __rtentry2.o(.ARM.Collect$$rtentry$$00000009)
    .ARM.Collect$$rtentry$$0000000A          0x0000014a   Section        4  __rtentry2.o(.ARM.Collect$$rtentry$$0000000A)
    .ARM.Collect$$rtentry$$0000000C          0x0000014e   Section        0  __rtentry2.o(.ARM.Collect$$rtentry$$0000000C)
    .ARM.Collect$$rtentry$$0000000D          0x0000014e   Section        8  __rtentry2.o(.ARM.Collect$$rtentry$$0000000D)
    .ARM.Collect$$rtexit$$00000000           0x00000156   Section        2  rtexit.o(.ARM.Collect$$rtexit$$00000000)
    .ARM.Collect$$rtexit$$00000002           0x00000158   Section        0  rtexit2.o(.ARM.Collect$$rtexit$$00000002)
    .ARM.Collect$$rtexit$$00000003           0x00000158   Section        4  rtexit2.o(.ARM.Collect$$rtexit$$00000003)
    .ARM.Collect$$rtexit$$00000004           0x0000015c   Section        6  rtexit2.o(.ARM.Collect$$rtexit$$00000004)
    .text                                    0x00000164   Section       88  startup_hc32l110.o(.text)
    .text                                    0x000001bc   Section        2  use_no_semi_2.o(.text)
    .text                                    0x000001be   Section      346  aeabi_sdiv.o(.text)
    .text                                    0x00000318   Section        0  heapauxi.o(.text)
    .text                                    0x0000031e   Section        2  use_no_semi.o(.text)
    .text                                    0x00000320   Section       62  sys_stackheap_outer.o(.text)
    .text                                    0x0000035e   Section        0  exit.o(.text)
    .text                                    0x00000370   Section        8  libspace.o(.text)
    i.ClkUnlock                              0x00000378   Section        0  clk.o(i.ClkUnlock)
    ClkUnlock                                0x00000379   Thumb Code    12  clk.o(i.ClkUnlock)
    i.ClkWriteDummy                          0x00000390   Section        0  clk.o(i.ClkWriteDummy)
    ClkWriteDummy                            0x00000391   Thumb Code    16  clk.o(i.ClkWriteDummy)
    i.Clk_Enable                             0x000003a4   Section        0  clk.o(i.Clk_Enable)
    i.Clk_GetClkRdy                          0x000004d4   Section        0  clk.o(i.Clk_GetClkRdy)
    i.Clk_GetHClkFreq                        0x0000051c   Section        0  clk.o(i.Clk_GetHClkFreq)
    i.Clk_SetPeripheralGate                  0x000005cc   Section        0  clk.o(i.Clk_SetPeripheralGate)
    i.Clk_SetRCHFreq                         0x00000608   Section        0  clk.o(i.Clk_SetRCHFreq)
    i.Clk_SetRCL_StableTime                  0x000006a8   Section        0  clk.o(i.Clk_SetRCL_StableTime)
    i.Clk_SetSource                          0x00000718   Section        0  clk.o(i.Clk_SetSource)
    i.Clk_SetXTH_StableTime                  0x00000764   Section        0  clk.o(i.Clk_SetXTH_StableTime)
    i.Clk_SetXTL_StableTime                  0x000007c4   Section        0  clk.o(i.Clk_SetXTL_StableTime)
    i.Clk_SwitchTo                           0x00000824   Section        0  clk.o(i.Clk_SwitchTo)
    i.Clk_SysTickConfig                      0x000008d0   Section        0  clk.o(i.Clk_SysTickConfig)
    i.Gpio_InitIOExt                         0x00000994   Section        0  gpio.o(i.Gpio_InitIOExt)
    i.Gpio_SetAnalog                         0x00000afc   Section        0  gpio.o(i.Gpio_SetAnalog)
    i.Gpio_SetIO                             0x00000b3c   Section        0  gpio.o(i.Gpio_SetIO)
    i.HardFault_Handler                      0x00000b84   Section        0  interrupts_hc32l110.o(i.HardFault_Handler)
    i.IRQ000_Handler                         0x00000b94   Section        0  interrupts_hc32l110.o(i.IRQ000_Handler)
    i.IRQ001_Handler                         0x00000b9e   Section        0  interrupts_hc32l110.o(i.IRQ001_Handler)
    i.IRQ002_Handler                         0x00000ba8   Section        0  interrupts_hc32l110.o(i.IRQ002_Handler)
    i.IRQ003_Handler                         0x00000bb2   Section        0  interrupts_hc32l110.o(i.IRQ003_Handler)
    i.IRQ006_Handler                         0x00000bbc   Section        0  interrupts_hc32l110.o(i.IRQ006_Handler)
    i.IRQ007_Handler                         0x00000bc6   Section        0  interrupts_hc32l110.o(i.IRQ007_Handler)
    i.IRQ008_Handler                         0x00000bd0   Section        0  interrupts_hc32l110.o(i.IRQ008_Handler)
    i.IRQ010_Handler                         0x00000bda   Section        0  interrupts_hc32l110.o(i.IRQ010_Handler)
    i.IRQ012_Handler                         0x00000be4   Section        0  interrupts_hc32l110.o(i.IRQ012_Handler)
    i.IRQ014_Handler                         0x00000bee   Section        0  interrupts_hc32l110.o(i.IRQ014_Handler)
    i.IRQ015_Handler                         0x00000bf8   Section        0  interrupts_hc32l110.o(i.IRQ015_Handler)
    i.IRQ016_Handler                         0x00000c02   Section        0  interrupts_hc32l110.o(i.IRQ016_Handler)
    i.IRQ017_Handler                         0x00000c0c   Section        0  interrupts_hc32l110.o(i.IRQ017_Handler)
    i.IRQ018_Handler                         0x00000c16   Section        0  interrupts_hc32l110.o(i.IRQ018_Handler)
    i.IRQ019_Handler                         0x00000c20   Section        0  interrupts_hc32l110.o(i.IRQ019_Handler)
    i.IRQ020_Handler                         0x00000c2a   Section        0  interrupts_hc32l110.o(i.IRQ020_Handler)
    i.IRQ021_Handler                         0x00000c34   Section        0  interrupts_hc32l110.o(i.IRQ021_Handler)
    i.IRQ022_Handler                         0x00000c3e   Section        0  interrupts_hc32l110.o(i.IRQ022_Handler)
    i.IRQ023_Handler                         0x00000c48   Section        0  interrupts_hc32l110.o(i.IRQ023_Handler)
    i.IRQ024_Handler                         0x00000c52   Section        0  interrupts_hc32l110.o(i.IRQ024_Handler)
    i.IRQ026_Handler                         0x00000c5c   Section        0  interrupts_hc32l110.o(i.IRQ026_Handler)
    i.IRQ027_Handler                         0x00000c66   Section        0  interrupts_hc32l110.o(i.IRQ027_Handler)
    i.IRQ028_Handler                         0x00000c70   Section        0  interrupts_hc32l110.o(i.IRQ028_Handler)
    i.IRQ030_Handler                         0x00000c7a   Section        0  interrupts_hc32l110.o(i.IRQ030_Handler)
    i.IRQ031_Handler                         0x00000c84   Section        0  interrupts_hc32l110.o(i.IRQ031_Handler)
    i.Led_Port_Init                          0x00000c8e   Section        0  main.o(i.Led_Port_Init)
    i.Motor_Port_Init                        0x00000cec   Section        0  main.o(i.Motor_Port_Init)
    i.SystemCoreClockUpdate                  0x00000d78   Section        0  system_hc32l110.o(i.SystemCoreClockUpdate)
    i.SystemInit                             0x00000d88   Section        0  system_hc32l110.o(i.SystemInit)
    i._HidePinInit                           0x00000dc0   Section        0  system_hc32l110.o(i._HidePinInit)
    _HidePinInit                             0x00000dc1   Thumb Code     2  system_hc32l110.o(i._HidePinInit)
    i.__ARM_common_switch8                   0x00000dc2   Section        0  clk.o(i.__ARM_common_switch8)
    i.__NVIC_SetPriority                     0x00000de0   Section        0  clk.o(i.__NVIC_SetPriority)
    __NVIC_SetPriority                       0x00000de1   Thumb Code   110  clk.o(i.__NVIC_SetPriority)
    i._sys_exit                              0x00000e58   Section        0  ddl.o(i._sys_exit)
    i.ddl_memclr                             0x00000e5c   Section        0  ddl.o(i.ddl_memclr)
    i.delay1ms                               0x00000e7c   Section        0  ddl.o(i.delay1ms)
    i.main                                   0x00000eb8   Section        0  main.o(i.main)
    .constdata                               0x00000fac   Section        8  clk.o(.constdata)
    .data                                    0x20000000   Section        4  system_hc32l110.o(.data)
    .bss                                     0x20000004   Section       96  libspace.o(.bss)
    HEAP                                     0x20000068   Section      256  startup_hc32l110.o(HEAP)
    Heap_Mem                                 0x20000068   Data         256  startup_hc32l110.o(HEAP)
    STACK                                    0x20000168   Section      256  startup_hc32l110.o(STACK)
    Stack_Mem                                0x20000168   Data         256  startup_hc32l110.o(STACK)
    __initial_sp                             0x20000268   Data           0  startup_hc32l110.o(STACK)

    Global Symbols

    Symbol Name                              Value     Ov Type        Size  Object(Section)

    BuildAttributes$$THM_ISAv3M$S$PE$A:L22$X:L11$S22$IEEE1$IW$USESV6$~STKCKD$USESV7$~SHL$OSPACE$ROPI$EBA8$UX$STANDARDLIB$REQ8$PRES8$EABIv2 0x00000000   Number         0  anon$$obj.o ABSOLUTE
    __ARM_use_no_argv                        0x00000000   Number         0  main.o ABSOLUTE
    __Vectors                                0x00000000   Data           4  startup_hc32l110.o(RESET)
    Adc_IRQHandler                            - Undefined Weak Reference
    Adt_IRQHandler                            - Undefined Weak Reference
    ClkTrim_IRQHandler                        - Undefined Weak Reference
    EfRam_IRQHandler                          - Undefined Weak Reference
    Gpio_IRQHandler                           - Undefined Weak Reference
    I2c_IRQHandler                            - Undefined Weak Reference
    LpTim_IRQHandler                          - Undefined Weak Reference
    LpUart_IRQHandler                         - Undefined Weak Reference
    Lvd_IRQHandler                            - Undefined Weak Reference
    Pca_IRQHandler                            - Undefined Weak Reference
    Rtc_IRQHandler                            - Undefined Weak Reference
    Spi_IRQHandler                            - Undefined Weak Reference
    Tim_IRQHandler                            - Undefined Weak Reference
    Uart_IRQHandler                           - Undefined Weak Reference
    Vc_IRQHandler                             - Undefined Weak Reference
    Wdt_IRQHandler                            - Undefined Weak Reference
    __ARM_exceptions_init                     - Undefined Weak Reference
    __alloca_initialize                       - Undefined Weak Reference
    __arm_preinit_                            - Undefined Weak Reference
    __cpp_initialize__aeabi_                  - Undefined Weak Reference
    __cxa_finalize                            - Undefined Weak Reference
    __rt_locale                               - Undefined Weak Reference
    __sigvec_lookup                           - Undefined Weak Reference
    _atexit_init                              - Undefined Weak Reference
    _call_atexit_fns                          - Undefined Weak Reference
    _clock_init                               - Undefined Weak Reference
    _fp_trap_init                             - Undefined Weak Reference
    _fp_trap_shutdown                         - Undefined Weak Reference
    _get_lc_collate                           - Undefined Weak Reference
    _get_lc_ctype                             - Undefined Weak Reference
    _get_lc_monetary                          - Undefined Weak Reference
    _get_lc_numeric                           - Undefined Weak Reference
    _get_lc_time                              - Undefined Weak Reference
    _getenv_init                              - Undefined Weak Reference
    _handle_redirection                       - Undefined Weak Reference
    _init_alloc                               - Undefined Weak Reference
    _init_user_alloc                          - Undefined Weak Reference
    _initio                                   - Undefined Weak Reference
    _rand_init                                - Undefined Weak Reference
    _signal_finish                            - Undefined Weak Reference
    _signal_init                              - Undefined Weak Reference
    _terminate_alloc                          - Undefined Weak Reference
    _terminate_user_alloc                     - Undefined Weak Reference
    _terminateio                              - Undefined Weak Reference
    __Vectors_End                            0x000000c0   Data           0  startup_hc32l110.o(RESET)
    __Vectors_Size                           0x000000c0   Number         0  startup_hc32l110.o ABSOLUTE
    __main                                   0x000000c1   Thumb Code     8  __main.o(!!!main)
    __scatterload                            0x000000c9   Thumb Code     0  __scatter.o(!!!scatter)
    __scatterload_rt2                        0x000000c9   Thumb Code    52  __scatter.o(!!!scatter)
    __scatterload_rt2_thumb_only             0x000000c9   Thumb Code     0  __scatter.o(!!!scatter)
    __scatterload_null                       0x000000d9   Thumb Code     0  __scatter.o(!!!scatter)
    __scatterload_copy                       0x00000105   Thumb Code    26  __scatter_copy.o(!!handler_copy)
    __scatterload_zeroinit                   0x00000121   Thumb Code    28  __scatter_zi.o(!!handler_zi)
    __rt_lib_init                            0x0000013d   Thumb Code     0  libinit.o(.ARM.Collect$$libinit$$00000000)
    __rt_lib_init_alloca_1                   0x0000013f   Thumb Code     0  libinit2.o(.ARM.Collect$$libinit$$0000002E)
    __rt_lib_init_argv_1                     0x0000013f   Thumb Code     0  libinit2.o(.ARM.Collect$$libinit$$0000002C)
    __rt_lib_init_atexit_1                   0x0000013f   Thumb Code     0  libinit2.o(.ARM.Collect$$libinit$$0000001B)
    __rt_lib_init_clock_1                    0x0000013f   Thumb Code     0  libinit2.o(.ARM.Collect$$libinit$$00000021)
    __rt_lib_init_cpp_1                      0x0000013f   Thumb Code     0  libinit2.o(.ARM.Collect$$libinit$$00000032)
    __rt_lib_init_exceptions_1               0x0000013f   Thumb Code     0  libinit2.o(.ARM.Collect$$libinit$$00000030)
    __rt_lib_init_fp_1                       0x0000013f   Thumb Code     0  libinit2.o(.ARM.Collect$$libinit$$00000002)
    __rt_lib_init_fp_trap_1                  0x0000013f   Thumb Code     0  libinit2.o(.ARM.Collect$$libinit$$0000001F)
    __rt_lib_init_getenv_1                   0x0000013f   Thumb Code     0  libinit2.o(.ARM.Collect$$libinit$$00000023)
    __rt_lib_init_heap_1                     0x0000013f   Thumb Code     0  libinit2.o(.ARM.Collect$$libinit$$0000000A)
    __rt_lib_init_lc_collate_1               0x0000013f   Thumb Code     0  libinit2.o(.ARM.Collect$$libinit$$00000011)
    __rt_lib_init_lc_ctype_1                 0x0000013f   Thumb Code     0  libinit2.o(.ARM.Collect$$libinit$$00000013)
    __rt_lib_init_lc_monetary_1              0x0000013f   Thumb Code     0  libinit2.o(.ARM.Collect$$libinit$$00000015)
    __rt_lib_init_lc_numeric_1               0x0000013f   Thumb Code     0  libinit2.o(.ARM.Collect$$libinit$$00000017)
    __rt_lib_init_lc_time_1                  0x0000013f   Thumb Code     0  libinit2.o(.ARM.Collect$$libinit$$00000019)
    __rt_lib_init_preinit_1                  0x0000013f   Thumb Code     0  libinit2.o(.ARM.Collect$$libinit$$00000004)
    __rt_lib_init_rand_1                     0x0000013f   Thumb Code     0  libinit2.o(.ARM.Collect$$libinit$$0000000E)
    __rt_lib_init_return                     0x0000013f   Thumb Code     0  libinit2.o(.ARM.Collect$$libinit$$00000033)
    __rt_lib_init_signal_1                   0x0000013f   Thumb Code     0  libinit2.o(.ARM.Collect$$libinit$$0000001D)
    __rt_lib_init_stdio_1                    0x0000013f   Thumb Code     0  libinit2.o(.ARM.Collect$$libinit$$00000025)
    __rt_lib_init_user_alloc_1               0x0000013f   Thumb Code     0  libinit2.o(.ARM.Collect$$libinit$$0000000C)
    __rt_lib_shutdown                        0x00000141   Thumb Code     0  libshutdown.o(.ARM.Collect$$libshutdown$$00000000)
    __rt_lib_shutdown_cpp_1                  0x00000143   Thumb Code     0  libshutdown2.o(.ARM.Collect$$libshutdown$$00000002)
    __rt_lib_shutdown_fp_trap_1              0x00000143   Thumb Code     0  libshutdown2.o(.ARM.Collect$$libshutdown$$00000007)
    __rt_lib_shutdown_heap_1                 0x00000143   Thumb Code     0  libshutdown2.o(.ARM.Collect$$libshutdown$$0000000F)
    __rt_lib_shutdown_return                 0x00000143   Thumb Code     0  libshutdown2.o(.ARM.Collect$$libshutdown$$00000010)
    __rt_lib_shutdown_signal_1               0x00000143   Thumb Code     0  libshutdown2.o(.ARM.Collect$$libshutdown$$0000000A)
    __rt_lib_shutdown_stdio_1                0x00000143   Thumb Code     0  libshutdown2.o(.ARM.Collect$$libshutdown$$00000004)
    __rt_lib_shutdown_user_alloc_1           0x00000143   Thumb Code     0  libshutdown2.o(.ARM.Collect$$libshutdown$$0000000C)
    __rt_entry                               0x00000145   Thumb Code     0  __rtentry.o(.ARM.Collect$$rtentry$$00000000)
    __rt_entry_presh_1                       0x00000145   Thumb Code     0  __rtentry2.o(.ARM.Collect$$rtentry$$00000002)
    __rt_entry_sh                            0x00000145   Thumb Code     0  __rtentry4.o(.ARM.Collect$$rtentry$$00000004)
    __rt_entry_li                            0x0000014b   Thumb Code     0  __rtentry2.o(.ARM.Collect$$rtentry$$0000000A)
    __rt_entry_postsh_1                      0x0000014b   Thumb Code     0  __rtentry2.o(.ARM.Collect$$rtentry$$00000009)
    __rt_entry_main                          0x0000014f   Thumb Code     0  __rtentry2.o(.ARM.Collect$$rtentry$$0000000D)
    __rt_entry_postli_1                      0x0000014f   Thumb Code     0  __rtentry2.o(.ARM.Collect$$rtentry$$0000000C)
    __rt_exit                                0x00000157   Thumb Code     0  rtexit.o(.ARM.Collect$$rtexit$$00000000)
    __rt_exit_ls                             0x00000159   Thumb Code     0  rtexit2.o(.ARM.Collect$$rtexit$$00000003)
    __rt_exit_prels_1                        0x00000159   Thumb Code     0  rtexit2.o(.ARM.Collect$$rtexit$$00000002)
    __rt_exit_exit                           0x0000015d   Thumb Code     0  rtexit2.o(.ARM.Collect$$rtexit$$00000004)
    Reset_Handler                            0x00000165   Thumb Code    26  startup_hc32l110.o(.text)
    NMI_Handler                              0x0000017f   Thumb Code     2  startup_hc32l110.o(.text)
    SVC_Handler                              0x00000183   Thumb Code     2  startup_hc32l110.o(.text)
    PendSV_Handler                           0x00000185   Thumb Code     2  startup_hc32l110.o(.text)
    SysTick_Handler                          0x00000187   Thumb Code     2  startup_hc32l110.o(.text)
    IRQ004_Handler                           0x00000189   Thumb Code     0  startup_hc32l110.o(.text)
    IRQ005_Handler                           0x00000189   Thumb Code     0  startup_hc32l110.o(.text)
    IRQ009_Handler                           0x00000189   Thumb Code     0  startup_hc32l110.o(.text)
    IRQ011_Handler                           0x00000189   Thumb Code     0  startup_hc32l110.o(.text)
    IRQ013_Handler                           0x00000189   Thumb Code     0  startup_hc32l110.o(.text)
    IRQ025_Handler                           0x00000189   Thumb Code     0  startup_hc32l110.o(.text)
    IRQ029_Handler                           0x00000189   Thumb Code     0  startup_hc32l110.o(.text)
    __user_initial_stackheap                 0x0000018d   Thumb Code     0  startup_hc32l110.o(.text)
    __use_no_semihosting                     0x000001bd   Thumb Code     2  use_no_semi_2.o(.text)
    __aeabi_uidiv                            0x000001bf   Thumb Code     0  aeabi_sdiv.o(.text)
    __aeabi_uidivmod                         0x000001bf   Thumb Code    20  aeabi_sdiv.o(.text)
    __aeabi_idiv                             0x000001d3   Thumb Code     0  aeabi_sdiv.o(.text)
    __aeabi_idivmod                          0x000001d3   Thumb Code   326  aeabi_sdiv.o(.text)
    __use_two_region_memory                  0x00000319   Thumb Code     2  heapauxi.o(.text)
    __rt_heap_escrow$2region                 0x0000031b   Thumb Code     2  heapauxi.o(.text)
    __rt_heap_expand$2region                 0x0000031d   Thumb Code     2  heapauxi.o(.text)
    __I$use$semihosting                      0x0000031f   Thumb Code     0  use_no_semi.o(.text)
    __use_no_semihosting_swi                 0x0000031f   Thumb Code     2  use_no_semi.o(.text)
    __user_setup_stackheap                   0x00000321   Thumb Code    62  sys_stackheap_outer.o(.text)
    exit                                     0x0000035f   Thumb Code    16  exit.o(.text)
    __user_libspace                          0x00000371   Thumb Code     8  libspace.o(.text)
    __user_perproc_libspace                  0x00000371   Thumb Code     0  libspace.o(.text)
    __user_perthread_libspace                0x00000371   Thumb Code     0  libspace.o(.text)
    Clk_Enable                               0x000003a5   Thumb Code   296  clk.o(i.Clk_Enable)
    Clk_GetClkRdy                            0x000004d5   Thumb Code    68  clk.o(i.Clk_GetClkRdy)
    Clk_GetHClkFreq                          0x0000051d   Thumb Code   144  clk.o(i.Clk_GetHClkFreq)
    Clk_SetPeripheralGate                    0x000005cd   Thumb Code    54  clk.o(i.Clk_SetPeripheralGate)
    Clk_SetRCHFreq                           0x00000609   Thumb Code   150  clk.o(i.Clk_SetRCHFreq)
    Clk_SetRCL_StableTime                    0x000006a9   Thumb Code   108  clk.o(i.Clk_SetRCL_StableTime)
    Clk_SetSource                            0x00000719   Thumb Code    70  clk.o(i.Clk_SetSource)
    Clk_SetXTH_StableTime                    0x00000765   Thumb Code    92  clk.o(i.Clk_SetXTH_StableTime)
    Clk_SetXTL_StableTime                    0x000007c5   Thumb Code    92  clk.o(i.Clk_SetXTL_StableTime)
    Clk_SwitchTo                             0x00000825   Thumb Code   156  clk.o(i.Clk_SwitchTo)
    Clk_SysTickConfig                        0x000008d1   Thumb Code   188  clk.o(i.Clk_SysTickConfig)
    Gpio_InitIOExt                           0x00000995   Thumb Code   350  gpio.o(i.Gpio_InitIOExt)
    Gpio_SetAnalog                           0x00000afd   Thumb Code    58  gpio.o(i.Gpio_SetAnalog)
    Gpio_SetIO                               0x00000b3d   Thumb Code    66  gpio.o(i.Gpio_SetIO)
    HardFault_Handler                        0x00000b85   Thumb Code    16  interrupts_hc32l110.o(i.HardFault_Handler)
    IRQ000_Handler                           0x00000b95   Thumb Code    10  interrupts_hc32l110.o(i.IRQ000_Handler)
    IRQ001_Handler                           0x00000b9f   Thumb Code    10  interrupts_hc32l110.o(i.IRQ001_Handler)
    IRQ002_Handler                           0x00000ba9   Thumb Code    10  interrupts_hc32l110.o(i.IRQ002_Handler)
    IRQ003_Handler                           0x00000bb3   Thumb Code    10  interrupts_hc32l110.o(i.IRQ003_Handler)
    IRQ006_Handler                           0x00000bbd   Thumb Code    10  interrupts_hc32l110.o(i.IRQ006_Handler)
    IRQ007_Handler                           0x00000bc7   Thumb Code    10  interrupts_hc32l110.o(i.IRQ007_Handler)
    IRQ008_Handler                           0x00000bd1   Thumb Code    10  interrupts_hc32l110.o(i.IRQ008_Handler)
    IRQ010_Handler                           0x00000bdb   Thumb Code    10  interrupts_hc32l110.o(i.IRQ010_Handler)
    IRQ012_Handler                           0x00000be5   Thumb Code    10  interrupts_hc32l110.o(i.IRQ012_Handler)
    IRQ014_Handler                           0x00000bef   Thumb Code    10  interrupts_hc32l110.o(i.IRQ014_Handler)
    IRQ015_Handler                           0x00000bf9   Thumb Code    10  interrupts_hc32l110.o(i.IRQ015_Handler)
    IRQ016_Handler                           0x00000c03   Thumb Code    10  interrupts_hc32l110.o(i.IRQ016_Handler)
    IRQ017_Handler                           0x00000c0d   Thumb Code    10  interrupts_hc32l110.o(i.IRQ017_Handler)
    IRQ018_Handler                           0x00000c17   Thumb Code    10  interrupts_hc32l110.o(i.IRQ018_Handler)
    IRQ019_Handler                           0x00000c21   Thumb Code    10  interrupts_hc32l110.o(i.IRQ019_Handler)
    IRQ020_Handler                           0x00000c2b   Thumb Code    10  interrupts_hc32l110.o(i.IRQ020_Handler)
    IRQ021_Handler                           0x00000c35   Thumb Code    10  interrupts_hc32l110.o(i.IRQ021_Handler)
    IRQ022_Handler                           0x00000c3f   Thumb Code    10  interrupts_hc32l110.o(i.IRQ022_Handler)
    IRQ023_Handler                           0x00000c49   Thumb Code    10  interrupts_hc32l110.o(i.IRQ023_Handler)
    IRQ024_Handler                           0x00000c53   Thumb Code    10  interrupts_hc32l110.o(i.IRQ024_Handler)
    IRQ026_Handler                           0x00000c5d   Thumb Code    10  interrupts_hc32l110.o(i.IRQ026_Handler)
    IRQ027_Handler                           0x00000c67   Thumb Code    10  interrupts_hc32l110.o(i.IRQ027_Handler)
    IRQ028_Handler                           0x00000c71   Thumb Code    10  interrupts_hc32l110.o(i.IRQ028_Handler)
    IRQ030_Handler                           0x00000c7b   Thumb Code    10  interrupts_hc32l110.o(i.IRQ030_Handler)
    IRQ031_Handler                           0x00000c85   Thumb Code    10  interrupts_hc32l110.o(i.IRQ031_Handler)
    Led_Port_Init                            0x00000c8f   Thumb Code    94  main.o(i.Led_Port_Init)
    Motor_Port_Init                          0x00000ced   Thumb Code   140  main.o(i.Motor_Port_Init)
    SystemCoreClockUpdate                    0x00000d79   Thumb Code    12  system_hc32l110.o(i.SystemCoreClockUpdate)
    SystemInit                               0x00000d89   Thumb Code    50  system_hc32l110.o(i.SystemInit)
    __ARM_common_switch8                     0x00000dc3   Thumb Code    28  clk.o(i.__ARM_common_switch8)
    _sys_exit                                0x00000e59   Thumb Code     4  ddl.o(i._sys_exit)
    ddl_memclr                               0x00000e5d   Thumb Code    32  ddl.o(i.ddl_memclr)
    delay1ms                                 0x00000e7d   Thumb Code    50  ddl.o(i.delay1ms)
    main                                     0x00000eb9   Thumb Code   242  main.o(i.main)
    Region$$Table$$Base                      0x00000fb4   Number         0  anon$$obj.o(Region$$Table)
    Region$$Table$$Limit                     0x00000fd4   Number         0  anon$$obj.o(Region$$Table)
    SystemCoreClock                          0x20000000   Data           4  system_hc32l110.o(.data)
    __libspace_start                         0x20000004   Data          96  libspace.o(.bss)
    __temporary_stack_top$libspace           0x20000064   Data           0  libspace.o(.bss)



==============================================================================

Memory Map of the image

  Image Entry point : 0x000000c1

  Load Region LR_IROM1 (Base: 0x00000000, Size: 0x00000fd8, Max: 0x00008000, ABSOLUTE)

    Execution Region ER_IROM1 (Exec base: 0x00000000, Load base: 0x00000000, Size: 0x00000fd4, Max: 0x00008000, ABSOLUTE)

    Exec Addr    Load Addr    Size         Type   Attr      Idx    E Section Name        Object

    0x00000000   0x00000000   0x000000c0   Data   RO            3    RESET               startup_hc32l110.o
    0x000000c0   0x000000c0   0x00000008   Code   RO          725  * !!!main             c_p.l(__main.o)
    0x000000c8   0x000000c8   0x0000003c   Code   RO          890    !!!scatter          c_p.l(__scatter.o)
    0x00000104   0x00000104   0x0000001a   Code   RO          892    !!handler_copy      c_p.l(__scatter_copy.o)
    0x0000011e   0x0000011e   0x00000002   PAD
    0x00000120   0x00000120   0x0000001c   Code   RO          894    !!handler_zi        c_p.l(__scatter_zi.o)
    0x0000013c   0x0000013c   0x00000002   Code   RO          765    .ARM.Collect$$libinit$$00000000  c_p.l(libinit.o)
    0x0000013e   0x0000013e   0x00000000   Code   RO          779    .ARM.Collect$$libinit$$00000002  c_p.l(libinit2.o)
    0x0000013e   0x0000013e   0x00000000   Code   RO          781    .ARM.Collect$$libinit$$00000004  c_p.l(libinit2.o)
    0x0000013e   0x0000013e   0x00000000   Code   RO          784    .ARM.Collect$$libinit$$0000000A  c_p.l(libinit2.o)
    0x0000013e   0x0000013e   0x00000000   Code   RO          786    .ARM.Collect$$libinit$$0000000C  c_p.l(libinit2.o)
    0x0000013e   0x0000013e   0x00000000   Code   RO          788    .ARM.Collect$$libinit$$0000000E  c_p.l(libinit2.o)
    0x0000013e   0x0000013e   0x00000000   Code   RO          791    .ARM.Collect$$libinit$$00000011  c_p.l(libinit2.o)
    0x0000013e   0x0000013e   0x00000000   Code   RO          793    .ARM.Collect$$libinit$$00000013  c_p.l(libinit2.o)
    0x0000013e   0x0000013e   0x00000000   Code   RO          795    .ARM.Collect$$libinit$$00000015  c_p.l(libinit2.o)
    0x0000013e   0x0000013e   0x00000000   Code   RO          797    .ARM.Collect$$libinit$$00000017  c_p.l(libinit2.o)
    0x0000013e   0x0000013e   0x00000000   Code   RO          799    .ARM.Collect$$libinit$$00000019  c_p.l(libinit2.o)
    0x0000013e   0x0000013e   0x00000000   Code   RO          801    .ARM.Collect$$libinit$$0000001B  c_p.l(libinit2.o)
    0x0000013e   0x0000013e   0x00000000   Code   RO          803    .ARM.Collect$$libinit$$0000001D  c_p.l(libinit2.o)
    0x0000013e   0x0000013e   0x00000000   Code   RO          805    .ARM.Collect$$libinit$$0000001F  c_p.l(libinit2.o)
    0x0000013e   0x0000013e   0x00000000   Code   RO          807    .ARM.Collect$$libinit$$00000021  c_p.l(libinit2.o)
    0x0000013e   0x0000013e   0x00000000   Code   RO          809    .ARM.Collect$$libinit$$00000023  c_p.l(libinit2.o)
    0x0000013e   0x0000013e   0x00000000   Code   RO          811    .ARM.Collect$$libinit$$00000025  c_p.l(libinit2.o)
    0x0000013e   0x0000013e   0x00000000   Code   RO          815    .ARM.Collect$$libinit$$0000002C  c_p.l(libinit2.o)
    0x0000013e   0x0000013e   0x00000000   Code   RO          817    .ARM.Collect$$libinit$$0000002E  c_p.l(libinit2.o)
    0x0000013e   0x0000013e   0x00000000   Code   RO          819    .ARM.Collect$$libinit$$00000030  c_p.l(libinit2.o)
    0x0000013e   0x0000013e   0x00000000   Code   RO          821    .ARM.Collect$$libinit$$00000032  c_p.l(libinit2.o)
    0x0000013e   0x0000013e   0x00000002   Code   RO          822    .ARM.Collect$$libinit$$00000033  c_p.l(libinit2.o)
    0x00000140   0x00000140   0x00000002   Code   RO          846    .ARM.Collect$$libshutdown$$00000000  c_p.l(libshutdown.o)
    0x00000142   0x00000142   0x00000000   Code   RO          872    .ARM.Collect$$libshutdown$$00000002  c_p.l(libshutdown2.o)
    0x00000142   0x00000142   0x00000000   Code   RO          874    .ARM.Collect$$libshutdown$$00000004  c_p.l(libshutdown2.o)
    0x00000142   0x00000142   0x00000000   Code   RO          877    .ARM.Collect$$libshutdown$$00000007  c_p.l(libshutdown2.o)
    0x00000142   0x00000142   0x00000000   Code   RO          880    .ARM.Collect$$libshutdown$$0000000A  c_p.l(libshutdown2.o)
    0x00000142   0x00000142   0x00000000   Code   RO          882    .ARM.Collect$$libshutdown$$0000000C  c_p.l(libshutdown2.o)
    0x00000142   0x00000142   0x00000000   Code   RO          885    .ARM.Collect$$libshutdown$$0000000F  c_p.l(libshutdown2.o)
    0x00000142   0x00000142   0x00000002   Code   RO          886    .ARM.Collect$$libshutdown$$00000010  c_p.l(libshutdown2.o)
    0x00000144   0x00000144   0x00000000   Code   RO          729    .ARM.Collect$$rtentry$$00000000  c_p.l(__rtentry.o)
    0x00000144   0x00000144   0x00000000   Code   RO          735    .ARM.Collect$$rtentry$$00000002  c_p.l(__rtentry2.o)
    0x00000144   0x00000144   0x00000006   Code   RO          747    .ARM.Collect$$rtentry$$00000004  c_p.l(__rtentry4.o)
    0x0000014a   0x0000014a   0x00000000   Code   RO          737    .ARM.Collect$$rtentry$$00000009  c_p.l(__rtentry2.o)
    0x0000014a   0x0000014a   0x00000004   Code   RO          738    .ARM.Collect$$rtentry$$0000000A  c_p.l(__rtentry2.o)
    0x0000014e   0x0000014e   0x00000000   Code   RO          740    .ARM.Collect$$rtentry$$0000000C  c_p.l(__rtentry2.o)
    0x0000014e   0x0000014e   0x00000008   Code   RO          741    .ARM.Collect$$rtentry$$0000000D  c_p.l(__rtentry2.o)
    0x00000156   0x00000156   0x00000002   Code   RO          770    .ARM.Collect$$rtexit$$00000000  c_p.l(rtexit.o)
    0x00000158   0x00000158   0x00000000   Code   RO          824    .ARM.Collect$$rtexit$$00000002  c_p.l(rtexit2.o)
    0x00000158   0x00000158   0x00000004   Code   RO          825    .ARM.Collect$$rtexit$$00000003  c_p.l(rtexit2.o)
    0x0000015c   0x0000015c   0x00000006   Code   RO          826    .ARM.Collect$$rtexit$$00000004  c_p.l(rtexit2.o)
    0x00000162   0x00000162   0x00000002   PAD
    0x00000164   0x00000164   0x00000058   Code   RO            4    .text               startup_hc32l110.o
    0x000001bc   0x000001bc   0x00000002   Code   RO          717    .text               c_p.l(use_no_semi_2.o)
    0x000001be   0x000001be   0x0000015a   Code   RO          719    .text               c_p.l(aeabi_sdiv.o)
    0x00000318   0x00000318   0x00000006   Code   RO          723    .text               c_p.l(heapauxi.o)
    0x0000031e   0x0000031e   0x00000002   Code   RO          727    .text               c_p.l(use_no_semi.o)
    0x00000320   0x00000320   0x0000003e   Code   RO          751    .text               c_p.l(sys_stackheap_outer.o)
    0x0000035e   0x0000035e   0x00000010   Code   RO          754    .text               c_p.l(exit.o)
    0x0000036e   0x0000036e   0x00000002   PAD
    0x00000370   0x00000370   0x00000008   Code   RO          766    .text               c_p.l(libspace.o)
    0x00000378   0x00000378   0x00000018   Code   RO          432    i.ClkUnlock         clk.o
    0x00000390   0x00000390   0x00000014   Code   RO          433    i.ClkWriteDummy     clk.o
    0x000003a4   0x000003a4   0x00000130   Code   RO          436    i.Clk_Enable        clk.o
    0x000004d4   0x000004d4   0x00000048   Code   RO          437    i.Clk_GetClkRdy     clk.o
    0x0000051c   0x0000051c   0x000000b0   Code   RO          438    i.Clk_GetHClkFreq   clk.o
    0x000005cc   0x000005cc   0x0000003c   Code   RO          445    i.Clk_SetPeripheralGate  clk.o
    0x00000608   0x00000608   0x000000a0   Code   RO          446    i.Clk_SetRCHFreq    clk.o
    0x000006a8   0x000006a8   0x00000070   Code   RO          448    i.Clk_SetRCL_StableTime  clk.o
    0x00000718   0x00000718   0x0000004c   Code   RO          450    i.Clk_SetSource     clk.o
    0x00000764   0x00000764   0x00000060   Code   RO          451    i.Clk_SetXTH_StableTime  clk.o
    0x000007c4   0x000007c4   0x00000060   Code   RO          453    i.Clk_SetXTL_StableTime  clk.o
    0x00000824   0x00000824   0x000000ac   Code   RO          454    i.Clk_SwitchTo      clk.o
    0x000008d0   0x000008d0   0x000000c4   Code   RO          455    i.Clk_SysTickConfig  clk.o
    0x00000994   0x00000994   0x00000168   Code   RO          621    i.Gpio_InitIOExt    gpio.o
    0x00000afc   0x00000afc   0x00000040   Code   RO          622    i.Gpio_SetAnalog    gpio.o
    0x00000b3c   0x00000b3c   0x00000048   Code   RO          625    i.Gpio_SetIO        gpio.o
    0x00000b84   0x00000b84   0x00000010   Code   RO          245    i.HardFault_Handler  interrupts_hc32l110.o
    0x00000b94   0x00000b94   0x0000000a   Code   RO          246    i.IRQ000_Handler    interrupts_hc32l110.o
    0x00000b9e   0x00000b9e   0x0000000a   Code   RO          247    i.IRQ001_Handler    interrupts_hc32l110.o
    0x00000ba8   0x00000ba8   0x0000000a   Code   RO          248    i.IRQ002_Handler    interrupts_hc32l110.o
    0x00000bb2   0x00000bb2   0x0000000a   Code   RO          249    i.IRQ003_Handler    interrupts_hc32l110.o
    0x00000bbc   0x00000bbc   0x0000000a   Code   RO          250    i.IRQ006_Handler    interrupts_hc32l110.o
    0x00000bc6   0x00000bc6   0x0000000a   Code   RO          251    i.IRQ007_Handler    interrupts_hc32l110.o
    0x00000bd0   0x00000bd0   0x0000000a   Code   RO          252    i.IRQ008_Handler    interrupts_hc32l110.o
    0x00000bda   0x00000bda   0x0000000a   Code   RO          253    i.IRQ010_Handler    interrupts_hc32l110.o
    0x00000be4   0x00000be4   0x0000000a   Code   RO          254    i.IRQ012_Handler    interrupts_hc32l110.o
    0x00000bee   0x00000bee   0x0000000a   Code   RO          255    i.IRQ014_Handler    interrupts_hc32l110.o
    0x00000bf8   0x00000bf8   0x0000000a   Code   RO          256    i.IRQ015_Handler    interrupts_hc32l110.o
    0x00000c02   0x00000c02   0x0000000a   Code   RO          257    i.IRQ016_Handler    interrupts_hc32l110.o
    0x00000c0c   0x00000c0c   0x0000000a   Code   RO          258    i.IRQ017_Handler    interrupts_hc32l110.o
    0x00000c16   0x00000c16   0x0000000a   Code   RO          259    i.IRQ018_Handler    interrupts_hc32l110.o
    0x00000c20   0x00000c20   0x0000000a   Code   RO          260    i.IRQ019_Handler    interrupts_hc32l110.o
    0x00000c2a   0x00000c2a   0x0000000a   Code   RO          261    i.IRQ020_Handler    interrupts_hc32l110.o
    0x00000c34   0x00000c34   0x0000000a   Code   RO          262    i.IRQ021_Handler    interrupts_hc32l110.o
    0x00000c3e   0x00000c3e   0x0000000a   Code   RO          263    i.IRQ022_Handler    interrupts_hc32l110.o
    0x00000c48   0x00000c48   0x0000000a   Code   RO          264    i.IRQ023_Handler    interrupts_hc32l110.o
    0x00000c52   0x00000c52   0x0000000a   Code   RO          265    i.IRQ024_Handler    interrupts_hc32l110.o
    0x00000c5c   0x00000c5c   0x0000000a   Code   RO          266    i.IRQ026_Handler    interrupts_hc32l110.o
    0x00000c66   0x00000c66   0x0000000a   Code   RO          267    i.IRQ027_Handler    interrupts_hc32l110.o
    0x00000c70   0x00000c70   0x0000000a   Code   RO          268    i.IRQ028_Handler    interrupts_hc32l110.o
    0x00000c7a   0x00000c7a   0x0000000a   Code   RO          269    i.IRQ030_Handler    interrupts_hc32l110.o
    0x00000c84   0x00000c84   0x0000000a   Code   RO          270    i.IRQ031_Handler    interrupts_hc32l110.o
    0x00000c8e   0x00000c8e   0x0000005e   Code   RO           99    i.Led_Port_Init     main.o
    0x00000cec   0x00000cec   0x0000008c   Code   RO          100    i.Motor_Port_Init   main.o
    0x00000d78   0x00000d78   0x00000010   Code   RO           12    i.SystemCoreClockUpdate  system_hc32l110.o
    0x00000d88   0x00000d88   0x00000038   Code   RO           13    i.SystemInit        system_hc32l110.o
    0x00000dc0   0x00000dc0   0x00000002   Code   RO           14    i._HidePinInit      system_hc32l110.o
    0x00000dc2   0x00000dc2   0x0000001c   Code   RO          601    i.__ARM_common_switch8  clk.o
    0x00000dde   0x00000dde   0x00000002   PAD
    0x00000de0   0x00000de0   0x00000078   Code   RO          458    i.__NVIC_SetPriority  clk.o
    0x00000e58   0x00000e58   0x00000004   Code   RO          162    i._sys_exit         ddl.o
    0x00000e5c   0x00000e5c   0x00000020   Code   RO          164    i.ddl_memclr        ddl.o
    0x00000e7c   0x00000e7c   0x0000003c   Code   RO          166    i.delay1ms          ddl.o
    0x00000eb8   0x00000eb8   0x000000f2   Code   RO          101    i.main              main.o
    0x00000faa   0x00000faa   0x00000002   PAD
    0x00000fac   0x00000fac   0x00000008   Data   RO          459    .constdata          clk.o
    0x00000fb4   0x00000fb4   0x00000020   Data   RO          888    Region$$Table       anon$$obj.o


    Execution Region RW_IRAM1 (Exec base: 0x20000000, Load base: 0x00000fd4, Size: 0x00000268, Max: 0x00001000, ABSOLUTE)

    Exec Addr    Load Addr    Size         Type   Attr      Idx    E Section Name        Object

    0x20000000   0x00000fd4   0x00000004   Data   RW           15    .data               system_hc32l110.o
    0x20000004        -       0x00000060   Zero   RW          767    .bss                c_p.l(libspace.o)
    0x20000064   0x00000fd8   0x00000004   PAD
    0x20000068        -       0x00000100   Zero   RW            2    HEAP                startup_hc32l110.o
    0x20000168        -       0x00000100   Zero   RW            1    STACK               startup_hc32l110.o


==============================================================================

Image component sizes


      Code (inc. data)   RO Data    RW Data    ZI Data      Debug   Object Name

      1712        136          8          0          0      16695   clk.o
        96         10          0          0          0       1908   ddl.o
       496         22          0          0          0       1927   gpio.o
       266          0          0          0          0      11709   interrupts_hc32l110.o
       476          0          0          0          0      44673   main.o
        88         40        192          0        512        640   startup_hc32l110.o
        74         10          0          4          0      25319   system_hc32l110.o

    ----------------------------------------------------------------------
      3212        218        232          4        512     102871   Object Totals
         0          0         32          0          0          0   (incl. Generated)
         4          0          0          0          0          0   (incl. Padding)

    ----------------------------------------------------------------------

      Code (inc. data)   RO Data    RW Data    ZI Data      Debug   Library Member Name

         8          0          0          0          0         68   __main.o
         0          0          0          0          0          0   __rtentry.o
        12          0          0          0          0          0   __rtentry2.o
         6          0          0          0          0          0   __rtentry4.o
        60          8          0          0          0          0   __scatter.o
        26          0          0          0          0          0   __scatter_copy.o
        28          0          0          0          0          0   __scatter_zi.o
       346          0          0          0          0         92   aeabi_sdiv.o
        16          0          0          0          0         68   exit.o
         6          0          0          0          0        136   heapauxi.o
         2          0          0          0          0          0   libinit.o
         2          0          0          0          0          0   libinit2.o
         2          0          0          0          0          0   libshutdown.o
         2          0          0          0          0          0   libshutdown2.o
         8          4          0          0         96         68   libspace.o
         2          0          0          0          0          0   rtexit.o
        10          0          0          0          0          0   rtexit2.o
        62          0          0          0          0         80   sys_stackheap_outer.o
         2          0          0          0          0         68   use_no_semi.o
         2          0          0          0          0         68   use_no_semi_2.o

    ----------------------------------------------------------------------
       608         12          0          0        100        648   Library Totals
         6          0          0          0          4          0   (incl. Padding)

    ----------------------------------------------------------------------

      Code (inc. data)   RO Data    RW Data    ZI Data      Debug   Library Name

       602         12          0          0         96        648   c_p.l

    ----------------------------------------------------------------------
       608         12          0          0        100        648   Library Totals

    ----------------------------------------------------------------------

==============================================================================


      Code (inc. data)   RO Data    RW Data    ZI Data      Debug   

      3820        230        232          4        612     101167   Grand Totals
      3820        230        232          4        612     101167   ELF Image Totals
      3820        230        232          4          0          0   ROM Totals

==============================================================================

    Total RO  Size (Code + RO Data)                 4052 (   3.96kB)
    Total RW  Size (RW Data + ZI Data)               616 (   0.60kB)
    Total ROM Size (Code + RO Data + RW Data)       4056 (   3.96kB)

==============================================================================

