Component: ARM Compiler 5.06 update 6 (build 750) Tool: armlink [4d35ed]

==============================================================================

Section Cross References

    startup_hc32l110.o(STACK) refers (Special) to heapauxi.o(.text) for __use_two_region_memory
    startup_hc32l110.o(HEAP) refers (Special) to heapauxi.o(.text) for __use_two_region_memory
    startup_hc32l110.o(RESET) refers (Special) to heapauxi.o(.text) for __use_two_region_memory
    startup_hc32l110.o(RESET) refers to startup_hc32l110.o(STACK) for __initial_sp
    startup_hc32l110.o(RESET) refers to startup_hc32l110.o(.text) for Reset_Handler
    startup_hc32l110.o(RESET) refers to interrupts_hc32l110.o(i.HardFault_Handler) for HardFault_Handler
    startup_hc32l110.o(RESET) refers to interrupts_hc32l110.o(i.IRQ000_Handler) for IRQ000_Handler
    startup_hc32l110.o(RESET) refers to interrupts_hc32l110.o(i.IRQ001_Handler) for IRQ001_Handler
    startup_hc32l110.o(RESET) refers to interrupts_hc32l110.o(i.IRQ002_Handler) for IRQ002_Handler
    startup_hc32l110.o(RESET) refers to interrupts_hc32l110.o(i.IRQ003_Handler) for IRQ003_Handler
    startup_hc32l110.o(RESET) refers to interrupts_hc32l110.o(i.IRQ006_Handler) for IRQ006_Handler
    startup_hc32l110.o(RESET) refers to interrupts_hc32l110.o(i.IRQ007_Handler) for IRQ007_Handler
    startup_hc32l110.o(RESET) refers to interrupts_hc32l110.o(i.IRQ008_Handler) for IRQ008_Handler
    startup_hc32l110.o(RESET) refers to interrupts_hc32l110.o(i.IRQ010_Handler) for IRQ010_Handler
    startup_hc32l110.o(RESET) refers to interrupts_hc32l110.o(i.IRQ012_Handler) for IRQ012_Handler
    startup_hc32l110.o(RESET) refers to interrupts_hc32l110.o(i.IRQ014_Handler) for IRQ014_Handler
    startup_hc32l110.o(RESET) refers to interrupts_hc32l110.o(i.IRQ015_Handler) for IRQ015_Handler
    startup_hc32l110.o(RESET) refers to interrupts_hc32l110.o(i.IRQ016_Handler) for IRQ016_Handler
    startup_hc32l110.o(RESET) refers to interrupts_hc32l110.o(i.IRQ017_Handler) for IRQ017_Handler
    startup_hc32l110.o(RESET) refers to interrupts_hc32l110.o(i.IRQ018_Handler) for IRQ018_Handler
    startup_hc32l110.o(RESET) refers to interrupts_hc32l110.o(i.IRQ019_Handler) for IRQ019_Handler
    startup_hc32l110.o(RESET) refers to interrupts_hc32l110.o(i.IRQ020_Handler) for IRQ020_Handler
    startup_hc32l110.o(RESET) refers to interrupts_hc32l110.o(i.IRQ021_Handler) for IRQ021_Handler
    startup_hc32l110.o(RESET) refers to interrupts_hc32l110.o(i.IRQ022_Handler) for IRQ022_Handler
    startup_hc32l110.o(RESET) refers to interrupts_hc32l110.o(i.IRQ023_Handler) for IRQ023_Handler
    startup_hc32l110.o(RESET) refers to interrupts_hc32l110.o(i.IRQ024_Handler) for IRQ024_Handler
    startup_hc32l110.o(RESET) refers to interrupts_hc32l110.o(i.IRQ026_Handler) for IRQ026_Handler
    startup_hc32l110.o(RESET) refers to interrupts_hc32l110.o(i.IRQ027_Handler) for IRQ027_Handler
    startup_hc32l110.o(RESET) refers to interrupts_hc32l110.o(i.IRQ028_Handler) for IRQ028_Handler
    startup_hc32l110.o(RESET) refers to interrupts_hc32l110.o(i.IRQ030_Handler) for IRQ030_Handler
    startup_hc32l110.o(RESET) refers to interrupts_hc32l110.o(i.IRQ031_Handler) for IRQ031_Handler
    startup_hc32l110.o(.text) refers (Special) to heapauxi.o(.text) for __use_two_region_memory
    startup_hc32l110.o(.text) refers to system_hc32l110.o(i.SystemInit) for SystemInit
    startup_hc32l110.o(.text) refers to __main.o(!!!main) for __main
    startup_hc32l110.o(.text) refers to startup_hc32l110.o(HEAP) for Heap_Mem
    startup_hc32l110.o(.text) refers to startup_hc32l110.o(STACK) for Stack_Mem
    system_hc32l110.o(i.SystemCoreClockUpdate) refers to clk.o(i.Clk_GetHClkFreq) for Clk_GetHClkFreq
    system_hc32l110.o(i.SystemCoreClockUpdate) refers to system_hc32l110.o(.data) for SystemCoreClock
    system_hc32l110.o(i.SystemInit) refers to clk.o(i.Clk_SetRCHFreq) for Clk_SetRCHFreq
    system_hc32l110.o(i.SystemInit) refers to clk.o(i.Clk_Enable) for Clk_Enable
    system_hc32l110.o(i.SystemInit) refers to system_hc32l110.o(i.SystemCoreClockUpdate) for SystemCoreClockUpdate
    system_hc32l110.o(i.SystemInit) refers to system_hc32l110.o(i._HidePinInit) for _HidePinInit
    system_hc32l110.o(i.SystemInit) refers to ddl.o(i.ddl_memclr) for ddl_memclr
    system_hc32l110.o(i.SystemInit) refers to clk.o(i.Clk_SysTickConfig) for Clk_SysTickConfig
    main.o(i.Led_Port_Init) refers to clk.o(i.Clk_SetPeripheralGate) for Clk_SetPeripheralGate
    main.o(i.Led_Port_Init) refers to gpio.o(i.Gpio_InitIOExt) for Gpio_InitIOExt
    main.o(i.Motor_Port_Init) refers to clk.o(i.Clk_SetPeripheralGate) for Clk_SetPeripheralGate
    main.o(i.Motor_Port_Init) refers to gpio.o(i.Gpio_SetIO) for Gpio_SetIO
    main.o(i.Motor_Port_Init) refers to gpio.o(i.Gpio_InitIOExt) for Gpio_InitIOExt
    main.o(i.fputc) refers to lpuart.o(i.LPUart_SendData) for LPUart_SendData
    main.o(i.main) refers to ddl.o(i.ddl_memclr) for ddl_memclr
[...]
    clk.o(i.Clk_Init) refers to clk.o(i.Clk_SetHClkDiv) for Clk_SetHClkDiv
    clk.o(i.Clk_Init) refers to clk.o(i.Clk_SetPClkDiv) for Clk_SetPClkDiv
    clk.o(i.Clk_SetFunc) refers to clk.o(i.ClkUnlock) for ClkUnlock
    clk.o(i.Clk_SetFunc) refers to clk.o(i.__ARM_common_switch8) for __ARM_common_switch8
    clk.o(i.Clk_SetFunc) refers to clk.o(i.ClkWriteDummy) for ClkWriteDummy
    clk.o(i.Clk_SetHClkDiv) refers to clk.o(i.ClkUnlock) for ClkUnlock
    clk.o(i.Clk_SetHClkDiv) refers to ddl.o(i.Log2) for Log2
    clk.o(i.Clk_SetPClkDiv) refers to clk.o(i.ClkUnlock) for ClkUnlock
    clk.o(i.Clk_SetPClkDiv) refers to ddl.o(i.Log2) for Log2
    clk.o(i.Clk_SetRCHFreq) refers to clk.o(i.__ARM_common_switch8) for __ARM_common_switch8
    clk.o(i.Clk_SetRTCAdjustClkFreq) refers to clk.o(i.ClkUnlock) for ClkUnlock
    clk.o(i.Clk_SetRTCAdjustClkFreq) refers to clk.o(i.ClkWriteDummy) for ClkWriteDummy
    clk.o(i.Clk_SetSource) refers to clk.o(i.ClkUnlock) for ClkUnlock
    clk.o(i.Clk_SetSource) refers to clk.o(i.ClkWriteDummy) for ClkWriteDummy
    clk.o(i.Clk_SwitchTo) refers to clk.o(i.Clk_SetXTH_StableTime) for Clk_SetXTH_StableTime
    clk.o(i.Clk_SwitchTo) refers to clk.o(i.Clk_SetRCL_StableTime) for Clk_SetRCL_StableTime
    clk.o(i.Clk_SwitchTo) refers to clk.o(i.Clk_SetXTL_StableTime) for Clk_SetXTL_StableTime
    clk.o(i.Clk_SwitchTo) refers to clk.o(i.Clk_Enable) for Clk_Enable
    clk.o(i.Clk_SwitchTo) refers to clk.o(i.Clk_GetClkRdy) for Clk_GetClkRdy
    clk.o(i.Clk_SwitchTo) refers to clk.o(i.Clk_SetSource) for Clk_SetSource
    clk.o(i.Clk_SwitchTo) refers to system_hc32l110.o(i.SystemCoreClockUpdate) for SystemCoreClockUpdate
    clk.o(i.Clk_SysTickConfig) refers to clk.o(i.__NVIC_SetPriority) for __NVIC_SetPriority
    gpio.o(i.Gpio_DisableIrq) refers to gpio.o(i._GpioEnableIrq) for _GpioEnableIrq
    gpio.o(i.Gpio_EnableIrq) refers to gpio.o(i._GpioEnableIrq) for _GpioEnableIrq
    gpio.o(i.Gpio_InitIO) refers to gpio.o(i.Gpio_SetAnalog) for Gpio_SetAnalog
    gpio.o(i.Gpio_InitIOExt) refers to gpio.o(i.Gpio_SetAnalog) for Gpio_SetAnalog
    gpio.o(i.Gpio_SetCtrlExt) refers to clk.o(i.__ARM_common_switch8) for __ARM_common_switch8
    gpio.o(i.Gpio_SetCtrlExt) refers to ddl.o(i.Log2) for Log2
    gpio.o(i.Gpio_SetExtClkSel) refers to clk.o(i.__ARM_common_switch8) for __ARM_common_switch8
    gpio.o(i.Gpio_SetSignalSource) refers to clk.o(i.__ARM_common_switch8) for __ARM_common_switch8
    gpio.o(i.Gpio_SetSsnSel) refers to clk.o(i.__ARM_common_switch8) for __ARM_common_switch8
    adc.o(i.AdcDisableNvic) refers to adc.o(i.__NVIC_ClearPendingIRQ) for __NVIC_ClearPendingIRQ
    adc.o(i.AdcDisableNvic) refers to adc.o(i.__NVIC_SetPriority) for __NVIC_SetPriority
    adc.o(i.AdcEnableNvic) refers to adc.o(i.__NVIC_ClearPendingIRQ) for __NVIC_ClearPendingIRQ
    adc.o(i.AdcEnableNvic) refers to adc.o(i.__NVIC_SetPriority) for __NVIC_SetPriority
    adc.o(i.Adc_CmpCfg) refers to adc.o(i.AdcEnableNvic) for AdcEnableNvic
    adc.o(i.Adc_ConfigIrq) refers to adc.o(.bss) for stcAdcIrqCalbaks
    adc.o(i.Adc_DeInit) refers to adc.o(i.AdcDisableNvic) for AdcDisableNvic
    adc.o(i.Adc_DisableIrq) refers to adc.o(i.AdcDisableNvic) for AdcDisableNvic
    adc.o(i.Adc_GetScanResult) refers to clk.o(i.__ARM_common_switch8) for __ARM_common_switch8
    adc.o(i.Adc_IRQHandler) refers to adc.o(.bss) for stcAdcIrqCalbaks
    uart.o(i.UartDeInitNvic) refers to uart.o(i.__NVIC_ClearPendingIRQ) for __NVIC_ClearPendingIRQ
    uart.o(i.UartDeInitNvic) refers to uart.o(i.__NVIC_SetPriority) for __NVIC_SetPriority
    uart.o(i.UartGetInternDataPtr) refers to uart.o(.data) for m_astcUartInstanceDataLut
    uart.o(i.UartInitNvic) refers to uart.o(i.__NVIC_ClearPendingIRQ) for __NVIC_ClearPendingIRQ
    uart.o(i.UartInitNvic) refers to uart.o(i.__NVIC_SetPriority) for __NVIC_SetPriority
    uart.o(i.Uart_CheckEvenOrOdd) refers to uart.o(i.UartGetInternDataPtr) for UartGetInternDataPtr
    uart.o(i.Uart_ClrStatus) refers to uart.o(i.UartGetInternDataPtr) for UartGetInternDataPtr
    uart.o(i.Uart_DisableIrq) refers to uart.o(i.UartGetInternDataPtr) for UartGetInternDataPtr
    uart.o(i.Uart_EnableFunc) refers to uart.o(i.UartGetInternDataPtr) for UartGetInternDataPtr
    uart.o(i.Uart_EnableIrq) refers to uart.o(i.UartGetInternDataPtr) for UartGetInternDataPtr
    uart.o(i.Uart_GetRb8) refers to uart.o(i.UartGetInternDataPtr) for UartGetInternDataPtr
    uart.o(i.Uart_GetStatus) refers to uart.o(i.UartGetInternDataPtr) for UartGetInternDataPtr
    uart.o(i.Uart_IRQHandler) refers to uart.o(i.UartGetInternDataPtr) for UartGetInternDataPtr
    uart.o(i.Uart_IRQHandler) refers to uart.o(i.Uart_ClrStatus) for Uart_ClrStatus
    uart.o(i.Uart_Init) refers to uart.o(i.UartGetInternDataPtr) for UartGetInternDataPtr
    uart.o(i.Uart_Init) refers to uart.o(i.Uart_SetMode) for Uart_SetMode
    uart.o(i.Uart_Init) refers to uart.o(i.Uart_SetMultiMode) for Uart_SetMultiMode
    uart.o(i.Uart_Init) refers to uart.o(i.UartInitNvic) for UartInitNvic
    uart.o(i.Uart_Init) refers to uart.o(i.UartDeInitNvic) for UartDeInitNvic
    uart.o(i.Uart_ReceiveData) refers to uart.o(i.UartGetInternDataPtr) for UartGetInternDataPtr
    uart.o(i.Uart_SendData) refers to uart.o(i.UartGetInternDataPtr) for UartGetInternDataPtr
    uart.o(i.Uart_SendData) refers to uart.o(i.Uart_ClrStatus) for Uart_ClrStatus
    uart.o(i.Uart_SendData) refers to uart.o(i.Uart_GetStatus) for Uart_GetStatus
    uart.o(i.Uart_SetBaudRate) refers to uart.o(i.UartGetInternDataPtr) for UartGetInternDataPtr
    uart.o(i.Uart_SetBaudRate) refers to aeabi_sdiv.o(.text) for __aeabi_uidivmod
    uart.o(i.Uart_SetMMDOrCk) refers to uart.o(i.UartGetInternDataPtr) for UartGetInternDataPtr
    uart.o(i.Uart_SetMode) refers to uart.o(i.UartGetInternDataPtr) for UartGetInternDataPtr
    uart.o(i.Uart_SetMultiMode) refers to uart.o(i.UartGetInternDataPtr) for UartGetInternDataPtr
    uart.o(i.Uart_SetSaddr) refers to uart.o(i.UartGetInternDataPtr) for UartGetInternDataPtr
    uart.o(i.Uart_SetSaddrEn) refers to uart.o(i.UartGetInternDataPtr) for UartGetInternDataPtr
    uart.o(i.Uart_SetTb8) refers to uart.o(i.UartGetInternDataPtr) for UartGetInternDataPtr
    bt.o(i.Bt_Init) refers to bt.o(.data) for pfnTim0Callback
    bt.o(i.Tim_IRQHandler) refers to bt.o(.data) for pfnTim0Callback
    lpuart.o(i.LPUartDeInitNvic) refers to lpuart.o(i.__NVIC_ClearPendingIRQ) for __NVIC_ClearPendingIRQ
    lpuart.o(i.LPUartDeInitNvic) refers to lpuart.o(i.__NVIC_SetPriority) for __NVIC_SetPriority
    lpuart.o(i.LPUartGetInternDataCb) refers to lpuart.o(.bss) for stcLPUartIrqCb
    lpuart.o(i.LPUartInitNvic) refers to lpuart.o(i.__NVIC_ClearPendingIRQ) for __NVIC_ClearPendingIRQ
    lpuart.o(i.LPUartInitNvic) refers to lpuart.o(i.__NVIC_SetPriority) for __NVIC_SetPriority
    lpuart.o(i.LPUart_GetBaudRate) refers to aeabi_sdiv.o(.text) for __aeabi_uidivmod
    lpuart.o(i.LPUart_Init) refers to lpuart.o(i.LPUartGetInternDataCb) for LPUartGetInternDataCb
    lpuart.o(i.LPUart_Init) refers to lpuart.o(i.LPUart_SelSclk) for LPUart_SelSclk
    lpuart.o(i.LPUart_Init) refers to lpuart.o(i.LPUart_SelSclkPrs) for LPUart_SelSclkPrs
    lpuart.o(i.LPUart_Init) refers to lpuart.o(i.LPUart_SetMode) for LPUart_SetMode
    lpuart.o(i.LPUart_Init) refers to lpuart.o(i.LPUart_SetMultiMode) for LPUart_SetMultiMode
    lpuart.o(i.LPUart_Init) refers to lpuart.o(i.LPUartInitNvic) for LPUartInitNvic
    lpuart.o(i.LPUart_Init) refers to lpuart.o(i.LPUartDeInitNvic) for LPUartDeInitNvic
    lpuart.o(i.LPUart_SendData) refers to lpuart.o(i.LPUart_ClrStatus) for LPUart_ClrStatus
    lpuart.o(i.LPUart_SendData) refers to lpuart.o(i.LPUart_GetStatus) for LPUart_GetStatus
    lpuart.o(i.LPUart_SetBaudRate) refers to aeabi_sdiv.o(.text) for __aeabi_uidivmod
    lpuart.o(i.LpUart_IRQHandler) refers to lpuart.o(i.LPUartGetInternDataCb) for LPUartGetInternDataCb
    lpuart.o(i.LpUart_IRQHandler) refers to lpuart.o(i.LPUart_ClrStatus) for LPUart_ClrStatus
    use_no_semi_2.o(.text) refers (Special) to use_no_semi.o(.text) for __use_no_semihosting_swi
    __2printf.o(.text) refers to _printf_char_file.o(.text) for _printf_char_file
    __2printf.o(.text) refers to ddl.o(.data) for __stdout
    noretval__2printf.o(.text) refers to _printf_char_file.o(.text) for _printf_char_file
    noretval__2printf.o(.text) refers to ddl.o(.data) for __stdout
    __main.o(!!!main) refers to __rtentry.o(.ARM.Collect$$rtentry$$00000000) for __rt_entry
    __rtentry.o(.ARM.Collect$$rtentry$$00000000) refers (Special) to __rtentry2.o(.ARM.Collect$$rtentry$$0000000A) for __rt_entry_li
    __rtentry.o(.ARM.Collect$$rtentry$$00000000) refers (Special) to __rtentry2.o(.ARM.Collect$$rtentry$$0000000D) for __rt_entry_main
    __rtentry.o(.ARM.Collect$$rtentry$$00000000) refers (Special) to __rtentry2.o(.ARM.Collect$$rtentry$$0000000C) for __rt_entry_postli_1
    __rtentry.o(.ARM.Collect$$rtentry$$00000000) refers (Special) to __rtentry2.o(.ARM.Collect$$rtentry$$00000009) for __rt_entry_postsh_1
    __rtentry.o(.ARM.Collect$$rtentry$$00000000) refers (Special) to __rtentry2.o(.ARM.Collect$$rtentry$$00000002) for __rt_entry_presh_1
    __rtentry.o(.ARM.Collect$$rtentry$$00000000) refers (Special) to __rtentry4.o(.ARM.Collect$$rtentry$$00000004) for __rt_entry_sh
    aeabi_idiv0_sigfpe.o(.text) refers to rt_div0.o(.text) for __rt_div0
    _printf_char_file.o(.text) refers to _printf_char_common.o(.text) for _printf_char_common
    _printf_char_file.o(.text) refers to ferror.o(.text) for ferror
    _printf_char_file.o(.text) refers to main.o(i.fputc) for fputc
    __rtentry2.o(.ARM.Collect$$rtentry$$00000008) refers to boardinit2.o(.text) for _platform_post_stackheap_init
    __rtentry2.o(.ARM.Collect$$rtentry$$0000000A) refers to libinit.o(.ARM.Collect$$libinit$$00000000) for __rt_lib_init
    __rtentry2.o(.ARM.Collect$$rtentry$$0000000B) refers to boardinit3.o(.text) for _platform_post_lib_init
    __rtentry2.o(.ARM.Collect$$rtentry$$0000000D) refers to main.o(i.main) for main
    __rtentry2.o(.ARM.Collect$$rtentry$$0000000D) refers to exit.o(.text) for exit
    __rtentry2.o(.ARM.exidx) refers to __rtentry2.o(.ARM.Collect$$rtentry$$00000001) for .ARM.Collect$$rtentry$$00000001
    __rtentry2.o(.ARM.exidx) refers to __rtentry2.o(.ARM.Collect$$rtentry$$00000008) for .ARM.Collect$$rtentry$$00000008
    __rtentry2.o(.ARM.exidx) refers to __rtentry2.o(.ARM.Collect$$rtentry$$0000000A) for .ARM.Collect$$rtentry$$0000000A
    __rtentry2.o(.ARM.exidx) refers to __rtentry2.o(.ARM.Collect$$rtentry$$0000000B) for .ARM.Collect$$rtentry$$0000000B
    __rtentry2.o(.ARM.exidx) refers to __rtentry2.o(.ARM.Collect$$rtentry$$0000000D) for .ARM.Collect$$rtentry$$0000000D
    __rtentry4.o(.ARM.Collect$$rtentry$$00000004) refers to sys_stackheap_outer.o(.text) for __user_setup_stackheap
    __rtentry4.o(.ARM.exidx) refers to __rtentry4.o(.ARM.Collect$$rtentry$$00000004) for .ARM.Collect$$rtentry$$00000004
    rt_div0.o(.text) refers to defsig_fpe_outer.o(.text) for __rt_SIGFPE
    _printf_char_common.o(.text) refers to __printf_nopercent.o(.text) for __printf
    sys_stackheap_outer.o(.text) refers to libspace.o(.text) for __user_perproc_libspace
    sys_stackheap_outer.o(.text) refers to startup_hc32l110.o(.text) for __user_initial_stackheap
    sys_stackheap_outer.o(__vectab_stack_and_reset_area) refers to tempstk.o(.text) for __temporary_stack_top
    sys_stackheap_outer.o(__vectab_stack_and_reset_area) refers to __main.o(!!!main) for __main
    exit.o(.text) refers to rtexit.o(.ARM.Collect$$rtexit$$00000000) for __rt_exit
    defsig_fpe_outer.o(.text) refers to defsig_fpe_inner.o(.text) for __rt_SIGFPE_inner
    defsig_fpe_outer.o(.text) refers to defsig_exit.o(.text) for __sig_exit
    defsig_fpe_formal.o(.text) refers to rt_raise.o(.text) for __rt_raise
    libinit.o(.ARM.Collect$$libinit$$00000000) refers (Special) to libinit2.o(.ARM.Collect$$libinit$$0000002E) for __rt_lib_init_alloca_1
    libinit.o(.ARM.Collect$$libinit$$00000000) refers (Special) to libinit2.o(.ARM.Collect$$libinit$$0000002C) for __rt_lib_init_argv_1
    libinit.o(.ARM.Collect$$libinit$$00000000) refers (Special) to libinit2.o(.ARM.Collect$$libinit$$0000001B) for __rt_lib_init_atexit_1
    libinit.o(.ARM.Collect$$libinit$$00000000) refers (Special) to libinit2.o(.ARM.Collect$$libinit$$00000021) for __rt_lib_init_clock_1
    libinit.o(.ARM.Collect$$libinit$$00000000) refers (Special) to libinit2.o(.ARM.Collect$$libinit$$00000032) for __rt_lib_init_cpp_1
    libinit.o(.ARM.Collect$$libinit$$00000000) refers (Special) to libinit2.o(.ARM.Collect$$libinit$$00000030) for __rt_lib_init_exceptions_1
    libinit.o(.ARM.Collect$$libinit$$00000000) refers (Special) to libinit2.o(.ARM.Collect$$libinit$$00000002) for __rt_lib_init_fp_1
    libinit.o(.ARM.Collect$$libinit$$00000000) refers (Special) to libinit2.o(.ARM.Collect$$libinit$$0000001F) for __rt_lib_init_fp_trap_1
    libinit.o(.ARM.Collect$$libinit$$00000000) refers (Special) to libinit2.o(.ARM.Collect$$libinit$$00000023) for __rt_lib_init_getenv_1
    libinit.o(.ARM.Collect$$libinit$$00000000) refers (Special) to libinit2.o(.ARM.Collect$$libinit$$0000000A) for __rt_lib_init_heap_1
    libinit.o(.ARM.Collect$$libinit$$00000000) refers (Special) to libinit2.o(.ARM.Collect$$libinit$$00000011) for __rt_lib_init_lc_collate_1
    libinit.o(.ARM.Collect$$libinit$$00000000) refers (Special) to libinit2.o(.ARM.Collect$$libinit$$00000013) for __rt_lib_init_lc_ctype_1
    libinit.o(.ARM.Collect$$libinit$$00000000) refers (Special) to libinit2.o(.ARM.Collect$$libinit$$00000015) for __rt_lib_init_lc_monetary_1
    libinit.o(.ARM.Collect$$libinit$$00000000) refers (Special) to libinit2.o(.ARM.Collect$$libinit$$00000017) for __rt_lib_init_lc_numeric_1
    libinit.o(.ARM.Collect$$libinit$$00000000) refers (Special) to libinit2.o(.ARM.Collect$$libinit$$00000019) for __rt_lib_init_lc_time_1
    libinit.o(.ARM.Collect$$libinit$$00000000) refers (Special) to libinit2.o(.ARM.Collect$$libinit$$00000004) for __rt_lib_init_preinit_1
    libinit.o(.ARM.Collect$$libinit$$00000000) refers (Special) to libinit2.o(.ARM.Collect$$libinit$$0000000E) for __rt_lib_init_rand_1
    libinit.o(.ARM.Collect$$libinit$$00000000) refers (Special) to libinit2.o(.ARM.Collect$$libinit$$00000033) for __rt_lib_init_return
    libinit.o(.ARM.Collect$$libinit$$00000000) refers (Special) to libinit2.o(.ARM.Collect$$libinit$$0000001D) for __rt_lib_init_signal_1
    libinit.o(.ARM.Collect$$libinit$$00000000) refers (Special) to libinit2.o(.ARM.Collect$$libinit$$00000025) for __rt_lib_init_stdio_1
    libinit.o(.ARM.Collect$$libinit$$00000000) refers (Special) to libinit2.o(.ARM.Collect$$libinit$$0000000C) for __rt_lib_init_user_alloc_1
    libspace.o(.text) refers to libspace.o(.bss) for __libspace_start
    rtexit.o(.ARM.Collect$$rtexit$$00000000) refers (Special) to rtexit2.o(.ARM.Collect$$rtexit$$00000004) for __rt_exit_exit
    rtexit.o(.ARM.Collect$$rtexit$$00000000) refers (Special) to rtexit2.o(.ARM.Collect$$rtexit$$00000003) for __rt_exit_ls
    rtexit.o(.ARM.Collect$$rtexit$$00000000) refers (Special) to rtexit2.o(.ARM.Collect$$rtexit$$00000002) for __rt_exit_prels_1
    rtexit.o(.ARM.exidx) refers (Special) to rtexit2.o(.ARM.Collect$$rtexit$$00000004) for __rt_exit_exit
    rtexit.o(.ARM.exidx) refers (Special) to rtexit2.o(.ARM.Collect$$rtexit$$00000003) for __rt_exit_ls
    rtexit.o(.ARM.exidx) refers (Special) to rtexit2.o(.ARM.Collect$$rtexit$$00000002) for __rt_exit_prels_1
    rtexit.o(.ARM.exidx) refers to rtexit.o(.ARM.Collect$$rtexit$$00000000) for .ARM.Collect$$rtexit$$00000000
    rt_raise.o(.text) refers to __raise.o(.text) for __raise
    rt_raise.o(.text) refers to ddl.o(i._sys_exit) for _sys_exit
    defsig_exit.o(.text) refers to ddl.o(i._sys_exit) for _sys_exit
    defsig_fpe_inner.o(.text) refers to defsig_general.o(.text) for __default_signal_display
    libinit2.o(.ARM.Collect$$libinit$$00000010) refers to libinit2.o(.ARM.Collect$$libinit$$0000000F) for .ARM.Collect$$libinit$$0000000F
    libinit2.o(.ARM.Collect$$libinit$$00000012) refers to libinit2.o(.ARM.Collect$$libinit$$0000000F) for .ARM.Collect$$libinit$$0000000F
    libinit2.o(.ARM.Collect$$libinit$$00000014) refers to libinit2.o(.ARM.Collect$$libinit$$0000000F) for .ARM.Collect$$libinit$$0000000F
    libinit2.o(.ARM.Collect$$libinit$$00000016) refers to libinit2.o(.ARM.Collect$$libinit$$0000000F) for .ARM.Collect$$libinit$$0000000F
    libinit2.o(.ARM.Collect$$libinit$$00000018) refers to libinit2.o(.ARM.Collect$$libinit$$0000000F) for .ARM.Collect$$libinit$$0000000F
    libinit2.o(.ARM.Collect$$libinit$$00000026) refers to argv_veneer.o(.text) for __ARM_argv_veneer
    libinit2.o(.ARM.Collect$$libinit$$00000027) refers to argv_veneer.o(.text) for __ARM_argv_veneer
    rtexit2.o(.ARM.Collect$$rtexit$$00000003) refers to libshutdown.o(.ARM.Collect$$libshutdown$$00000000) for __rt_lib_shutdown
    rtexit2.o(.ARM.Collect$$rtexit$$00000004) refers to ddl.o(i._sys_exit) for _sys_exit
    rtexit2.o(.ARM.exidx) refers to rtexit2.o(.ARM.Collect$$rtexit$$00000001) for .ARM.Collect$$rtexit$$00000001
    rtexit2.o(.ARM.exidx) refers to rtexit2.o(.ARM.Collect$$rtexit$$00000003) for .ARM.Collect$$rtexit$$00000003
    rtexit2.o(.ARM.exidx) refers to rtexit2.o(.ARM.Collect$$rtexit$$00000004) for .ARM.Collect$$rtexit$$00000004
    __raise.o(.text) refers to defsig.o(CL$$defsig) for __default_signal_handler
    defsig_general.o(.text) refers to ddl.o(i._ttywrch) for _ttywrch
    defsig.o(CL$$defsig) refers to defsig_fpe_inner.o(.text) for __rt_SIGFPE_inner
    defsig.o(CL$$defsig) refers to defsig_rtmem_inner.o(.text) for __rt_SIGRTMEM_inner
    _get_argv_nomalloc.o(.text) refers (Special) to hrguard.o(.text) for __heap_region$guard
    _get_argv_nomalloc.o(.text) refers to defsig_rtmem_outer.o(.text) for __rt_SIGRTMEM
    _get_argv_nomalloc.o(.text) refers to sys_command.o(.text) for _sys_command_string
    libshutdown.o(.ARM.Collect$$libshutdown$$00000000) refers (Special) to libshutdown2.o(.ARM.Collect$$libshutdown$$00000002) for __rt_lib_shutdown_cpp_1
    libshutdown.o(.ARM.Collect$$libshutdown$$00000000) refers (Special) to libshutdown2.o(.ARM.Collect$$libshutdown$$00000007) for __rt_lib_shutdown_fp_trap_1
    libshutdown.o(.ARM.Collect$$libshutdown$$00000000) refers (Special) to libshutdown2.o(.ARM.Collect$$libshutdown$$0000000F) for __rt_lib_shutdown_heap_1
    libshutdown.o(.ARM.Collect$$libshutdown$$00000000) refers (Special) to libshutdown2.o(.ARM.Collect$$libshutdown$$00000010) for __rt_lib_shutdown_return
    libshutdown.o(.ARM.Collect$$libshutdown$$00000000) refers (Special) to libshutdown2.o(.ARM.Collect$$libshutdown$$0000000A) for __rt_lib_shutdown_signal_1
    libshutdown.o(.ARM.Collect$$libshutdown$$00000000) refers (Special) to libshutdown2.o(.ARM.Collect$$libshutdown$$00000004) for __rt_lib_shutdown_stdio_1
    libshutdown.o(.ARM.Collect$$libshutdown$$00000000) refers (Special) to libshutdown2.o(.ARM.Collect$$libshutdown$$0000000C) for __rt_lib_shutdown_user_alloc_1
    sys_command.o(.text) refers (Special) to use_no_semi.o(.text) for __I$use$semihosting
    sys_command.o(.text) refers (Special) to indicate_semi.o(.text) for __semihosting_library_function
    defsig_abrt_inner.o(.text) refers to defsig_general.o(.text) for __default_signal_display
    defsig_rtred_inner.o(.text) refers to defsig_general.o(.text) for __default_signal_display
    defsig_rtmem_inner.o(.text) refers to defsig_general.o(.text) for __default_signal_display
    defsig_rtmem_outer.o(.text) refers to defsig_rtmem_inner.o(.text) for __rt_SIGRTMEM_inner
    defsig_rtmem_outer.o(.text) refers to defsig_exit.o(.text) for __sig_exit
    defsig_rtmem_formal.o(.text) refers to rt_raise.o(.text) for __rt_raise
    defsig_stak_inner.o(.text) refers to defsig_general.o(.text) for __default_signal_display
    defsig_pvfn_inner.o(.text) refers to defsig_general.o(.text) for __default_signal_display
    defsig_cppl_inner.o(.text) refers to defsig_general.o(.text) for __default_signal_display
    defsig_segv_inner.o(.text) refers to defsig_general.o(.text) for __default_signal_display
    defsig_other.o(.text) refers to defsig_general.o(.text) for __default_signal_display


==============================================================================

Removing Unused input sections from the image.

    Removing system_hc32l110.o(.rev16_text), (4 bytes).
    Removing system_hc32l110.o(.revsh_text), (4 bytes).
    Removing main.o(.rev16_text), (4 bytes).
    Removing main.o(.revsh_text), (4 bytes).
    Removing main.o(i.Led_Port_Init), (94 bytes).
    Removing ddl.o(.rev16_text), (4 bytes).
    Removing ddl.o(.revsh_text), (4 bytes).
    Removing ddl.o(i.DDL_WAIT_LOOP_HOOK), (2 bytes).
    Removing ddl.o(i.Debug_Output), (50 bytes).
    Removing ddl.o(i.Debug_UartInit), (180 bytes).
    Removing ddl.o(i.__backspace), (4 bytes).
    Removing ddl.o(i._ttywrch), (2 bytes).
    Removing ddl.o(i.delay100us), (60 bytes).
    Removing interrupts_hc32l110.o(.rev16_text), (4 bytes).
    Removing interrupts_hc32l110.o(.revsh_text), (4 bytes).
    Removing interrupts_hc32l110.o(i.EnableNvic), (140 bytes).
    Removing interrupts_hc32l110.o(i.__NVIC_SetPriority), (120 bytes).
    Removing clk.o(.rev16_text), (4 bytes).
    Removing clk.o(.revsh_text), (4 bytes).
    Removing clk.o(i.Clk_DeInit), (30 bytes).
    Removing clk.o(i.Clk_DebugClk), (104 bytes).
    Removing clk.o(i.Clk_GetPeripheralGate), (20 bytes).
    Removing clk.o(i.Clk_SetFunc), (268 bytes).
    Removing clk.o(i.Clk_SetRCLFreq), (80 bytes).
    Removing clk.o(i.Clk_SetRTCAdjustClkFreq), (272 bytes).
    Removing clk.o(i.Clk_SetXTLDrive), (40 bytes).
    Removing clk.o(i.Clk_SysTickSkewGet), (16 bytes).
    Removing clk.o(i.Clk_SysTickStcalibGet), (16 bytes).
    Removing gpio.o(.rev16_text), (4 bytes).
    Removing gpio.o(.revsh_text), (4 bytes).
    Removing gpio.o(i.Gpio_ClearIrq), (36 bytes).
    Removing gpio.o(i.Gpio_DisableIrq), (24 bytes).
    Removing gpio.o(i.Gpio_EnableIrq), (24 bytes).
    Removing gpio.o(i.Gpio_GetIO), (24 bytes).
    Removing gpio.o(i.Gpio_GetIrqStat), (24 bytes).
    Removing gpio.o(i.Gpio_InitIO), (184 bytes).
    Removing gpio.o(i.Gpio_SetCtrlExt), (292 bytes).
    Removing gpio.o(i.Gpio_SetExtClkSel), (92 bytes).
    Removing gpio.o(i.Gpio_SetSignalSource), (388 bytes).
    Removing gpio.o(i.Gpio_SetSsnSel), (92 bytes).
    Removing gpio.o(i._GpioEnableIrq), (244 bytes).
    Removing adc.o(.rev16_text), (4 bytes).
    Removing adc.o(.revsh_text), (4 bytes).
    Removing adc.o(i.AdcDisableNvic), (76 bytes).
    Removing adc.o(i.AdcEnableNvic), (52 bytes).
    Removing adc.o(i.Adc_ClrAccResult), (20 bytes).
    Removing adc.o(i.Adc_ClrContIrqState), (16 bytes).
    Removing adc.o(i.Adc_ClrHhtIrqState), (16 bytes).
    Removing adc.o(i.Adc_ClrIrqLltState), (16 bytes).
    Removing adc.o(i.Adc_ClrRegIrqState), (16 bytes).
    Removing adc.o(i.Adc_CmpCfg), (132 bytes).
    Removing adc.o(i.Adc_ConfigContMode), (148 bytes).
    Removing adc.o(i.Adc_ConfigIrq), (80 bytes).
    Removing adc.o(i.Adc_ConfigNormMode), (88 bytes).
    Removing adc.o(i.Adc_ConfigScanMode), (76 bytes).
    Removing adc.o(i.Adc_DeInit), (264 bytes).
    Removing adc.o(i.Adc_Disable), (20 bytes).
    Removing adc.o(i.Adc_DisableIrq), (52 bytes).
    Removing adc.o(i.Adc_Enable), (20 bytes).
    Removing adc.o(i.Adc_EnableIrq), (24 bytes).
    Removing adc.o(i.Adc_GetAccResult), (28 bytes).
    Removing adc.o(i.Adc_GetCH8Result), (28 bytes).
    Removing adc.o(i.Adc_GetIrqState), (48 bytes).
    Removing adc.o(i.Adc_GetResult), (28 bytes).
    Removing adc.o(i.Adc_GetScanResult), (148 bytes).
    Removing adc.o(i.Adc_IRQHandler), (168 bytes).
    Removing adc.o(i.Adc_Init), (248 bytes).
    Removing adc.o(i.Adc_PollBusyState), (16 bytes).
    Removing adc.o(i.Adc_SetVref), (44 bytes).
    Removing adc.o(i.Adc_Start), (52 bytes).
    Removing adc.o(i.Adc_Stop), (20 bytes).
    Removing adc.o(i.__NVIC_ClearPendingIRQ), (24 bytes).
    Removing adc.o(i.__NVIC_SetPriority), (120 bytes).
    Removing adc.o(.bss), (16 bytes).
    Removing uart.o(.rev16_text), (4 bytes).
    Removing uart.o(.revsh_text), (4 bytes).
    Removing uart.o(i.UartDeInitNvic), (80 bytes).
    Removing uart.o(i.UartGetInternDataPtr), (48 bytes).
    Removing uart.o(i.UartInitNvic), (56 bytes).
    Removing uart.o(i.Uart_CheckEvenOrOdd), (154 bytes).
    Removing uart.o(i.Uart_ClrStatus), (90 bytes).
    Removing uart.o(i.Uart_DisableIrq), (72 bytes).
    Removing uart.o(i.Uart_EnableFunc), (48 bytes).
    Removing uart.o(i.Uart_EnableIrq), (76 bytes).
    Removing uart.o(i.Uart_GetRb8), (32 bytes).
    Removing uart.o(i.Uart_GetStatus), (102 bytes).
    Removing uart.o(i.Uart_IRQHandler), (116 bytes).
    Removing uart.o(i.Uart_Init), (110 bytes).
    Removing uart.o(i.Uart_ReceiveData), (30 bytes).
    Removing uart.o(i.Uart_SendData), (62 bytes).
    Removing uart.o(i.Uart_SetBaudRate), (122 bytes).
    Removing uart.o(i.Uart_SetMMDOrCk), (48 bytes).
    Removing uart.o(i.Uart_SetMode), (48 bytes).
    Removing uart.o(i.Uart_SetMultiMode), (72 bytes).
    Removing uart.o(i.Uart_SetSaddr), (32 bytes).
    Removing uart.o(i.Uart_SetSaddrEn), (32 bytes).
    Removing uart.o(i.Uart_SetTb8), (148 bytes).
    Removing uart.o(i.__NVIC_ClearPendingIRQ), (24 bytes).
    Removing uart.o(i.__NVIC_SetPriority), (120 bytes).
    Removing uart.o(.data), (40 bytes).
    Removing bt.o(.rev16_text), (4 bytes).
    Removing bt.o(.revsh_text), (4 bytes).
    Removing bt.o(i.Bt_ClearIntFlag), (76 bytes).
    Removing bt.o(i.Bt_Cnt16Get), (56 bytes).
    Removing bt.o(i.Bt_Cnt32Get), (52 bytes).
    Removing bt.o(i.Bt_Cnt32Set), (68 bytes).
    Removing bt.o(i.Bt_DisableIrq), (84 bytes).
    Removing bt.o(i.Bt_EnableIrq), (88 bytes).
    Removing bt.o(i.Bt_GetIntFlag), (64 bytes).
    Removing bt.o(i.Bt_Stop), (76 bytes).
    Removing bt.o(i.Tim_IRQHandler), (60 bytes).
    Removing lpuart.o(.rev16_text), (4 bytes).
    Removing lpuart.o(.revsh_text), (4 bytes).
    Removing lpuart.o(i.LPUart_CheckEvenOrOdd), (140 bytes).
    Removing lpuart.o(i.LPUart_DisableIrq), (76 bytes).
    Removing lpuart.o(i.LPUart_EnableFunc), (36 bytes).
    Removing lpuart.o(i.LPUart_GetBaudRate), (104 bytes).
    Removing lpuart.o(i.LPUart_GetRb8), (16 bytes).
    Removing lpuart.o(i.LPUart_ReceiveData), (12 bytes).
    Removing lpuart.o(i.LPUart_SetMMDOrCk), (36 bytes).
    Removing lpuart.o(i.LPUart_SetSaddr), (16 bytes).
    Removing lpuart.o(i.LPUart_SetSaddrEn), (16 bytes).
    Removing lpuart.o(i.LPUart_SetTb8), (136 bytes).
    Removing lpuart.o(i.LpUart_IRQHandler), (100 bytes).

124 unused section(s) (total 8180 bytes) removed from the image.

==============================================================================

Image Symbol Table

    Local Symbols

    Symbol Name                              Value     Ov Type        Size  Object(Section)

    RESET                                    0x00000000   Section      192  startup_hc32l110.o(RESET)
    ../clib/angel/boardlib.s                 0x00000000   Number         0  boardinit1.o ABSOLUTE
    ../clib/angel/boardlib.s                 0x00000000   Number         0  boardinit2.o ABSOLUTE
    ../clib/angel/boardlib.s                 0x00000000   Number         0  boardinit3.o ABSOLUTE
    ../clib/angel/boardlib.s                 0x00000000   Number         0  boardshut.o ABSOLUTE
    ../clib/angel/handlers.s                 0x00000000   Number         0  __scatter_zi.o ABSOLUTE
    ../clib/angel/handlers.s                 0x00000000   Number         0  __scatter_copy.o ABSOLUTE
    ../clib/angel/kernel.s                   0x00000000   Number         0  rtexit2.o ABSOLUTE
    ../clib/angel/kernel.s                   0x00000000   Number         0  __rtentry.o ABSOLUTE
    ../clib/angel/kernel.s                   0x00000000   Number         0  rtexit.o ABSOLUTE
    ../clib/angel/kernel.s                   0x00000000   Number         0  __rtentry4.o ABSOLUTE
    ../clib/angel/kernel.s                   0x00000000   Number         0  __rtentry2.o ABSOLUTE
    ../clib/angel/rt.s                       0x00000000   Number         0  rt_div0.o ABSOLUTE
    ../clib/angel/rt.s                       0x00000000   Number         0  aeabi_idiv0.o ABSOLUTE
    ../clib/angel/rt.s                       0x00000000   Number         0  aeabi_idiv0_sigfpe.o ABSOLUTE
    ../clib/angel/rt.s                       0x00000000   Number         0  rt_raise.o ABSOLUTE
    ../clib/angel/scatterp.s                 0x00000000   Number         0  __scatter.o ABSOLUTE
    ../clib/angel/startup.s                  0x00000000   Number         0  __main.o ABSOLUTE
    ../clib/angel/sys.s                      0x00000000   Number         0  use_no_semi_2.o ABSOLUTE
    ../clib/angel/sys.s                      0x00000000   Number         0  libspace.o ABSOLUTE
    ../clib/angel/sys.s                      0x00000000   Number         0  use_no_semi.o ABSOLUTE
    ../clib/angel/sys.s                      0x00000000   Number         0  tempstk.o ABSOLUTE
    ../clib/angel/sys.s                      0x00000000   Number         0  indicate_semi.o ABSOLUTE
    ../clib/angel/sys.s                      0x00000000   Number         0  sys_stackheap_outer.o ABSOLUTE
    ../clib/angel/sysapp.c                   0x00000000   Number         0  sys_command.o ABSOLUTE
    ../clib/armsys.c                         0x00000000   Number         0  _get_argv_nomalloc.o ABSOLUTE
    ../clib/armsys.c                         0x00000000   Number         0  argv_veneer.o ABSOLUTE
    ../clib/armsys.c                         0x00000000   Number         0  no_argv.o ABSOLUTE
    ../clib/division.s                       0x00000000   Number         0  aeabi_sdiv.o ABSOLUTE
    ../clib/division.s                       0x00000000   Number         0  aeabi_sdiv_div0.o ABSOLUTE
    ../clib/heapalloc.c                      0x00000000   Number         0  hrguard.o ABSOLUTE
    ../clib/heapaux.c                        0x00000000   Number         0  heapauxi.o ABSOLUTE
    ../clib/libinit.s                        0x00000000   Number         0  libshutdown.o ABSOLUTE
    ../clib/libinit.s                        0x00000000   Number         0  libinit.o ABSOLUTE
    ../clib/libinit.s                        0x00000000   Number         0  libinit2.o ABSOLUTE
    ../clib/libinit.s                        0x00000000   Number         0  libshutdown2.o ABSOLUTE
    ../clib/printf.c                         0x00000000   Number         0  __printf_nopercent.o ABSOLUTE
    ../clib/printf.c                         0x00000000   Number         0  noretval__2printf.o ABSOLUTE
    ../clib/printf.c                         0x00000000   Number         0  _printf_char_common.o ABSOLUTE
    ../clib/printf.c                         0x00000000   Number         0  _printf_char_file.o ABSOLUTE
    ../clib/printf.c                         0x00000000   Number         0  __2printf.o ABSOLUTE
    ../clib/signal.c                         0x00000000   Number         0  defsig_rtred_inner.o ABSOLUTE
    ../clib/signal.c                         0x00000000   Number         0  defsig_abrt_inner.o ABSOLUTE
    ../clib/signal.c                         0x00000000   Number         0  defsig_other.o ABSOLUTE
    ../clib/signal.c                         0x00000000   Number         0  defsig_cppl_inner.o ABSOLUTE
    ../clib/signal.c                         0x00000000   Number         0  defsig_rtmem_inner.o ABSOLUTE
    ../clib/signal.c                         0x00000000   Number         0  defsig_stak_inner.o ABSOLUTE
    ../clib/signal.c                         0x00000000   Number         0  defsig_rtmem_formal.o ABSOLUTE
    ../clib/signal.c                         0x00000000   Number         0  defsig_rtmem_outer.o ABSOLUTE
    ../clib/signal.c                         0x00000000   Number         0  defsig_general.o ABSOLUTE
    ../clib/signal.c                         0x00000000   Number         0  defsig_segv_inner.o ABSOLUTE
    ../clib/signal.c                         0x00000000   Number         0  defsig_fpe_outer.o ABSOLUTE
    ../clib/signal.c                         0x00000000   Number         0  defsig_fpe_formal.o ABSOLUTE
    ../clib/signal.c                         0x00000000   Number         0  defsig_pvfn_inner.o ABSOLUTE
    ../clib/signal.c                         0x00000000   Number         0  defsig_fpe_inner.o ABSOLUTE
    ../clib/signal.c                         0x00000000   Number         0  defsig_exit.o ABSOLUTE
    ../clib/signal.c                         0x00000000   Number         0  __raise.o ABSOLUTE
    ../clib/signal.s                         0x00000000   Number         0  defsig.o ABSOLUTE
    ../clib/stdio.c                          0x00000000   Number         0  ferror_locked.o ABSOLUTE
    ../clib/stdio.c                          0x00000000   Number         0  ferror.o ABSOLUTE
    ../clib/stdlib.c                         0x00000000   Number         0  exit.o ABSOLUTE
    ../fplib/cfplib/fpinit.c                 0x00000000   Number         0  fpinit.o ABSOLUTE
    dc.s                                     0x00000000   Number         0  dc.o ABSOLUTE
    driver\\src\\adc.c                       0x00000000   Number         0  adc.o ABSOLUTE
    driver\\src\\bt.c                        0x00000000   Number         0  bt.o ABSOLUTE
    driver\\src\\clk.c                       0x00000000   Number         0  clk.o ABSOLUTE
    driver\\src\\ddl.c                       0x00000000   Number         0  ddl.o ABSOLUTE
    driver\\src\\gpio.c                      0x00000000   Number         0  gpio.o ABSOLUTE
    driver\\src\\interrupts_hc32l110.c       0x00000000   Number         0  interrupts_hc32l110.o ABSOLUTE
    driver\\src\\lpuart.c                    0x00000000   Number         0  lpuart.o ABSOLUTE
    driver\\src\\uart.c                      0x00000000   Number         0  uart.o ABSOLUTE
    driver\src\adc.c                         0x00000000   Number         0  adc.o ABSOLUTE
    driver\src\bt.c                          0x00000000   Number         0  bt.o ABSOLUTE
    driver\src\clk.c                         0x00000000   Number         0  clk.o ABSOLUTE
    driver\src\ddl.c                         0x00000000   Number         0  ddl.o ABSOLUTE
    driver\src\gpio.c                        0x00000000   Number         0  gpio.o ABSOLUTE
    driver\src\interrupts_hc32l110.c         0x00000000   Number         0  interrupts_hc32l110.o ABSOLUTE
    driver\src\lpuart.c                      0x00000000   Number         0  lpuart.o ABSOLUTE
    driver\src\uart.c                        0x00000000   Number         0  uart.o ABSOLUTE
    mcu\\common\\system_hc32l110.c           0x00000000   Number         0  system_hc32l110.o ABSOLUTE
    mcu\common\system_hc32l110.c             0x00000000   Number         0  system_hc32l110.o ABSOLUTE
    source\\main.c                           0x00000000   Number         0  main.o ABSOLUTE
    source\main.c                            0x00000000   Number         0  main.o ABSOLUTE
    startup_hc32l110.s                       0x00000000   Number         0  startup_hc32l110.o ABSOLUTE
    !!!main                                  0x000000c0   Section        8  __main.o(!!!main)
    !!!scatter                               0x000000c8   Section       60  __scatter.o(!!!scatter)
    !!handler_copy                           0x00000104   Section       26  __scatter_copy.o(!!handler_copy)
    !!handler_zi                             0x00000120   Section       28  __scatter_zi.o(!!handler_zi)
    .ARM.Collect$$libinit$$00000000          0x0000013c   Section        2  libinit.o(.ARM.Collect$$libinit$$00000000)
    .ARM.Collect$$libinit$$00000002          0x0000013e   Section        0  libinit2.o(.ARM.Collect$$libinit$$00000002)
    .ARM.Collect$$libinit$$00000004          0x0000013e   Section        0  libinit2.o(.ARM.Collect$$libinit$$00000004)
    .ARM.Collect$$libinit$$0000000A          0x0000013e   Section        0  libinit2.o(.ARM.Collect$$libinit$$0000000A)
    .ARM.Collect$$libinit$$0000000C          0x0000013e   Section        0  libinit2.o(.ARM.Collect$$libinit$$0000000C)
    .ARM.Collect$$libinit$$0000000E          0x0000013e   Section        0  libinit2.o(.ARM.Collect$$libinit$$0000000E)
    .ARM.Collect$$libinit$$00000011          0x0000013e   Section        0  libinit2.o(.ARM.Collect$$libinit$$00000011)
    .ARM.Collect$$libinit$$00000013          0x0000013e   Section        0  libinit2.o(.ARM.Collect$$libinit$$00000013)
    .ARM.Collect$$libinit$$00000015          0x0000013e   Section        0  libinit2.o(.ARM.Collect$$libinit$$00000015)
    .ARM.Collect$$libinit$$00000017          0x0000013e   Section        0  libinit2.o(.ARM.Collect$$libinit$$00000017)
    .ARM.Collect$$libinit$$00000019          0x0000013e   Section        0  libinit2.o(.ARM.Collect$$libinit$$00000019)
    .ARM.Collect$$libinit$$0000001B          0x0000013e   Section        0  libinit2.o(.ARM.Collect$$libinit$$0000001B)
    .ARM.Collect$$libinit$$0000001D          0x0000013e   Section        0  libinit2.o(.ARM.Collect$$libinit$$0000001D)
    .ARM.Collect$$libinit$$0000001F          0x0000013e   Section        0  libinit2.o(.ARM.Collect$$libinit$$0000001F)
    .ARM.Collect$$libinit$$00000021          0x0000013e   Section        0  libinit2.o(.ARM.Collect$$libinit$$00000021)
    .ARM.Collect$$libinit$$00000023          0x0000013e   Section        0  libinit2.o(.ARM.Collect$$libinit$$00000023)
    .ARM.Collect$$libinit$$00000025          0x0000013e   Section        0  libinit2.o(.ARM.Collect$$libinit$$00000025)
    .ARM.Collect$$libinit$$0000002C          0x0000013e   Section        0  libinit2.o(.ARM.Collect$$libinit$$0000002C)
    .ARM.Collect$$libinit$$0000002E          0x0000013e   Section        0  libinit2.o(.ARM.Collect$$libinit$$0000002E)
    .ARM.Collect$$libinit$$00000030          0x0000013e   Section        0  libinit2.o(.ARM.Collect$$libinit$$00000030)
    .ARM.Collect$$libinit$$00000032          0x0000013e   Section        0  libinit2.o(.ARM.Collect$$libinit$$00000032)
    .ARM.Collect$$libinit$$00000033          0x0000013e   Section        2  libinit2.o(.ARM.Collect$$libinit$$00000033)
    .ARM.Collect$$libshutdown$$00000000      0x00000140   Section        2  libshutdown.o(.ARM.Collect$$libshutdown$$00000000)
    .ARM.Collect$$libshutdown$$00000002      0x00000142   Section        0  libshutdown2.o(.ARM.Collect$$libshutdown$$00000002)
    .ARM.Collect$$libshutdown$$00000004      0x00000142   Section        0  libshutdown2.o(.ARM.Collect$$libshutdown$$00000004)
    .ARM.Collect$$libshutdown$$00000007      0x00000142   Section        0  libshutdown2.o(.ARM.Collect$$libshutdown$$00000007)
    .ARM.Collect$$libshutdown$$0000000A      0x00000142   Section        0  libshutdown2.o(.ARM.Collect$$libshutdown$$0000000A)
    .ARM.Collect$$libshutdown$$0000000C      0x00000142   Section        0  libshutdown2.o(.ARM.Collect$$libshutdown$$0000000C)
    .ARM.Collect$$libshutdown$$0000000F      0x00000142   Section        0  libshutdown2.o(.ARM.Collect$$libshutdown$$0000000F)
    .ARM.Collect$$libshutdown$$00000010      0x00000142   Section        2  libshutdown2.o(.ARM.Collect$$libshutdown$$00000010)
    .ARM.Collect$$rtentry$$00000000          0x00000144   Section        0  __rtentry.o(.ARM.Collect$$rtentry$$00000000)
    .ARM.Collect$$rtentry$$00000002          0x00000144   Section        0  __rtentry2.o(.ARM.Collect$$rtentry$$00000002)
    .ARM.Collect$$rtentry$$00000004          0x00000144   Section        6  __rtentry4.o(.ARM.Collect$$rtentry$$00000004)
    .ARM.Collect$$rtentry$$00000009          0x0000014a   Section        0  __rtentry2.o(.ARM.Collect$$rtentry$$00000009)
    .ARM.Collect$$rtentry$$0000000A          0x0000014a   Section        4  __rtentry2.o(.ARM.Collect$$rtentry$$0000000A)
    .ARM.Collect$$rtentry$$0000000C          0x0000014e   Section        0  __rtentry2.o(.ARM.Collect$$rtentry$$0000000C)
    .ARM.Collect$$rtentry$$0000000D          0x0000014e   Section        8  __rtentry2.o(.ARM.Collect$$rtentry$$0000000D)
    .ARM.Collect$$rtexit$$00000000           0x00000156   Section        2  rtexit.o(.ARM.Collect$$rtexit$$00000000)
    .ARM.Collect$$rtexit$$00000002           0x00000158   Section        0  rtexit2.o(.ARM.Collect$$rtexit$$00000002)
    .ARM.Collect$$rtexit$$00000003           0x00000158   Section        4  rtexit2.o(.ARM.Collect$$rtexit$$00000003)
    .ARM.Collect$$rtexit$$00000004           0x0000015c   Section        6  rtexit2.o(.ARM.Collect$$rtexit$$00000004)
    .text                                    0x00000164   Section       88  startup_hc32l110.o(.text)
    .text                                    0x000001bc   Section        2  use_no_semi_2.o(.text)
    .text                                    0x000001c0   Section        0  noretval__2printf.o(.text)
    .text                                    0x000001dc   Section      346  aeabi_sdiv.o(.text)
    .text                                    0x00000336   Section        0  heapauxi.o(.text)
    .text                                    0x0000033c   Section        2  use_no_semi.o(.text)
    .text                                    0x00000340   Section        0  _printf_char_file.o(.text)
    .text                                    0x00000368   Section        0  _printf_char_common.o(.text)
    _printf_input_char                       0x00000369   Thumb Code    10  _printf_char_common.o(.text)
    .text                                    0x00000398   Section        0  ferror.o(.text)
    .text                                    0x000003a0   Section       62  sys_stackheap_outer.o(.text)
    .text                                    0x000003de   Section        0  __printf_nopercent.o(.text)
    .text                                    0x00000402   Section        0  exit.o(.text)
    .text                                    0x00000414   Section        8  libspace.o(.text)
    i.Bt_ARRSet                              0x0000041c   Section        0  bt.o(i.Bt_ARRSet)
    i.Bt_Cnt16Set                            0x00000478   Section        0  bt.o(i.Bt_Cnt16Set)
    i.Bt_Init                                0x000004d4   Section        0  bt.o(i.Bt_Init)
    i.Bt_Run                                 0x000006c4   Section        0  bt.o(i.Bt_Run)
    i.ClkUnlock                              0x00000718   Section        0  clk.o(i.ClkUnlock)
    ClkUnlock                                0x00000719   Thumb Code    12  clk.o(i.ClkUnlock)
    i.ClkWriteDummy                          0x00000730   Section        0  clk.o(i.ClkWriteDummy)
    ClkWriteDummy                            0x00000731   Thumb Code    16  clk.o(i.ClkWriteDummy)
    i.Clk_Enable                             0x00000744   Section        0  clk.o(i.Clk_Enable)
    i.Clk_GetClkRdy                          0x00000874   Section        0  clk.o(i.Clk_GetClkRdy)
    i.Clk_GetHClkFreq                        0x000008bc   Section        0  clk.o(i.Clk_GetHClkFreq)
    i.Clk_GetPClkFreq                        0x0000096c   Section        0  clk.o(i.Clk_GetPClkFreq)
    i.Clk_Init                               0x0000098c   Section        0  clk.o(i.Clk_Init)
    i.Clk_SetHClkDiv                         0x000009a8   Section        0  clk.o(i.Clk_SetHClkDiv)
    i.Clk_SetPClkDiv                         0x00000a14   Section        0  clk.o(i.Clk_SetPClkDiv)
    i.Clk_SetPeripheralGate                  0x00000a64   Section        0  clk.o(i.Clk_SetPeripheralGate)
    i.Clk_SetRCHFreq                         0x00000aa0   Section        0  clk.o(i.Clk_SetRCHFreq)
    i.Clk_SetRCL_StableTime                  0x00000b40   Section        0  clk.o(i.Clk_SetRCL_StableTime)
    i.Clk_SetSource                          0x00000bb0   Section        0  clk.o(i.Clk_SetSource)
    i.Clk_SetXTH_StableTime                  0x00000bfc   Section        0  clk.o(i.Clk_SetXTH_StableTime)
    i.Clk_SetXTL_StableTime                  0x00000c5c   Section        0  clk.o(i.Clk_SetXTL_StableTime)
    i.Clk_SwitchTo                           0x00000cbc   Section        0  clk.o(i.Clk_SwitchTo)
    i.Clk_SysTickConfig                      0x00000d68   Section        0  clk.o(i.Clk_SysTickConfig)
    i.Gpio_InitIOExt                         0x00000e2c   Section        0  gpio.o(i.Gpio_InitIOExt)
    i.Gpio_SetAnalog                         0x00000f94   Section        0  gpio.o(i.Gpio_SetAnalog)
    i.Gpio_SetIO                             0x00000fd4   Section        0  gpio.o(i.Gpio_SetIO)
    i.HardFault_Handler                      0x0000101c   Section        0  interrupts_hc32l110.o(i.HardFault_Handler)
    i.IRQ000_Handler                         0x0000102c   Section        0  interrupts_hc32l110.o(i.IRQ000_Handler)
    i.IRQ001_Handler                         0x00001036   Section        0  interrupts_hc32l110.o(i.IRQ001_Handler)
    i.IRQ002_Handler                         0x00001040   Section        0  interrupts_hc32l110.o(i.IRQ002_Handler)
    i.IRQ003_Handler                         0x0000104a   Section        0  interrupts_hc32l110.o(i.IRQ003_Handler)
    i.IRQ006_Handler                         0x00001054   Section        0  interrupts_hc32l110.o(i.IRQ006_Handler)
    i.IRQ007_Handler                         0x0000105e   Section        0  interrupts_hc32l110.o(i.IRQ007_Handler)
    i.IRQ008_Handler                         0x00001068   Section        0  interrupts_hc32l110.o(i.IRQ008_Handler)
    i.IRQ010_Handler                         0x00001072   Section        0  interrupts_hc32l110.o(i.IRQ010_Handler)
    i.IRQ012_Handler                         0x0000107c   Section        0  interrupts_hc32l110.o(i.IRQ012_Handler)
    i.IRQ014_Handler                         0x00001086   Section        0  interrupts_hc32l110.o(i.IRQ014_Handler)
    i.IRQ015_Handler                         0x00001090   Section        0  interrupts_hc32l110.o(i.IRQ015_Handler)
    i.IRQ016_Handler                         0x0000109a   Section        0  interrupts_hc32l110.o(i.IRQ016_Handler)
    i.IRQ017_Handler                         0x000010a4   Section        0  interrupts_hc32l110.o(i.IRQ017_Handler)
    i.IRQ018_Handler                         0x000010ae   Section        0  interrupts_hc32l110.o(i.IRQ018_Handler)
    i.IRQ019_Handler                         0x000010b8   Section        0  interrupts_hc32l110.o(i.IRQ019_Handler)
    i.IRQ020_Handler                         0x000010c2   Section        0  interrupts_hc32l110.o(i.IRQ020_Handler)
    i.IRQ021_Handler                         0x000010cc   Section        0  interrupts_hc32l110.o(i.IRQ021_Handler)
    i.IRQ022_Handler                         0x000010d6   Section        0  interrupts_hc32l110.o(i.IRQ022_Handler)
    i.IRQ023_Handler                         0x000010e0   Section        0  interrupts_hc32l110.o(i.IRQ023_Handler)
    i.IRQ024_Handler                         0x000010ea   Section        0  interrupts_hc32l110.o(i.IRQ024_Handler)
    i.IRQ026_Handler                         0x000010f4   Section        0  interrupts_hc32l110.o(i.IRQ026_Handler)
    i.IRQ027_Handler                         0x000010fe   Section        0  interrupts_hc32l110.o(i.IRQ027_Handler)
    i.IRQ028_Handler                         0x00001108   Section        0  interrupts_hc32l110.o(i.IRQ028_Handler)
    i.IRQ030_Handler                         0x00001112   Section        0  interrupts_hc32l110.o(i.IRQ030_Handler)
    i.IRQ031_Handler                         0x0000111c   Section        0  interrupts_hc32l110.o(i.IRQ031_Handler)
    i.LPUartDeInitNvic                       0x00001128   Section        0  lpuart.o(i.LPUartDeInitNvic)
    LPUartDeInitNvic                         0x00001129   Thumb Code    70  lpuart.o(i.LPUartDeInitNvic)
    i.LPUartGetInternDataCb                  0x00001174   Section        0  lpuart.o(i.LPUartGetInternDataCb)
    LPUartGetInternDataCb                    0x00001175   Thumb Code     4  lpuart.o(i.LPUartGetInternDataCb)
    i.LPUartInitNvic                         0x0000117c   Section        0  lpuart.o(i.LPUartInitNvic)
    LPUartInitNvic                           0x0000117d   Thumb Code    46  lpuart.o(i.LPUartInitNvic)
    i.LPUart_ClrStatus                       0x000011b0   Section        0  lpuart.o(i.LPUart_ClrStatus)
    i.LPUart_EnableIrq                       0x000011f8   Section        0  lpuart.o(i.LPUart_EnableIrq)
    i.LPUart_GetStatus                       0x00001248   Section        0  lpuart.o(i.LPUart_GetStatus)
    i.LPUart_Init                            0x0000129c   Section        0  lpuart.o(i.LPUart_Init)
    i.LPUart_SelSclk                         0x00001304   Section        0  lpuart.o(i.LPUart_SelSclk)
    i.LPUart_SelSclkPrs                      0x00001348   Section        0  lpuart.o(i.LPUart_SelSclkPrs)
    i.LPUart_SendData                        0x00001370   Section        0  lpuart.o(i.LPUart_SendData)
    i.LPUart_SetBaudRate                     0x0000139c   Section        0  lpuart.o(i.LPUart_SetBaudRate)
    i.LPUart_SetMode                         0x00001418   Section        0  lpuart.o(i.LPUart_SetMode)
    i.LPUart_SetMultiMode                    0x0000148c   Section        0  lpuart.o(i.LPUart_SetMultiMode)
    i.Log2                                   0x000014c0   Section        0  ddl.o(i.Log2)
    i.Motor_Port_Init                        0x000014d8   Section        0  main.o(i.Motor_Port_Init)
    i.SystemCoreClockUpdate                  0x00001564   Section        0  system_hc32l110.o(i.SystemCoreClockUpdate)
    i.SystemInit                             0x00001574   Section        0  system_hc32l110.o(i.SystemInit)
    i._HidePinInit                           0x000015ac   Section        0  system_hc32l110.o(i._HidePinInit)
    _HidePinInit                             0x000015ad   Thumb Code     2  system_hc32l110.o(i._HidePinInit)
    i.__ARM_common_switch8                   0x000015ae   Section        0  clk.o(i.__ARM_common_switch8)
    i.__NVIC_ClearPendingIRQ                 0x000015cc   Section        0  lpuart.o(i.__NVIC_ClearPendingIRQ)
    __NVIC_ClearPendingIRQ                   0x000015cd   Thumb Code    18  lpuart.o(i.__NVIC_ClearPendingIRQ)
    i.__NVIC_SetPriority                     0x000015e4   Section        0  clk.o(i.__NVIC_SetPriority)
    __NVIC_SetPriority                       0x000015e5   Thumb Code   110  clk.o(i.__NVIC_SetPriority)
    i.__NVIC_SetPriority                     0x0000165c   Section        0  lpuart.o(i.__NVIC_SetPriority)
    __NVIC_SetPriority                       0x0000165d   Thumb Code   110  lpuart.o(i.__NVIC_SetPriority)
    i._sys_exit                              0x000016d4   Section        0  ddl.o(i._sys_exit)
    i.ddl_memclr                             0x000016d8   Section        0  ddl.o(i.ddl_memclr)
    i.delay1ms                               0x000016f8   Section        0  ddl.o(i.delay1ms)
    i.fputc                                  0x00001734   Section        0  main.o(i.fputc)
    i.main                                   0x00001744   Section        0  main.o(i.main)
    .constdata                               0x000018b4   Section        8  clk.o(.constdata)
    .data                                    0x20000000   Section        4  system_hc32l110.o(.data)
    .data                                    0x20000004   Section        4  ddl.o(.data)
    .data                                    0x20000008   Section       12  bt.o(.data)
    pfnTim0Callback                          0x20000008   Data           4  bt.o(.data)
    pfnTim1Callback                          0x2000000c   Data           4  bt.o(.data)
    pfnTim2Callback                          0x20000010   Data           4  bt.o(.data)
    .bss                                     0x20000014   Section       12  lpuart.o(.bss)
    stcLPUartIrqCb                           0x20000014   Data          12  lpuart.o(.bss)
    .bss                                     0x20000020   Section       96  libspace.o(.bss)
    HEAP                                     0x20000080   Section      256  startup_hc32l110.o(HEAP)
    Heap_Mem                                 0x20000080   Data         256  startup_hc32l110.o(HEAP)
    STACK                                    0x20000180   Section      256  startup_hc32l110.o(STACK)
    Stack_Mem                                0x20000180   Data         256  startup_hc32l110.o(STACK)
    __initial_sp                             0x20000280   Data           0  startup_hc32l110.o(STACK)

    Global Symbols

    Symbol Name                              Value     Ov Type        Size  Object(Section)

    BuildAttributes$$THM_ISAv3M$S$PE$A:L22$X:L11$S22$IEEE1$IW$USESV6$~STKCKD$USESV7$~SHL$OSPACE$ROPI$EBA8$UX$STANDARDLIB$REQ8$PRES8$EABIv2 0x00000000   Number         0  anon$$obj.o ABSOLUTE
    __ARM_use_no_argv                        0x00000000   Number         0  main.o ABSOLUTE
    __Vectors                                0x00000000   Data           4  startup_hc32l110.o(RESET)
    Adt_IRQHandler                            - Undefined Weak Reference
    ClkTrim_IRQHandler                        - Undefined Weak Reference
    EfRam_IRQHandler                          - Undefined Weak Reference
    Gpio_IRQHandler                           - Undefined Weak Reference
    I2c_IRQHandler                            - Undefined Weak Reference
    LpTim_IRQHandler                          - Undefined Weak Reference
    Lvd_IRQHandler                            - Undefined Weak Reference
    Pca_IRQHandler                            - Undefined Weak Reference
    Rtc_IRQHandler                            - Undefined Weak Reference
    Spi_IRQHandler                            - Undefined Weak Reference
    Vc_IRQHandler                             - Undefined Weak Reference
    Wdt_IRQHandler                            - Undefined Weak Reference
    __ARM_exceptions_init                     - Undefined Weak Reference
    __alloca_initialize                       - Undefined Weak Reference
    __arm_preinit_                            - Undefined Weak Reference
    __cpp_initialize__aeabi_                  - Undefined Weak Reference
    __cxa_finalize                            - Undefined Weak Reference
    __rt_locale                               - Undefined Weak Reference
    __sigvec_lookup                           - Undefined Weak Reference
    _atexit_init                              - Undefined Weak Reference
    _call_atexit_fns                          - Undefined Weak Reference
    _clock_init                               - Undefined Weak Reference
    _fp_trap_init                             - Undefined Weak Reference
    _fp_trap_shutdown                         - Undefined Weak Reference
    _get_lc_collate                           - Undefined Weak Reference
    _get_lc_ctype                             - Undefined Weak Reference
    _get_lc_monetary                          - Undefined Weak Reference
    _get_lc_numeric                           - Undefined Weak Reference
    _get_lc_time                              - Undefined Weak Reference
    _getenv_init                              - Undefined Weak Reference
    _handle_redirection                       - Undefined Weak Reference
    _init_alloc                               - Undefined Weak Reference
    _init_user_alloc                          - Undefined Weak Reference
    _initio                                   - Undefined Weak Reference
    _mutex_acquire                            - Undefined Weak Reference
    _mutex_release                            - Undefined Weak Reference
    _rand_init                                - Undefined Weak Reference
    _signal_finish                            - Undefined Weak Reference
    _signal_init                              - Undefined Weak Reference
    _terminate_alloc                          - Undefined Weak Reference
    _terminate_user_alloc                     - Undefined Weak Reference
    _terminateio                              - Undefined Weak Reference
    __Vectors_End                            0x000000c0   Data           0  startup_hc32l110.o(RESET)
    __Vectors_Size                           0x000000c0   Number         0  startup_hc32l110.o ABSOLUTE
    __main                                   0x000000c1   Thumb Code     8  __main.o(!!!main)
    __scatterload                            0x000000c9   Thumb Code     0  __scatter.o(!!!scatter)
    __scatterload_rt2                        0x000000c9   Thumb Code    52  __scatter.o(!!!scatter)
    __scatterload_rt2_thumb_only             0x000000c9   Thumb Code     0  __scatter.o(!!!scatter)
    __scatterload_null                       0x000000d9   Thumb Code     0  __scatter.o(!!!scatter)
    __scatterload_copy                       0x00000105   Thumb Code    26  __scatter_copy.o(!!handler_copy)
    __scatterload_zeroinit                   0x00000121   Thumb Code    28  __scatter_zi.o(!!handler_zi)
    __rt_lib_init                            0x0000013d   Thumb Code     0  libinit.o(.ARM.Collect$$libinit$$00000000)
    __rt_lib_init_alloca_1                   0x0000013f   Thumb Code     0  libinit2.o(.ARM.Collect$$libinit$$0000002E)
    __rt_lib_init_argv_1                     0x0000013f   Thumb Code     0  libinit2.o(.ARM.Collect$$libinit$$0000002C)
    __rt_lib_init_atexit_1                   0x0000013f   Thumb Code     0  libinit2.o(.ARM.Collect$$libinit$$0000001B)
    __rt_lib_init_clock_1                    0x0000013f   Thumb Code     0  libinit2.o(.ARM.Collect$$libinit$$00000021)
    __rt_lib_init_cpp_1                      0x0000013f   Thumb Code     0  libinit2.o(.ARM.Collect$$libinit$$00000032)
    __rt_lib_init_exceptions_1               0x0000013f   Thumb Code     0  libinit2.o(.ARM.Collect$$libinit$$00000030)
    __rt_lib_init_fp_1                       0x0000013f   Thumb Code     0  libinit2.o(.ARM.Collect$$libinit$$00000002)
    __rt_lib_init_fp_trap_1                  0x0000013f   Thumb Code     0  libinit2.o(.ARM.Collect$$libinit$$0000001F)
    __rt_lib_init_getenv_1                   0x0000013f   Thumb Code     0  libinit2.o(.ARM.Collect$$libinit$$00000023)
    __rt_lib_init_heap_1                     0x0000013f   Thumb Code     0  libinit2.o(.ARM.Collect$$libinit$$0000000A)
    __rt_lib_init_lc_collate_1               0x0000013f   Thumb Code     0  libinit2.o(.ARM.Collect$$libinit$$00000011)
    __rt_lib_init_lc_ctype_1                 0x0000013f   Thumb Code     0  libinit2.o(.ARM.Collect$$libinit$$00000013)
    __rt_lib_init_lc_monetary_1              0x0000013f   Thumb Code     0  libinit2.o(.ARM.Collect$$libinit$$00000015)
    __rt_lib_init_lc_numeric_1               0x0000013f   Thumb Code     0  libinit2.o(.ARM.Collect$$libinit$$00000017)
    __rt_lib_init_lc_time_1                  0x0000013f   Thumb Code     0  libinit2.o(.ARM.Collect$$libinit$$00000019)
    __rt_lib_init_preinit_1                  0x0000013f   Thumb Code     0  libinit2.o(.ARM.Collect$$libinit$$00000004)
    __rt_lib_init_rand_1                     0x0000013f   Thumb Code     0  libinit2.o(.ARM.Collect$$libinit$$0000000E)
    __rt_lib_init_return                     0x0000013f   Thumb Code     0  libinit2.o(.ARM.Collect$$libinit$$00000033)
    __rt_lib_init_signal_1                   0x0000013f   Thumb Code     0  libinit2.o(.ARM.Collect$$libinit$$0000001D)
    __rt_lib_init_stdio_1                    0x0000013f   Thumb Code     0  libinit2.o(.ARM.Collect$$libinit$$00000025)
    __rt_lib_init_user_alloc_1               0x0000013f   Thumb Code     0  libinit2.o(.ARM.Collect$$libinit$$0000000C)
    __rt_lib_shutdown                        0x00000141   Thumb Code     0  libshutdown.o(.ARM.Collect$$libshutdown$$00000000)
    __rt_lib_shutdown_cpp_1                  0x00000143   Thumb Code     0  libshutdown2.o(.ARM.Collect$$libshutdown$$00000002)
    __rt_lib_shutdown_fp_trap_1              0x00000143   Thumb Code     0  libshutdown2.o(.ARM.Collect$$libshutdown$$00000007)
    __rt_lib_shutdown_heap_1                 0x00000143   Thumb Code     0  libshutdown2.o(.ARM.Collect$$libshutdown$$0000000F)
    __rt_lib_shutdown_return                 0x00000143   Thumb Code     0  libshutdown2.o(.ARM.Collect$$libshutdown$$00000010)
    __rt_lib_shutdown_signal_1               0x00000143   Thumb Code     0  libshutdown2.o(.ARM.Collect$$libshutdown$$0000000A)
    __rt_lib_shutdown_stdio_1                0x00000143   Thumb Code     0  libshutdown2.o(.ARM.Collect$$libshutdown$$00000004)
    __rt_lib_shutdown_user_alloc_1           0x00000143   Thumb Code     0  libshutdown2.o(.ARM.Collect$$libshutdown$$0000000C)
    __rt_entry                               0x00000145   Thumb Code     0  __rtentry.o(.ARM.Collect$$rtentry$$00000000)
    __rt_entry_presh_1                       0x00000145   Thumb Code     0  __rtentry2.o(.ARM.Collect$$rtentry$$00000002)
    __rt_entry_sh                            0x00000145   Thumb Code     0  __rtentry4.o(.ARM.Collect$$rtentry$$00000004)
    __rt_entry_li                            0x0000014b   Thumb Code     0  __rtentry2.o(.ARM.Collect$$rtentry$$0000000A)
    __rt_entry_postsh_1                      0x0000014b   Thumb Code     0  __rtentry2.o(.ARM.Collect$$rtentry$$00000009)
    __rt_entry_main                          0x0000014f   Thumb Code     0  __rtentry2.o(.ARM.Collect$$rtentry$$0000000D)
    __rt_entry_postli_1                      0x0000014f   Thumb Code     0  __rtentry2.o(.ARM.Collect$$rtentry$$0000000C)
    __rt_exit                                0x00000157   Thumb Code     0  rtexit.o(.ARM.Collect$$rtexit$$00000000)
    __rt_exit_ls                             0x00000159   Thumb Code     0  rtexit2.o(.ARM.Collect$$rtexit$$00000003)
    __rt_exit_prels_1                        0x00000159   Thumb Code     0  rtexit2.o(.ARM.Collect$$rtexit$$00000002)
    __rt_exit_exit                           0x0000015d   Thumb Code     0  rtexit2.o(.ARM.Collect$$rtexit$$00000004)
    Reset_Handler                            0x00000165   Thumb Code    26  startup_hc32l110.o(.text)
    NMI_Handler                              0x0000017f   Thumb Code     2  startup_hc32l110.o(.text)
    SVC_Handler                              0x00000183   Thumb Code     2  startup_hc32l110.o(.text)
    PendSV_Handler                           0x00000185   Thumb Code     2  startup_hc32l110.o(.text)
    SysTick_Handler                          0x00000187   Thumb Code     2  startup_hc32l110.o(.text)
    IRQ004_Handler                           0x00000189   Thumb Code     0  startup_hc32l110.o(.text)
    IRQ005_Handler                           0x00000189   Thumb Code     0  startup_hc32l110.o(.text)
    IRQ009_Handler                           0x00000189   Thumb Code     0  startup_hc32l110.o(.text)
    IRQ011_Handler                           0x00000189   Thumb Code     0  startup_hc32l110.o(.text)
    IRQ013_Handler                           0x00000189   Thumb Code     0  startup_hc32l110.o(.text)
    IRQ025_Handler                           0x00000189   Thumb Code     0  startup_hc32l110.o(.text)
    IRQ029_Handler                           0x00000189   Thumb Code     0  startup_hc32l110.o(.text)
    __user_initial_stackheap                 0x0000018d   Thumb Code     0  startup_hc32l110.o(.text)
    __use_no_semihosting                     0x000001bd   Thumb Code     2  use_no_semi_2.o(.text)
    __2printf                                0x000001c1   Thumb Code    22  noretval__2printf.o(.text)
    __aeabi_uidiv                            0x000001dd   Thumb Code     0  aeabi_sdiv.o(.text)
    __aeabi_uidivmod                         0x000001dd   Thumb Code    20  aeabi_sdiv.o(.text)
    __aeabi_idiv                             0x000001f1   Thumb Code     0  aeabi_sdiv.o(.text)
    __aeabi_idivmod                          0x000001f1   Thumb Code   326  aeabi_sdiv.o(.text)
    __use_two_region_memory                  0x00000337   Thumb Code     2  heapauxi.o(.text)
    __rt_heap_escrow$2region                 0x00000339   Thumb Code     2  heapauxi.o(.text)
    __rt_heap_expand$2region                 0x0000033b   Thumb Code     2  heapauxi.o(.text)
    __I$use$semihosting                      0x0000033d   Thumb Code     0  use_no_semi.o(.text)
    __use_no_semihosting_swi                 0x0000033d   Thumb Code     2  use_no_semi.o(.text)
    _printf_char_file                        0x00000341   Thumb Code    34  _printf_char_file.o(.text)
    _printf_char_common                      0x00000373   Thumb Code    32  _printf_char_common.o(.text)
    ferror                                   0x00000399   Thumb Code     8  ferror.o(.text)
    __user_setup_stackheap                   0x000003a1   Thumb Code    62  sys_stackheap_outer.o(.text)
    __printf                                 0x000003df   Thumb Code    36  __printf_nopercent.o(.text)
    exit                                     0x00000403   Thumb Code    16  exit.o(.text)
    __user_libspace                          0x00000415   Thumb Code     8  libspace.o(.text)
    __user_perproc_libspace                  0x00000415   Thumb Code     0  libspace.o(.text)
    __user_perthread_libspace                0x00000415   Thumb Code     0  libspace.o(.text)
    Bt_ARRSet                                0x0000041d   Thumb Code    86  bt.o(i.Bt_ARRSet)
    Bt_Cnt16Set                              0x00000479   Thumb Code    86  bt.o(i.Bt_Cnt16Set)
    Bt_Init                                  0x000004d5   Thumb Code   478  bt.o(i.Bt_Init)
    Bt_Run                                   0x000006c5   Thumb Code    78  bt.o(i.Bt_Run)
    Clk_Enable                               0x00000745   Thumb Code   296  clk.o(i.Clk_Enable)
    Clk_GetClkRdy                            0x00000875   Thumb Code    68  clk.o(i.Clk_GetClkRdy)
    Clk_GetHClkFreq                          0x000008bd   Thumb Code   144  clk.o(i.Clk_GetHClkFreq)
    Clk_GetPClkFreq                          0x0000096d   Thumb Code    28  clk.o(i.Clk_GetPClkFreq)
    Clk_Init                                 0x0000098d   Thumb Code    26  clk.o(i.Clk_Init)
    Clk_SetHClkDiv                           0x000009a9   Thumb Code   104  clk.o(i.Clk_SetHClkDiv)
    Clk_SetPClkDiv                           0x00000a15   Thumb Code    76  clk.o(i.Clk_SetPClkDiv)
    Clk_SetPeripheralGate                    0x00000a65   Thumb Code    54  clk.o(i.Clk_SetPeripheralGate)
    Clk_SetRCHFreq                           0x00000aa1   Thumb Code   150  clk.o(i.Clk_SetRCHFreq)
    Clk_SetRCL_StableTime                    0x00000b41   Thumb Code   108  clk.o(i.Clk_SetRCL_StableTime)
    Clk_SetSource                            0x00000bb1   Thumb Code    70  clk.o(i.Clk_SetSource)
    Clk_SetXTH_StableTime                    0x00000bfd   Thumb Code    92  clk.o(i.Clk_SetXTH_StableTime)
    Clk_SetXTL_StableTime                    0x00000c5d   Thumb Code    92  clk.o(i.Clk_SetXTL_StableTime)
    Clk_SwitchTo                             0x00000cbd   Thumb Code   156  clk.o(i.Clk_SwitchTo)
    Clk_SysTickConfig                        0x00000d69   Thumb Code   188  clk.o(i.Clk_SysTickConfig)
    Gpio_InitIOExt                           0x00000e2d   Thumb Code   350  gpio.o(i.Gpio_InitIOExt)
    Gpio_SetAnalog                           0x00000f95   Thumb Code    58  gpio.o(i.Gpio_SetAnalog)
    Gpio_SetIO                               0x00000fd5   Thumb Code    66  gpio.o(i.Gpio_SetIO)
    HardFault_Handler                        0x0000101d   Thumb Code    16  interrupts_hc32l110.o(i.HardFault_Handler)
    IRQ000_Handler                           0x0000102d   Thumb Code    10  interrupts_hc32l110.o(i.IRQ000_Handler)
    IRQ001_Handler                           0x00001037   Thumb Code    10  interrupts_hc32l110.o(i.IRQ001_Handler)
    IRQ002_Handler                           0x00001041   Thumb Code    10  interrupts_hc32l110.o(i.IRQ002_Handler)
    IRQ003_Handler                           0x0000104b   Thumb Code    10  interrupts_hc32l110.o(i.IRQ003_Handler)
    IRQ006_Handler                           0x00001055   Thumb Code    10  interrupts_hc32l110.o(i.IRQ006_Handler)
    IRQ007_Handler                           0x0000105f   Thumb Code    10  interrupts_hc32l110.o(i.IRQ007_Handler)
    IRQ008_Handler                           0x00001069   Thumb Code    10  interrupts_hc32l110.o(i.IRQ008_Handler)
    IRQ010_Handler                           0x00001073   Thumb Code    10  interrupts_hc32l110.o(i.IRQ010_Handler)
    IRQ012_Handler                           0x0000107d   Thumb Code    10  interrupts_hc32l110.o(i.IRQ012_Handler)
    IRQ014_Handler                           0x00001087   Thumb Code    10  interrupts_hc32l110.o(i.IRQ014_Handler)
    IRQ015_Handler                           0x00001091   Thumb Code    10  interrupts_hc32l110.o(i.IRQ015_Handler)
    IRQ016_Handler                           0x0000109b   Thumb Code    10  interrupts_hc32l110.o(i.IRQ016_Handler)
    IRQ017_Handler                           0x000010a5   Thumb Code    10  interrupts_hc32l110.o(i.IRQ017_Handler)
    IRQ018_Handler                           0x000010af   Thumb Code    10  interrupts_hc32l110.o(i.IRQ018_Handler)
    IRQ019_Handler                           0x000010b9   Thumb Code    10  interrupts_hc32l110.o(i.IRQ019_Handler)
    IRQ020_Handler                           0x000010c3   Thumb Code    10  interrupts_hc32l110.o(i.IRQ020_Handler)
    IRQ021_Handler                           0x000010cd   Thumb Code    10  interrupts_hc32l110.o(i.IRQ021_Handler)
    IRQ022_Handler                           0x000010d7   Thumb Code    10  interrupts_hc32l110.o(i.IRQ022_Handler)
    IRQ023_Handler                           0x000010e1   Thumb Code    10  interrupts_hc32l110.o(i.IRQ023_Handler)
    IRQ024_Handler                           0x000010eb   Thumb Code    10  interrupts_hc32l110.o(i.IRQ024_Handler)
    IRQ026_Handler                           0x000010f5   Thumb Code    10  interrupts_hc32l110.o(i.IRQ026_Handler)
    IRQ027_Handler                           0x000010ff   Thumb Code    10  interrupts_hc32l110.o(i.IRQ027_Handler)
    IRQ028_Handler                           0x00001109   Thumb Code    10  interrupts_hc32l110.o(i.IRQ028_Handler)
    IRQ030_Handler                           0x00001113   Thumb Code    10  interrupts_hc32l110.o(i.IRQ030_Handler)
    IRQ031_Handler                           0x0000111d   Thumb Code    10  interrupts_hc32l110.o(i.IRQ031_Handler)
    LPUart_ClrStatus                         0x000011b1   Thumb Code    68  lpuart.o(i.LPUart_ClrStatus)
    LPUart_EnableIrq                         0x000011f9   Thumb Code    76  lpuart.o(i.LPUart_EnableIrq)
    LPUart_GetStatus                         0x00001249   Thumb Code    78  lpuart.o(i.LPUart_GetStatus)
    LPUart_Init                              0x0000129d   Thumb Code   102  lpuart.o(i.LPUart_Init)
    LPUart_SelSclk                           0x00001305   Thumb Code    62  lpuart.o(i.LPUart_SelSclk)
    LPUart_SelSclkPrs                        0x00001349   Thumb Code    34  lpuart.o(i.LPUart_SelSclkPrs)
    LPUart_SendData                          0x00001371   Thumb Code    40  lpuart.o(i.LPUart_SendData)
    LPUart_SetBaudRate                       0x0000139d   Thumb Code   118  lpuart.o(i.LPUart_SetBaudRate)
    LPUart_SetMode                           0x00001419   Thumb Code   112  lpuart.o(i.LPUart_SetMode)
    LPUart_SetMultiMode                      0x0000148d   Thumb Code    46  lpuart.o(i.LPUart_SetMultiMode)
    Log2                                     0x000014c1   Thumb Code    24  ddl.o(i.Log2)
    Motor_Port_Init                          0x000014d9   Thumb Code   140  main.o(i.Motor_Port_Init)
    SystemCoreClockUpdate                    0x00001565   Thumb Code    12  system_hc32l110.o(i.SystemCoreClockUpdate)
    SystemInit                               0x00001575   Thumb Code    50  system_hc32l110.o(i.SystemInit)
    __ARM_common_switch8                     0x000015af   Thumb Code    28  clk.o(i.__ARM_common_switch8)
    _sys_exit                                0x000016d5   Thumb Code     4  ddl.o(i._sys_exit)
    ddl_memclr                               0x000016d9   Thumb Code    32  ddl.o(i.ddl_memclr)
    delay1ms                                 0x000016f9   Thumb Code    50  ddl.o(i.delay1ms)
    fputc                                    0x00001735   Thumb Code    16  main.o(i.fputc)
    main                                     0x00001745   Thumb Code   344  main.o(i.main)
    Region$$Table$$Base                      0x000018bc   Number         0  anon$$obj.o(Region$$Table)
    Region$$Table$$Limit                     0x000018dc   Number         0  anon$$obj.o(Region$$Table)
    SystemCoreClock                          0x20000000   Data           4  system_hc32l110.o(.data)
    __stdout                                 0x20000004   Data           4  ddl.o(.data)
    __libspace_start                         0x20000020   Data          96  libspace.o(.bss)
    __temporary_stack_top$libspace           0x20000080   Data           0  libspace.o(.bss)



==============================================================================

Memory Map of the image

  Image Entry point : 0x000000c1

  Load Region LR_IROM1 (Base: 0x00000000, Size: 0x000018f0, Max: 0x00008000, ABSOLUTE)

    Execution Region ER_IROM1 (Exec base: 0x00000000, Load base: 0x00000000, Size: 0x000018dc, Max: 0x00008000, ABSOLUTE)

    Exec Addr    Load Addr    Size         Type   Attr      Idx    E Section Name        Object

    0x00000000   0x00000000   0x000000c0   Data   RO            3    RESET               startup_hc32l110.o
    0x000000c0   0x000000c0   0x00000008   Code   RO         1365  * !!!main             c_p.l(__main.o)
    0x000000c8   0x000000c8   0x0000003c   Code   RO         1540    !!!scatter          c_p.l(__scatter.o)
    0x00000104   0x00000104   0x0000001a   Code   RO         1542    !!handler_copy      c_p.l(__scatter_copy.o)
    0x0000011e   0x0000011e   0x00000002   PAD
    0x00000120   0x00000120   0x0000001c   Code   RO         1544    !!handler_zi        c_p.l(__scatter_zi.o)
    0x0000013c   0x0000013c   0x00000002   Code   RO         1415    .ARM.Collect$$libinit$$00000000  c_p.l(libinit.o)
    0x0000013e   0x0000013e   0x00000000   Code   RO         1429    .ARM.Collect$$libinit$$00000002  c_p.l(libinit2.o)
    0x0000013e   0x0000013e   0x00000000   Code   RO         1431    .ARM.Collect$$libinit$$00000004  c_p.l(libinit2.o)
    0x0000013e   0x0000013e   0x00000000   Code   RO         1434    .ARM.Collect$$libinit$$0000000A  c_p.l(libinit2.o)
    0x0000013e   0x0000013e   0x00000000   Code   RO         1436    .ARM.Collect$$libinit$$0000000C  c_p.l(libinit2.o)
    0x0000013e   0x0000013e   0x00000000   Code   RO         1438    .ARM.Collect$$libinit$$0000000E  c_p.l(libinit2.o)
    0x0000013e   0x0000013e   0x00000000   Code   RO         1441    .ARM.Collect$$libinit$$00000011  c_p.l(libinit2.o)
    0x0000013e   0x0000013e   0x00000000   Code   RO         1443    .ARM.Collect$$libinit$$00000013  c_p.l(libinit2.o)
    0x0000013e   0x0000013e   0x00000000   Code   RO         1445    .ARM.Collect$$libinit$$00000015  c_p.l(libinit2.o)
    0x0000013e   0x0000013e   0x00000000   Code   RO         1447    .ARM.Collect$$libinit$$00000017  c_p.l(libinit2.o)
    0x0000013e   0x0000013e   0x00000000   Code   RO         1449    .ARM.Collect$$libinit$$00000019  c_p.l(libinit2.o)
    0x0000013e   0x0000013e   0x00000000   Code   RO         1451    .ARM.Collect$$libinit$$0000001B  c_p.l(libinit2.o)
    0x0000013e   0x0000013e   0x00000000   Code   RO         1453    .ARM.Collect$$libinit$$0000001D  c_p.l(libinit2.o)
    0x0000013e   0x0000013e   0x00000000   Code   RO         1455    .ARM.Collect$$libinit$$0000001F  c_p.l(libinit2.o)
    0x0000013e   0x0000013e   0x00000000   Code   RO         1457    .ARM.Collect$$libinit$$00000021  c_p.l(libinit2.o)
    0x0000013e   0x0000013e   0x00000000   Code   RO         1459    .ARM.Collect$$libinit$$00000023  c_p.l(libinit2.o)
    0x0000013e   0x0000013e   0x00000000   Code   RO         1461    .ARM.Collect$$libinit$$00000025  c_p.l(libinit2.o)
    0x0000013e   0x0000013e   0x00000000   Code   RO         1465    .ARM.Collect$$libinit$$0000002C  c_p.l(libinit2.o)
    0x0000013e   0x0000013e   0x00000000   Code   RO         1467    .ARM.Collect$$libinit$$0000002E  c_p.l(libinit2.o)
    0x0000013e   0x0000013e   0x00000000   Code   RO         1469    .ARM.Collect$$libinit$$00000030  c_p.l(libinit2.o)
    0x0000013e   0x0000013e   0x00000000   Code   RO         1471    .ARM.Collect$$libinit$$00000032  c_p.l(libinit2.o)
    0x0000013e   0x0000013e   0x00000002   Code   RO         1472    .ARM.Collect$$libinit$$00000033  c_p.l(libinit2.o)
    0x00000140   0x00000140   0x00000002   Code   RO         1496    .ARM.Collect$$libshutdown$$00000000  c_p.l(libshutdown.o)
    0x00000142   0x00000142   0x00000000   Code   RO         1522    .ARM.Collect$$libshutdown$$00000002  c_p.l(libshutdown2.o)
    0x00000142   0x00000142   0x00000000   Code   RO         1524    .ARM.Collect$$libshutdown$$00000004  c_p.l(libshutdown2.o)
    0x00000142   0x00000142   0x00000000   Code   RO         1527    .ARM.Collect$$libshutdown$$00000007  c_p.l(libshutdown2.o)
    0x00000142   0x00000142   0x00000000   Code   RO         1530    .ARM.Collect$$libshutdown$$0000000A  c_p.l(libshutdown2.o)
    0x00000142   0x00000142   0x00000000   Code   RO         1532    .ARM.Collect$$libshutdown$$0000000C  c_p.l(libshutdown2.o)
    0x00000142   0x00000142   0x00000000   Code   RO         1535    .ARM.Collect$$libshutdown$$0000000F  c_p.l(libshutdown2.o)
    0x00000142   0x00000142   0x00000002   Code   RO         1536    .ARM.Collect$$libshutdown$$00000010  c_p.l(libshutdown2.o)
    0x00000144   0x00000144   0x00000000   Code   RO         1369    .ARM.Collect$$rtentry$$00000000  c_p.l(__rtentry.o)
    0x00000144   0x00000144   0x00000000   Code   RO         1377    .ARM.Collect$$rtentry$$00000002  c_p.l(__rtentry2.o)
    0x00000144   0x00000144   0x00000006   Code   RO         1389    .ARM.Collect$$rtentry$$00000004  c_p.l(__rtentry4.o)
    0x0000014a   0x0000014a   0x00000000   Code   RO         1379    .ARM.Collect$$rtentry$$00000009  c_p.l(__rtentry2.o)
    0x0000014a   0x0000014a   0x00000004   Code   RO         1380    .ARM.Collect$$rtentry$$0000000A  c_p.l(__rtentry2.o)
    0x0000014e   0x0000014e   0x00000000   Code   RO         1382    .ARM.Collect$$rtentry$$0000000C  c_p.l(__rtentry2.o)
    0x0000014e   0x0000014e   0x00000008   Code   RO         1383    .ARM.Collect$$rtentry$$0000000D  c_p.l(__rtentry2.o)
    0x00000156   0x00000156   0x00000002   Code   RO         1420    .ARM.Collect$$rtexit$$00000000  c_p.l(rtexit.o)
    0x00000158   0x00000158   0x00000000   Code   RO         1474    .ARM.Collect$$rtexit$$00000002  c_p.l(rtexit2.o)
    0x00000158   0x00000158   0x00000004   Code   RO         1475    .ARM.Collect$$rtexit$$00000003  c_p.l(rtexit2.o)
    0x0000015c   0x0000015c   0x00000006   Code   RO         1476    .ARM.Collect$$rtexit$$00000004  c_p.l(rtexit2.o)
    0x00000162   0x00000162   0x00000002   PAD
    0x00000164   0x00000164   0x00000058   Code   RO            4    .text               startup_hc32l110.o
    0x000001bc   0x000001bc   0x00000002   Code   RO         1353    .text               c_p.l(use_no_semi_2.o)
    0x000001be   0x000001be   0x00000002   PAD
    0x000001c0   0x000001c0   0x0000001c   Code   RO         1357    .text               c_p.l(noretval__2printf.o)
    0x000001dc   0x000001dc   0x0000015a   Code   RO         1359    .text               c_p.l(aeabi_sdiv.o)
    0x00000336   0x00000336   0x00000006   Code   RO         1363    .text               c_p.l(heapauxi.o)
    0x0000033c   0x0000033c   0x00000002   Code   RO         1367    .text               c_p.l(use_no_semi.o)
    0x0000033e   0x0000033e   0x00000002   PAD
    0x00000340   0x00000340   0x00000028   Code   RO         1374    .text               c_p.l(_printf_char_file.o)
    0x00000368   0x00000368   0x00000030   Code   RO         1393    .text               c_p.l(_printf_char_common.o)
    0x00000398   0x00000398   0x00000008   Code   RO         1395    .text               c_p.l(ferror.o)
    0x000003a0   0x000003a0   0x0000003e   Code   RO         1399    .text               c_p.l(sys_stackheap_outer.o)
    0x000003de   0x000003de   0x00000024   Code   RO         1402    .text               c_p.l(__printf_nopercent.o)
    0x00000402   0x00000402   0x00000010   Code   RO         1404    .text               c_p.l(exit.o)
    0x00000412   0x00000412   0x00000002   PAD
    0x00000414   0x00000414   0x00000008   Code   RO         1416    .text               c_p.l(libspace.o)
    0x0000041c   0x0000041c   0x0000005c   Code   RO         1084    i.Bt_ARRSet         bt.o
    0x00000478   0x00000478   0x0000005c   Code   RO         1087    i.Bt_Cnt16Set       bt.o
    0x000004d4   0x000004d4   0x000001f0   Code   RO         1093    i.Bt_Init           bt.o
    0x000006c4   0x000006c4   0x00000054   Code   RO         1094    i.Bt_Run            bt.o
    0x00000718   0x00000718   0x00000018   Code   RO          441    i.ClkUnlock         clk.o
    0x00000730   0x00000730   0x00000014   Code   RO          442    i.ClkWriteDummy     clk.o
    0x00000744   0x00000744   0x00000130   Code   RO          445    i.Clk_Enable        clk.o
    0x00000874   0x00000874   0x00000048   Code   RO          446    i.Clk_GetClkRdy     clk.o
    0x000008bc   0x000008bc   0x000000b0   Code   RO          447    i.Clk_GetHClkFreq   clk.o
    0x0000096c   0x0000096c   0x00000020   Code   RO          448    i.Clk_GetPClkFreq   clk.o
    0x0000098c   0x0000098c   0x0000001a   Code   RO          450    i.Clk_Init          clk.o
    0x000009a6   0x000009a6   0x00000002   PAD
    0x000009a8   0x000009a8   0x0000006c   Code   RO          452    i.Clk_SetHClkDiv    clk.o
    0x00000a14   0x00000a14   0x00000050   Code   RO          453    i.Clk_SetPClkDiv    clk.o
    0x00000a64   0x00000a64   0x0000003c   Code   RO          454    i.Clk_SetPeripheralGate  clk.o
    0x00000aa0   0x00000aa0   0x000000a0   Code   RO          455    i.Clk_SetRCHFreq    clk.o
    0x00000b40   0x00000b40   0x00000070   Code   RO          457    i.Clk_SetRCL_StableTime  clk.o
    0x00000bb0   0x00000bb0   0x0000004c   Code   RO          459    i.Clk_SetSource     clk.o
    0x00000bfc   0x00000bfc   0x00000060   Code   RO          460    i.Clk_SetXTH_StableTime  clk.o
    0x00000c5c   0x00000c5c   0x00000060   Code   RO          462    i.Clk_SetXTL_StableTime  clk.o
    0x00000cbc   0x00000cbc   0x000000ac   Code   RO          463    i.Clk_SwitchTo      clk.o
    0x00000d68   0x00000d68   0x000000c4   Code   RO          464    i.Clk_SysTickConfig  clk.o
    0x00000e2c   0x00000e2c   0x00000168   Code   RO          630    i.Gpio_InitIOExt    gpio.o
    0x00000f94   0x00000f94   0x00000040   Code   RO          631    i.Gpio_SetAnalog    gpio.o
    0x00000fd4   0x00000fd4   0x00000048   Code   RO          634    i.Gpio_SetIO        gpio.o
    0x0000101c   0x0000101c   0x00000010   Code   RO          254    i.HardFault_Handler  interrupts_hc32l110.o
    0x0000102c   0x0000102c   0x0000000a   Code   RO          255    i.IRQ000_Handler    interrupts_hc32l110.o
    0x00001036   0x00001036   0x0000000a   Code   RO          256    i.IRQ001_Handler    interrupts_hc32l110.o
    0x00001040   0x00001040   0x0000000a   Code   RO          257    i.IRQ002_Handler    interrupts_hc32l110.o
    0x0000104a   0x0000104a   0x0000000a   Code   RO          258    i.IRQ003_Handler    interrupts_hc32l110.o
    0x00001054   0x00001054   0x0000000a   Code   RO          259    i.IRQ006_Handler    interrupts_hc32l110.o
    0x0000105e   0x0000105e   0x0000000a   Code   RO          260    i.IRQ007_Handler    interrupts_hc32l110.o
    0x00001068   0x00001068   0x0000000a   Code   RO          261    i.IRQ008_Handler    interrupts_hc32l110.o
    0x00001072   0x00001072   0x0000000a   Code   RO          262    i.IRQ010_Handler    interrupts_hc32l110.o
    0x0000107c   0x0000107c   0x0000000a   Code   RO          263    i.IRQ012_Handler    interrupts_hc32l110.o
    0x00001086   0x00001086   0x0000000a   Code   RO          264    i.IRQ014_Handler    interrupts_hc32l110.o
    0x00001090   0x00001090   0x0000000a   Code   RO          265    i.IRQ015_Handler    interrupts_hc32l110.o
    0x0000109a   0x0000109a   0x0000000a   Code   RO          266    i.IRQ016_Handler    interrupts_hc32l110.o
    0x000010a4   0x000010a4   0x0000000a   Code   RO          267    i.IRQ017_Handler    interrupts_hc32l110.o
    0x000010ae   0x000010ae   0x0000000a   Code   RO          268    i.IRQ018_Handler    interrupts_hc32l110.o
    0x000010b8   0x000010b8   0x0000000a   Code   RO          269    i.IRQ019_Handler    interrupts_hc32l110.o
    0x000010c2   0x000010c2   0x0000000a   Code   RO          270    i.IRQ020_Handler    interrupts_hc32l110.o
    0x000010cc   0x000010cc   0x0000000a   Code   RO          271    i.IRQ021_Handler    interrupts_hc32l110.o
    0x000010d6   0x000010d6   0x0000000a   Code   RO          272    i.IRQ022_Handler    interrupts_hc32l110.o
    0x000010e0   0x000010e0   0x0000000a   Code   RO          273    i.IRQ023_Handler    interrupts_hc32l110.o
    0x000010ea   0x000010ea   0x0000000a   Code   RO          274    i.IRQ024_Handler    interrupts_hc32l110.o
    0x000010f4   0x000010f4   0x0000000a   Code   RO          275    i.IRQ026_Handler    interrupts_hc32l110.o
    0x000010fe   0x000010fe   0x0000000a   Code   RO          276    i.IRQ027_Handler    interrupts_hc32l110.o
    0x00001108   0x00001108   0x0000000a   Code   RO          277    i.IRQ028_Handler    interrupts_hc32l110.o
    0x00001112   0x00001112   0x0000000a   Code   RO          278    i.IRQ030_Handler    interrupts_hc32l110.o
    0x0000111c   0x0000111c   0x0000000a   Code   RO          279    i.IRQ031_Handler    interrupts_hc32l110.o
    0x00001126   0x00001126   0x00000002   PAD
    0x00001128   0x00001128   0x0000004c   Code   RO         1182    i.LPUartDeInitNvic  lpuart.o
    0x00001174   0x00001174   0x00000008   Code   RO         1183    i.LPUartGetInternDataCb  lpuart.o
    0x0000117c   0x0000117c   0x00000034   Code   RO         1184    i.LPUartInitNvic    lpuart.o
    0x000011b0   0x000011b0   0x00000048   Code   RO         1186    i.LPUart_ClrStatus  lpuart.o
    0x000011f8   0x000011f8   0x00000050   Code   RO         1189    i.LPUart_EnableIrq  lpuart.o
    0x00001248   0x00001248   0x00000054   Code   RO         1192    i.LPUart_GetStatus  lpuart.o
    0x0000129c   0x0000129c   0x00000066   Code   RO         1193    i.LPUart_Init       lpuart.o
    0x00001302   0x00001302   0x00000002   PAD
    0x00001304   0x00001304   0x00000044   Code   RO         1195    i.LPUart_SelSclk    lpuart.o
    0x00001348   0x00001348   0x00000028   Code   RO         1196    i.LPUart_SelSclkPrs  lpuart.o
    0x00001370   0x00001370   0x0000002c   Code   RO         1197    i.LPUart_SendData   lpuart.o
    0x0000139c   0x0000139c   0x0000007c   Code   RO         1198    i.LPUart_SetBaudRate  lpuart.o
    0x00001418   0x00001418   0x00000074   Code   RO         1200    i.LPUart_SetMode    lpuart.o
    0x0000148c   0x0000148c   0x00000034   Code   RO         1201    i.LPUart_SetMultiMode  lpuart.o
    0x000014c0   0x000014c0   0x00000018   Code   RO          175    i.Log2              ddl.o
    0x000014d8   0x000014d8   0x0000008c   Code   RO          100    i.Motor_Port_Init   main.o
    0x00001564   0x00001564   0x00000010   Code   RO           12    i.SystemCoreClockUpdate  system_hc32l110.o
    0x00001574   0x00001574   0x00000038   Code   RO           13    i.SystemInit        system_hc32l110.o
    0x000015ac   0x000015ac   0x00000002   Code   RO           14    i._HidePinInit      system_hc32l110.o
    0x000015ae   0x000015ae   0x0000001c   Code   RO          610    i.__ARM_common_switch8  clk.o
    0x000015ca   0x000015ca   0x00000002   PAD
    0x000015cc   0x000015cc   0x00000018   Code   RO         1206    i.__NVIC_ClearPendingIRQ  lpuart.o
    0x000015e4   0x000015e4   0x00000078   Code   RO          467    i.__NVIC_SetPriority  clk.o
    0x0000165c   0x0000165c   0x00000078   Code   RO         1207    i.__NVIC_SetPriority  lpuart.o
    0x000016d4   0x000016d4   0x00000004   Code   RO          177    i._sys_exit         ddl.o
    0x000016d8   0x000016d8   0x00000020   Code   RO          179    i.ddl_memclr        ddl.o
    0x000016f8   0x000016f8   0x0000003c   Code   RO          181    i.delay1ms          ddl.o
    0x00001734   0x00001734   0x00000010   Code   RO          101    i.fputc             main.o
    0x00001744   0x00001744   0x00000170   Code   RO          102    i.main              main.o
    0x000018b4   0x000018b4   0x00000008   Data   RO          468    .constdata          clk.o
    0x000018bc   0x000018bc   0x00000020   Data   RO         1538    Region$$Table       anon$$obj.o


    Execution Region RW_IRAM1 (Exec base: 0x20000000, Load base: 0x000018dc, Size: 0x00000280, Max: 0x00001000, ABSOLUTE)

    Exec Addr    Load Addr    Size         Type   Attr      Idx    E Section Name        Object

    0x20000000   0x000018dc   0x00000004   Data   RW           15    .data               system_hc32l110.o
    0x20000004   0x000018e0   0x00000004   Data   RW          182    .data               ddl.o
    0x20000008   0x000018e4   0x0000000c   Data   RW         1097    .data               bt.o
    0x20000014        -       0x0000000c   Zero   RW         1208    .bss                lpuart.o
    0x20000020        -       0x00000060   Zero   RW         1417    .bss                c_p.l(libspace.o)
    0x20000080        -       0x00000100   Zero   RW            2    HEAP                startup_hc32l110.o
    0x20000180        -       0x00000100   Zero   RW            1    STACK               startup_hc32l110.o


==============================================================================

Image component sizes


      Code (inc. data)   RO Data    RW Data    ZI Data      Debug   Object Name

         0          0          0          0          0       7816   adc.o
       764         36          0         12          0       2945   bt.o
      1958        148          8          0          0      18738   clk.o
       120         10          0          4          0       3833   ddl.o
       496         22          0          0          0       1927   gpio.o
       266          0          0          0          0      11709   interrupts_hc32l110.o
      1062         78          0          0         12       9310   lpuart.o
       524         24          0          0          0      50437   main.o
        88         40        192          0        512        640   startup_hc32l110.o
        74         10          0          4          0      25319   system_hc32l110.o

    ----------------------------------------------------------------------
      5360        368        232         20        524     132674   Object Totals
         0          0         32          0          0          0   (incl. Generated)
         8          0          0          0          0          0   (incl. Padding)

    ----------------------------------------------------------------------

      Code (inc. data)   RO Data    RW Data    ZI Data      Debug   Library Member Name

         8          0          0          0          0         68   __main.o
        36          0          0          0          0         76   __printf_nopercent.o
         0          0          0          0          0          0   __rtentry.o
        12          0          0          0          0          0   __rtentry2.o
         6          0          0          0          0          0   __rtentry4.o
        60          8          0          0          0          0   __scatter.o
        26          0          0          0          0          0   __scatter_copy.o
        28          0          0          0          0          0   __scatter_zi.o
        48          6          0          0          0         88   _printf_char_common.o
        40          6          0          0          0         72   _printf_char_file.o
       346          0          0          0          0         92   aeabi_sdiv.o
        16          0          0          0          0         68   exit.o
         8          0          0          0          0         60   ferror.o
         6          0          0          0          0        136   heapauxi.o
         2          0          0          0          0          0   libinit.o
         2          0          0          0          0          0   libinit2.o
         2          0          0          0          0          0   libshutdown.o
         2          0          0          0          0          0   libshutdown2.o
         8          4          0          0         96         68   libspace.o
        28          6          0          0          0         84   noretval__2printf.o
         2          0          0          0          0          0   rtexit.o
        10          0          0          0          0          0   rtexit2.o
        62          0          0          0          0         80   sys_stackheap_outer.o
         2          0          0          0          0         68   use_no_semi.o
         2          0          0          0          0         68   use_no_semi_2.o

    ----------------------------------------------------------------------
       772         30          0          0         96       1028   Library Totals
        10          0          0          0          0          0   (incl. Padding)

    ----------------------------------------------------------------------

      Code (inc. data)   RO Data    RW Data    ZI Data      Debug   Library Name

       762         30          0          0         96       1028   c_p.l

    ----------------------------------------------------------------------
       772         30          0          0         96       1028   Library Totals

    ----------------------------------------------------------------------

==============================================================================


      Code (inc. data)   RO Data    RW Data    ZI Data      Debug   

      6132        398        232         20        620     130074   Grand Totals
      6132        398        232         20        620     130074   ELF Image Totals
      6132        398        232         20          0          0   ROM Totals

==============================================================================

    Total RO  Size (Code + RO Data)                 6364 (   6.21kB)
    Total RW  Size (RW Data + ZI Data)               640 (   0.63kB)
    Total ROM Size (Code + RO Data + RW Data)       6384 (   6.23kB)

==============================================================================

