Component: ARM Compiler 5.06 update 6 (build 750) Tool: armlink [4d35ed]

==============================================================================

Section Cross References

    startup_hc32l110.o(STACK) refers (Special) to heapauxi.o(.text) for __use_two_region_memory
    startup_hc32l110.o(HEAP) refers (Special) to heapauxi.o(.text) for __use_two_region_memory
    startup_hc32l110.o(RESET) refers (Special) to heapauxi.o(.text) for __use_two_region_memory
    startup_hc32l110.o(RESET) refers to startup_hc32l110.o(STACK) for __initial_sp
    startup_hc32l110.o(RESET) refers to startup_hc32l110.o(.text) for Reset_Handler
    startup_hc32l110.o(RESET) refers to interrupts_hc32l110.o(i.HardFault_Handler) for HardFault_Handler
    startup_hc32l110.o(RESET) refers to port.o(i.SVC_Handler) for SVC_Handler
    startup_hc32l110.o(RESET) refers to port.o(.emb_text) for PendSV_Handler
    startup_hc32l110.o(RESET) refers to port.o(i.SysTick_Handler) for SysTick_Handler
    startup_hc32l110.o(RESET) refers to interrupts_hc32l110.o(i.IRQ000_Handler) for IRQ000_Handler
    startup_hc32l110.o(RESET) refers to interrupts_hc32l110.o(i.IRQ001_Handler) for IRQ001_Handler
    startup_hc32l110.o(RESET) refers to interrupts_hc32l110.o(i.IRQ002_Handler) for IRQ002_Handler
    startup_hc32l110.o(RESET) refers to interrupts_hc32l110.o(i.IRQ003_Handler) for IRQ003_Handler
    startup_hc32l110.o(RESET) refers to interrupts_hc32l110.o(i.IRQ006_Handler) for IRQ006_Handler
    startup_hc32l110.o(RESET) refers to interrupts_hc32l110.o(i.IRQ007_Handler) for IRQ007_Handler
    startup_hc32l110.o(RESET) refers to interrupts_hc32l110.o(i.IRQ008_Handler) for IRQ008_Handler
    startup_hc32l110.o(RESET) refers to interrupts_hc32l110.o(i.IRQ010_Handler) for IRQ010_Handler
    startup_hc32l110.o(RESET) refers to interrupts_hc32l110.o(i.IRQ012_Handler) for IRQ012_Handler
    startup_hc32l110.o(RESET) refers to interrupts_hc32l110.o(i.IRQ014_Handler) for IRQ014_Handler
    startup_hc32l110.o(RESET) refers to interrupts_hc32l110.o(i.IRQ015_Handler) for IRQ015_Handler
    startup_hc32l110.o(RESET) refers to interrupts_hc32l110.o(i.IRQ016_Handler) for IRQ016_Handler
    startup_hc32l110.o(RESET) refers to interrupts_hc32l110.o(i.IRQ017_Handler) for IRQ017_Handler
    startup_hc32l110.o(RESET) refers to interrupts_hc32l110.o(i.IRQ018_Handler) for IRQ018_Handler
    startup_hc32l110.o(RESET) refers to interrupts_hc32l110.o(i.IRQ019_Handler) for IRQ019_Handler
    startup_hc32l110.o(RESET) refers to interrupts_hc32l110.o(i.IRQ020_Handler) for IRQ020_Handler
    startup_hc32l110.o(RESET) refers to interrupts_hc32l110.o(i.IRQ021_Handler) for IRQ021_Handler
    startup_hc32l110.o(RESET) refers to interrupts_hc32l110.o(i.IRQ022_Handler) for IRQ022_Handler
    startup_hc32l110.o(RESET) refers to interrupts_hc32l110.o(i.IRQ023_Handler) for IRQ023_Handler
    startup_hc32l110.o(RESET) refers to interrupts_hc32l110.o(i.IRQ024_Handler) for IRQ024_Handler
    startup_hc32l110.o(RESET) refers to interrupts_hc32l110.o(i.IRQ026_Handler) for IRQ026_Handler
    startup_hc32l110.o(RESET) refers to interrupts_hc32l110.o(i.IRQ027_Handler) for IRQ027_Handler
    startup_hc32l110.o(RESET) refers to interrupts_hc32l110.o(i.IRQ028_Handler) for IRQ028_Handler
    startup_hc32l110.o(RESET) refers to interrupts_hc32l110.o(i.IRQ030_Handler) for IRQ030_Handler
    startup_hc32l110.o(RESET) refers to interrupts_hc32l110.o(i.IRQ031_Handler) for IRQ031_Handler
    startup_hc32l110.o(.text) refers (Special) to heapauxi.o(.text) for __use_two_region_memory
    startup_hc32l110.o(.text) refers to system_hc32l110.o(i.SystemInit) for SystemInit
    startup_hc32l110.o(.text) refers to __main.o(!!!main) for __main
    startup_hc32l110.o(.text) refers to startup_hc32l110.o(HEAP) for Heap_Mem
    startup_hc32l110.o(.text) refers to startup_hc32l110.o(STACK) for Stack_Mem
    system_hc32l110.o(i.SystemCoreClockUpdate) refers to clk.o(i.Clk_GetHClkFreq) for Clk_GetHClkFreq
    system_hc32l110.o(i.SystemCoreClockUpdate) refers to system_hc32l110.o(.data) for SystemCoreClock
    system_hc32l110.o(i.SystemInit) refers to clk.o(i.Clk_SetRCHFreq) for Clk_SetRCHFreq
    system_hc32l110.o(i.SystemInit) refers to clk.o(i.Clk_Enable) for Clk_Enable
    system_hc32l110.o(i.SystemInit) refers to system_hc32l110.o(i.SystemCoreClockUpdate) for SystemCoreClockUpdate
    system_hc32l110.o(i.SystemInit) refers to system_hc32l110.o(i._HidePinInit) for _HidePinInit
    system_hc32l110.o(i.SystemInit) refers to ddl.o(i.ddl_memclr) for ddl_memclr
    system_hc32l110.o(i.SystemInit) refers to clk.o(i.Clk_SysTickConfig) for Clk_SysTickConfig
    main.o(i.fputc) refers to lpuart.o(i.LPUart_SendData) for LPUart_SendData
    main.o(i.main) refers to hallayer.o(i.HAL_SystemInit) for HAL_SystemInit
    main.o(i.main) refers to timetask.o(i.TimeTask) for TimeTask
    hallayer.o(i.AdcInit) refers to ddl.o(i.ddl_memclr) for ddl_memclr
[...]
    rtexit.o(.ARM.exidx) refers (Special) to rtexit2.o(.ARM.Collect$$rtexit$$00000004) for __rt_exit_exit
    rtexit.o(.ARM.exidx) refers (Special) to rtexit2.o(.ARM.Collect$$rtexit$$00000003) for __rt_exit_ls
    rtexit.o(.ARM.exidx) refers (Special) to rtexit2.o(.ARM.Collect$$rtexit$$00000002) for __rt_exit_prels_1
    rtexit.o(.ARM.exidx) refers to rtexit.o(.ARM.Collect$$rtexit$$00000000) for .ARM.Collect$$rtexit$$00000000
    rt_raise.o(.text) refers to __raise.o(.text) for __raise
    rt_raise.o(.text) refers to ddl.o(i._sys_exit) for _sys_exit
    defsig_exit.o(.text) refers to ddl.o(i._sys_exit) for _sys_exit
    defsig_fpe_inner.o(.text) refers to defsig_general.o(.text) for __default_signal_display
    libinit2.o(.ARM.Collect$$libinit$$00000010) refers to libinit2.o(.ARM.Collect$$libinit$$0000000F) for .ARM.Collect$$libinit$$0000000F
    libinit2.o(.ARM.Collect$$libinit$$00000012) refers to libinit2.o(.ARM.Collect$$libinit$$0000000F) for .ARM.Collect$$libinit$$0000000F
    libinit2.o(.ARM.Collect$$libinit$$00000014) refers to libinit2.o(.ARM.Collect$$libinit$$0000000F) for .ARM.Collect$$libinit$$0000000F
    libinit2.o(.ARM.Collect$$libinit$$00000016) refers to libinit2.o(.ARM.Collect$$libinit$$0000000F) for .ARM.Collect$$libinit$$0000000F
    libinit2.o(.ARM.Collect$$libinit$$00000018) refers to libinit2.o(.ARM.Collect$$libinit$$0000000F) for .ARM.Collect$$libinit$$0000000F
    libinit2.o(.ARM.Collect$$libinit$$00000026) refers to argv_veneer.o(.text) for __ARM_argv_veneer
    libinit2.o(.ARM.Collect$$libinit$$00000027) refers to argv_veneer.o(.text) for __ARM_argv_veneer
    rtexit2.o(.ARM.Collect$$rtexit$$00000003) refers to libshutdown.o(.ARM.Collect$$libshutdown$$00000000) for __rt_lib_shutdown
    rtexit2.o(.ARM.Collect$$rtexit$$00000004) refers to ddl.o(i._sys_exit) for _sys_exit
    rtexit2.o(.ARM.exidx) refers to rtexit2.o(.ARM.Collect$$rtexit$$00000001) for .ARM.Collect$$rtexit$$00000001
    rtexit2.o(.ARM.exidx) refers to rtexit2.o(.ARM.Collect$$rtexit$$00000003) for .ARM.Collect$$rtexit$$00000003
    rtexit2.o(.ARM.exidx) refers to rtexit2.o(.ARM.Collect$$rtexit$$00000004) for .ARM.Collect$$rtexit$$00000004
    __raise.o(.text) refers to defsig.o(CL$$defsig) for __default_signal_handler
    defsig_general.o(.text) refers to ddl.o(i._ttywrch) for _ttywrch
    defsig.o(CL$$defsig) refers to defsig_fpe_inner.o(.text) for __rt_SIGFPE_inner
    defsig.o(CL$$defsig) refers to defsig_rtmem_inner.o(.text) for __rt_SIGRTMEM_inner
    _get_argv_nomalloc.o(.text) refers (Special) to hrguard.o(.text) for __heap_region$guard
    _get_argv_nomalloc.o(.text) refers to defsig_rtmem_outer.o(.text) for __rt_SIGRTMEM
    _get_argv_nomalloc.o(.text) refers to sys_command.o(.text) for _sys_command_string
    libshutdown.o(.ARM.Collect$$libshutdown$$00000000) refers (Special) to libshutdown2.o(.ARM.Collect$$libshutdown$$00000002) for __rt_lib_shutdown_cpp_1
    libshutdown.o(.ARM.Collect$$libshutdown$$00000000) refers (Special) to libshutdown2.o(.ARM.Collect$$libshutdown$$00000007) for __rt_lib_shutdown_fp_trap_1
    libshutdown.o(.ARM.Collect$$libshutdown$$00000000) refers (Special) to libshutdown2.o(.ARM.Collect$$libshutdown$$0000000F) for __rt_lib_shutdown_heap_1
    libshutdown.o(.ARM.Collect$$libshutdown$$00000000) refers (Special) to libshutdown2.o(.ARM.Collect$$libshutdown$$00000010) for __rt_lib_shutdown_return
    libshutdown.o(.ARM.Collect$$libshutdown$$00000000) refers (Special) to libshutdown2.o(.ARM.Collect$$libshutdown$$0000000A) for __rt_lib_shutdown_signal_1
    libshutdown.o(.ARM.Collect$$libshutdown$$00000000) refers (Special) to libshutdown2.o(.ARM.Collect$$libshutdown$$00000004) for __rt_lib_shutdown_stdio_1
    libshutdown.o(.ARM.Collect$$libshutdown$$00000000) refers (Special) to libshutdown2.o(.ARM.Collect$$libshutdown$$0000000C) for __rt_lib_shutdown_user_alloc_1
    sys_command.o(.text) refers (Special) to use_no_semi.o(.text) for __I$use$semihosting
    sys_command.o(.text) refers (Special) to indicate_semi.o(.text) for __semihosting_library_function
    defsig_abrt_inner.o(.text) refers to defsig_general.o(.text) for __default_signal_display
    defsig_rtred_inner.o(.text) refers to defsig_general.o(.text) for __default_signal_display
    defsig_rtmem_inner.o(.text) refers to defsig_general.o(.text) for __default_signal_display
    defsig_rtmem_outer.o(.text) refers to defsig_rtmem_inner.o(.text) for __rt_SIGRTMEM_inner
    defsig_rtmem_outer.o(.text) refers to defsig_exit.o(.text) for __sig_exit
    defsig_rtmem_formal.o(.text) refers to rt_raise.o(.text) for __rt_raise
    defsig_stak_inner.o(.text) refers to defsig_general.o(.text) for __default_signal_display
    defsig_pvfn_inner.o(.text) refers to defsig_general.o(.text) for __default_signal_display
    defsig_cppl_inner.o(.text) refers to defsig_general.o(.text) for __default_signal_display
    defsig_segv_inner.o(.text) refers to defsig_general.o(.text) for __default_signal_display
    defsig_other.o(.text) refers to defsig_general.o(.text) for __default_signal_display


==============================================================================

Removing Unused input sections from the image.

    Removing system_hc32l110.o(.rev16_text), (4 bytes).
    Removing system_hc32l110.o(.revsh_text), (4 bytes).
    Removing main.o(.rev16_text), (4 bytes).
    Removing main.o(.revsh_text), (4 bytes).
    Removing main.o(i.fputc), (16 bytes).
    Removing main.o(.data), (6 bytes).
    Removing timetask.o(.rev16_text), (4 bytes).
    Removing timetask.o(.revsh_text), (4 bytes).
    Removing hallayer.o(.rev16_text), (4 bytes).
    Removing hallayer.o(.revsh_text), (4 bytes).
    Removing hallayer.o(i.Bt1Init), (112 bytes).
    Removing hallayer.o(i.Bt1Int), (52 bytes).
    Removing hallayer.o(i.GetAdcValue), (124 bytes).
    Removing hallayer.o(i.Led_Port_Init), (94 bytes).
    Removing ddl.o(.rev16_text), (4 bytes).
    Removing ddl.o(.revsh_text), (4 bytes).
    Removing ddl.o(i.DDL_WAIT_LOOP_HOOK), (2 bytes).
    Removing ddl.o(i.Debug_Output), (50 bytes).
    Removing ddl.o(i.Debug_UartInit), (180 bytes).
    Removing ddl.o(i.__backspace), (4 bytes).
    Removing ddl.o(i._ttywrch), (2 bytes).
    Removing ddl.o(i.delay1ms), (60 bytes).
    Removing ddl.o(.data), (4 bytes).
    Removing interrupts_hc32l110.o(.rev16_text), (4 bytes).
    Removing interrupts_hc32l110.o(.revsh_text), (4 bytes).
    Removing interrupts_hc32l110.o(i.EnableNvic), (140 bytes).
    Removing interrupts_hc32l110.o(i.__NVIC_SetPriority), (120 bytes).
    Removing clk.o(.rev16_text), (4 bytes).
    Removing clk.o(.revsh_text), (4 bytes).
    Removing clk.o(i.Clk_DeInit), (30 bytes).
    Removing clk.o(i.Clk_DebugClk), (104 bytes).
    Removing clk.o(i.Clk_GetPeripheralGate), (20 bytes).
    Removing clk.o(i.Clk_SetFunc), (268 bytes).
    Removing clk.o(i.Clk_SetRCLFreq), (80 bytes).
    Removing clk.o(i.Clk_SetRTCAdjustClkFreq), (272 bytes).
    Removing clk.o(i.Clk_SetXTLDrive), (40 bytes).
    Removing clk.o(i.Clk_SysTickSkewGet), (16 bytes).
    Removing clk.o(i.Clk_SysTickStcalibGet), (16 bytes).
    Removing gpio.o(.rev16_text), (4 bytes).
    Removing gpio.o(.revsh_text), (4 bytes).
    Removing gpio.o(i.Gpio_ClearIrq), (36 bytes).
    Removing gpio.o(i.Gpio_DisableIrq), (24 bytes).
    Removing gpio.o(i.Gpio_EnableIrq), (24 bytes).
    Removing gpio.o(i.Gpio_GetIO), (24 bytes).
    Removing gpio.o(i.Gpio_GetIrqStat), (24 bytes).
    Removing gpio.o(i.Gpio_InitIO), (184 bytes).
    Removing gpio.o(i.Gpio_SetCtrlExt), (292 bytes).
    Removing gpio.o(i.Gpio_SetExtClkSel), (92 bytes).
    Removing gpio.o(i.Gpio_SetSignalSource), (388 bytes).
    Removing gpio.o(i.Gpio_SetSsnSel), (92 bytes).
    Removing gpio.o(i._GpioEnableIrq), (244 bytes).
    Removing adc.o(.rev16_text), (4 bytes).
    Removing adc.o(.revsh_text), (4 bytes).
    Removing adc.o(i.AdcDisableNvic), (76 bytes).
    Removing adc.o(i.AdcEnableNvic), (52 bytes).
    Removing adc.o(i.Adc_ClrAccResult), (20 bytes).
    Removing adc.o(i.Adc_ClrContIrqState), (16 bytes).
    Removing adc.o(i.Adc_ClrHhtIrqState), (16 bytes).
    Removing adc.o(i.Adc_ClrIrqLltState), (16 bytes).
    Removing adc.o(i.Adc_ClrRegIrqState), (16 bytes).
    Removing adc.o(i.Adc_CmpCfg), (132 bytes).
    Removing adc.o(i.Adc_ConfigContMode), (148 bytes).
    Removing adc.o(i.Adc_ConfigIrq), (80 bytes).
    Removing adc.o(i.Adc_ConfigScanMode), (76 bytes).
    Removing adc.o(i.Adc_DeInit), (264 bytes).
    Removing adc.o(i.Adc_Disable), (20 bytes).
    Removing adc.o(i.Adc_DisableIrq), (52 bytes).
    Removing adc.o(i.Adc_EnableIrq), (24 bytes).
    Removing adc.o(i.Adc_GetAccResult), (28 bytes).
    Removing adc.o(i.Adc_GetCH8Result), (28 bytes).
    Removing adc.o(i.Adc_GetIrqState), (48 bytes).
    Removing adc.o(i.Adc_GetResult), (28 bytes).
    Removing adc.o(i.Adc_GetScanResult), (148 bytes).
    Removing adc.o(i.Adc_IRQHandler), (168 bytes).
    Removing adc.o(i.Adc_PollBusyState), (16 bytes).
    Removing adc.o(i.Adc_SetVref), (44 bytes).
    Removing adc.o(i.Adc_Start), (52 bytes).
    Removing adc.o(i.Adc_Stop), (20 bytes).
    Removing adc.o(i.__NVIC_ClearPendingIRQ), (24 bytes).
    Removing adc.o(i.__NVIC_SetPriority), (120 bytes).
    Removing adc.o(.bss), (16 bytes).
    Removing uart.o(.rev16_text), (4 bytes).
    Removing uart.o(.revsh_text), (4 bytes).
    Removing uart.o(i.UartDeInitNvic), (80 bytes).
    Removing uart.o(i.UartGetInternDataPtr), (48 bytes).
    Removing uart.o(i.UartInitNvic), (56 bytes).
    Removing uart.o(i.Uart_CheckEvenOrOdd), (154 bytes).
    Removing uart.o(i.Uart_ClrStatus), (90 bytes).
    Removing uart.o(i.Uart_DisableIrq), (72 bytes).
    Removing uart.o(i.Uart_EnableFunc), (48 bytes).
    Removing uart.o(i.Uart_EnableIrq), (76 bytes).
    Removing uart.o(i.Uart_GetRb8), (32 bytes).
    Removing uart.o(i.Uart_GetStatus), (102 bytes).
    Removing uart.o(i.Uart_IRQHandler), (116 bytes).
    Removing uart.o(i.Uart_Init), (110 bytes).
    Removing uart.o(i.Uart_ReceiveData), (30 bytes).
    Removing uart.o(i.Uart_SendData), (62 bytes).
    Removing uart.o(i.Uart_SetBaudRate), (122 bytes).
    Removing uart.o(i.Uart_SetMMDOrCk), (48 bytes).
    Removing uart.o(i.Uart_SetMode), (48 bytes).
    Removing uart.o(i.Uart_SetMultiMode), (72 bytes).
    Removing uart.o(i.Uart_SetSaddr), (32 bytes).
    Removing uart.o(i.Uart_SetSaddrEn), (32 bytes).
    Removing uart.o(i.Uart_SetTb8), (148 bytes).
    Removing uart.o(i.__NVIC_ClearPendingIRQ), (24 bytes).
    Removing uart.o(i.__NVIC_SetPriority), (120 bytes).
    Removing uart.o(.data), (40 bytes).
    Removing bt.o(.rev16_text), (4 bytes).
    Removing bt.o(.revsh_text), (4 bytes).
    Removing bt.o(i.Bt_ClearIntFlag), (76 bytes).
    Removing bt.o(i.Bt_Cnt16Get), (56 bytes).
    Removing bt.o(i.Bt_Cnt32Get), (52 bytes).
    Removing bt.o(i.Bt_Cnt32Set), (68 bytes).
    Removing bt.o(i.Bt_DisableIrq), (84 bytes).
    Removing bt.o(i.Bt_EnableIrq), (88 bytes).
    Removing bt.o(i.Bt_GetIntFlag), (64 bytes).
    Removing bt.o(i.Bt_Stop), (76 bytes).
    Removing bt.o(i.Tim_IRQHandler), (60 bytes).
    Removing lpuart.o(.rev16_text), (4 bytes).
    Removing lpuart.o(.revsh_text), (4 bytes).
    Removing lpuart.o(i.LPUart_CheckEvenOrOdd), (140 bytes).
    Removing lpuart.o(i.LPUart_ClrStatus), (72 bytes).
    Removing lpuart.o(i.LPUart_DisableIrq), (76 bytes).
    Removing lpuart.o(i.LPUart_EnableFunc), (36 bytes).
    Removing lpuart.o(i.LPUart_GetBaudRate), (104 bytes).
    Removing lpuart.o(i.LPUart_GetRb8), (16 bytes).
    Removing lpuart.o(i.LPUart_GetStatus), (84 bytes).
    Removing lpuart.o(i.LPUart_ReceiveData), (12 bytes).
    Removing lpuart.o(i.LPUart_SendData), (44 bytes).
    Removing lpuart.o(i.LPUart_SetMMDOrCk), (36 bytes).
    Removing lpuart.o(i.LPUart_SetSaddr), (16 bytes).
    Removing lpuart.o(i.LPUart_SetSaddrEn), (16 bytes).
    Removing lpuart.o(i.LPUart_SetTb8), (136 bytes).
    Removing lpuart.o(i.LpUart_IRQHandler), (100 bytes).
    Removing event_groups.o(i.prvTestWaitCondition), (34 bytes).
    Removing event_groups.o(i.uxEventGroupGetNumber), (14 bytes).
    Removing event_groups.o(i.vEventGroupClearBitsCallback), (16 bytes).
    Removing event_groups.o(i.vEventGroupDelete), (78 bytes).
    Removing event_groups.o(i.vEventGroupSetBitsCallback), (16 bytes).
    Removing event_groups.o(i.vEventGroupSetNumber), (4 bytes).
    Removing event_groups.o(i.xEventGroupClearBits), (62 bytes).
    Removing event_groups.o(i.xEventGroupCreate), (28 bytes).
    Removing event_groups.o(i.xEventGroupGetBitsFromISR), (24 bytes).
    Removing event_groups.o(i.xEventGroupSetBits), (200 bytes).
    Removing event_groups.o(i.xEventGroupSync), (238 bytes).
    Removing event_groups.o(i.xEventGroupWaitBits), (292 bytes).
    Removing list.o(i.uxListRemove), (40 bytes).
    Removing list.o(i.vListInitialise), (26 bytes).
    Removing list.o(i.vListInitialiseItem), (6 bytes).
    Removing list.o(i.vListInsert), (54 bytes).
    Removing list.o(i.vListInsertEnd), (24 bytes).
    Removing queue.o(i.pcQueueGetName), (52 bytes).
    Removing queue.o(i.prvCopyDataFromQueue), (44 bytes).
    Removing queue.o(i.prvCopyDataToQueue), (128 bytes).
    Removing queue.o(i.prvGetDisinheritPriorityAfterTimeout), (22 bytes).
    Removing queue.o(i.prvInitialiseMutex), (32 bytes).
    Removing queue.o(i.prvInitialiseNewQueue), (44 bytes).
    Removing queue.o(i.prvIsQueueEmpty), (28 bytes).
    Removing queue.o(i.prvIsQueueFull), (30 bytes).
    Removing queue.o(i.prvUnlockQueue), (142 bytes).
    Removing queue.o(i.ucQueueGetQueueType), (8 bytes).
    Removing queue.o(i.uxQueueGetQueueNumber), (6 bytes).
    Removing queue.o(i.uxQueueMessagesWaiting), (28 bytes).
    Removing queue.o(i.uxQueueMessagesWaitingFromISR), (18 bytes).
    Removing queue.o(i.uxQueueSpacesAvailable), (34 bytes).
    Removing queue.o(i.vQueueAddToRegistry), (84 bytes).
    Removing queue.o(i.vQueueDelete), (30 bytes).
    Removing queue.o(i.vQueueSetQueueNumber), (4 bytes).
    Removing queue.o(i.vQueueUnregisterQueue), (60 bytes).
    Removing queue.o(i.vQueueWaitForMessageRestricted), (76 bytes).
    Removing queue.o(i.xQueueCreateCountingSemaphore), (50 bytes).
    Removing queue.o(i.xQueueCreateMutex), (30 bytes).
    Removing queue.o(i.xQueueGenericCreate), (98 bytes).
    Removing queue.o(i.xQueueGenericReset), (182 bytes).
    Removing queue.o(i.xQueueGenericSend), (346 bytes).
    Removing queue.o(i.xQueueGenericSendFromISR), (202 bytes).
    Removing queue.o(i.xQueueGiveFromISR), (192 bytes).
    Removing queue.o(i.xQueueGiveMutexRecursive), (60 bytes).
    Removing queue.o(i.xQueueIsQueueEmptyFromISR), (28 bytes).
    Removing queue.o(i.xQueueIsQueueFullFromISR), (32 bytes).
    Removing queue.o(i.xQueuePeek), (316 bytes).
    Removing queue.o(i.xQueuePeekFromISR), (108 bytes).
    Removing queue.o(i.xQueueReceive), (312 bytes).
    Removing queue.o(i.xQueueReceiveFromISR), (180 bytes).
    Removing queue.o(i.xQueueSemaphoreTake), (382 bytes).
    Removing queue.o(i.xQueueTakeMutexRecursive), (62 bytes).
    Removing queue.o(.bss), (64 bytes).
    Removing stream_buffer.o(i.prvBytesInBuffer), (24 bytes).
    Removing stream_buffer.o(i.prvInitialiseNewStreamBuffer), (64 bytes).
    Removing stream_buffer.o(i.prvReadBytesFromBuffer), (138 bytes).
    Removing stream_buffer.o(i.prvReadMessageFromBuffer), (90 bytes).
    Removing stream_buffer.o(i.prvWriteBytesToBuffer), (142 bytes).
    Removing stream_buffer.o(i.prvWriteMessageToBuffer), (92 bytes).
    Removing stream_buffer.o(i.ucStreamBufferGetStreamBufferType), (10 bytes).
    Removing stream_buffer.o(i.uxStreamBufferGetStreamBufferNumber), (6 bytes).
    Removing stream_buffer.o(i.vStreamBufferDelete), (44 bytes).
    Removing stream_buffer.o(i.vStreamBufferSetStreamBufferNumber), (4 bytes).
    Removing stream_buffer.o(i.xStreamBufferBytesAvailable), (28 bytes).
    Removing stream_buffer.o(i.xStreamBufferGenericCreate), (132 bytes).
    Removing stream_buffer.o(i.xStreamBufferIsEmpty), (32 bytes).
    Removing stream_buffer.o(i.xStreamBufferIsFull), (52 bytes).
    Removing stream_buffer.o(i.xStreamBufferNextMessageLengthBytes), (84 bytes).
    Removing stream_buffer.o(i.xStreamBufferReceive), (216 bytes).
    Removing stream_buffer.o(i.xStreamBufferReceiveCompletedFromISR), (68 bytes).
    Removing stream_buffer.o(i.xStreamBufferReceiveFromISR), (132 bytes).
    Removing stream_buffer.o(i.xStreamBufferReset), (64 bytes).
    Removing stream_buffer.o(i.xStreamBufferSend), (294 bytes).
    Removing stream_buffer.o(i.xStreamBufferSendCompletedFromISR), (68 bytes).
    Removing stream_buffer.o(i.xStreamBufferSendFromISR), (142 bytes).
    Removing stream_buffer.o(i.xStreamBufferSetTriggerLevel), (38 bytes).
    Removing stream_buffer.o(i.xStreamBufferSpacesAvailable), (50 bytes).
    Removing tasks.o(i.eTaskGetState), (152 bytes).
    Removing tasks.o(i.pcTaskGetName), (36 bytes).
    Removing tasks.o(i.prvAddCurrentTaskToDelayedList), (164 bytes).
    Removing tasks.o(i.prvAddNewTaskToReadyList), (216 bytes).
    Removing tasks.o(i.prvCheckTasksWaitingTermination), (72 bytes).
    Removing tasks.o(i.prvDeleteTCB), (18 bytes).
    Removing tasks.o(i.prvIdleTask), (24 bytes).
    Removing tasks.o(i.prvInitialiseNewTask), (206 bytes).
    Removing tasks.o(i.prvInitialiseTaskLists), (100 bytes).
    Removing tasks.o(i.prvListTasksWithinSingleList), (106 bytes).
    Removing tasks.o(i.prvTaskCheckFreeStackSpace), (22 bytes).
    Removing tasks.o(i.prvTaskIsTaskSuspended), (84 bytes).
    Removing tasks.o(i.pvTaskIncrementMutexHeldCount), (32 bytes).
    Removing tasks.o(i.ulTaskGenericNotifyTake), (144 bytes).
    Removing tasks.o(i.ulTaskGenericNotifyValueClear), (68 bytes).
    Removing tasks.o(i.uxTaskGetNumberOfTasks), (12 bytes).
    Removing tasks.o(i.uxTaskGetSystemState), (164 bytes).
    Removing tasks.o(i.uxTaskGetTaskNumber), (16 bytes).
    Removing tasks.o(i.uxTaskPriorityGet), (36 bytes).
    Removing tasks.o(i.uxTaskPriorityGetFromISR), (40 bytes).
    Removing tasks.o(i.uxTaskResetEventItemValue), (28 bytes).
    Removing tasks.o(i.vTaskDelay), (68 bytes).
    Removing tasks.o(i.vTaskDelete), (180 bytes).
    Removing tasks.o(i.vTaskEndScheduler), (20 bytes).
    Removing tasks.o(i.vTaskGenericNotifyGiveFromISR), (320 bytes).
    Removing tasks.o(i.vTaskGetInfo), (132 bytes).
    Removing tasks.o(i.vTaskInternalSetTimeOutState), (24 bytes).
    Removing tasks.o(i.vTaskMissedYield), (12 bytes).
    Removing tasks.o(i.vTaskPlaceOnEventList), (44 bytes).
    Removing tasks.o(i.vTaskPlaceOnEventListRestricted), (88 bytes).
    Removing tasks.o(i.vTaskPlaceOnUnorderedEventList), (120 bytes).
    Removing tasks.o(i.vTaskPriorityDisinheritAfterTimeout), (224 bytes).
    Removing tasks.o(i.vTaskPrioritySet), (272 bytes).
    Removing tasks.o(i.vTaskRemoveFromUnorderedEventList), (236 bytes).
    Removing tasks.o(i.vTaskResume), (160 bytes).
    Removing tasks.o(i.vTaskSetTaskNumber), (10 bytes).
    Removing tasks.o(i.vTaskSetTimeOutState), (44 bytes).
    Removing tasks.o(i.vTaskStartScheduler), (128 bytes).
    Removing tasks.o(i.vTaskSuspend), (196 bytes).
    Removing tasks.o(i.vTaskSuspendAll), (16 bytes).
    Removing tasks.o(i.xTaskCatchUpTicks), (60 bytes).
    Removing tasks.o(i.xTaskCheckForTimeOut), (120 bytes).
    Removing tasks.o(i.xTaskCreate), (92 bytes).
    Removing tasks.o(i.xTaskDelayUntil), (156 bytes).
    Removing tasks.o(i.xTaskGenericNotify), (384 bytes).
    Removing tasks.o(i.xTaskGenericNotifyFromISR), (448 bytes).
    Removing tasks.o(i.xTaskGenericNotifyStateClear), (80 bytes).
    Removing tasks.o(i.xTaskGenericNotifyWait), (172 bytes).
    Removing tasks.o(i.xTaskGetCurrentTaskHandle), (12 bytes).
    Removing tasks.o(i.xTaskGetSchedulerState), (36 bytes).
    Removing tasks.o(i.xTaskGetTickCount), (12 bytes).
    Removing tasks.o(i.xTaskGetTickCountFromISR), (12 bytes).
    Removing tasks.o(i.xTaskPriorityDisinherit), (180 bytes).
    Removing tasks.o(i.xTaskPriorityInherit), (208 bytes).
    Removing tasks.o(i.xTaskRemoveFromEventList), (264 bytes).
    Removing tasks.o(i.xTaskResumeAll), (348 bytes).
    Removing tasks.o(i.xTaskResumeFromISR), (192 bytes).
    Removing timers.o(i.pcTimerGetName), (18 bytes).
    Removing timers.o(i.prvCheckForValidListAndQueue), (104 bytes).
    Removing timers.o(i.prvGetNextExpireTime), (44 bytes).
    Removing timers.o(i.prvInitialiseNewTimer), (74 bytes).
    Removing timers.o(i.prvInsertTimerInActiveList), (84 bytes).
    Removing timers.o(i.prvProcessExpiredTimer), (68 bytes).
    Removing timers.o(i.prvProcessReceivedCommands), (284 bytes).
    Removing timers.o(i.prvProcessTimerOrBlockTask), (108 bytes).
    Removing timers.o(i.prvReloadTimer), (40 bytes).
    Removing timers.o(i.prvSampleTimeNow), (44 bytes).
    Removing timers.o(i.prvSwitchTimerLists), (68 bytes).
    Removing timers.o(i.prvTimerTask), (26 bytes).
    Removing timers.o(i.pvTimerGetTimerID), (30 bytes).
    Removing timers.o(i.uxTimerGetReloadMode), (46 bytes).
    Removing timers.o(i.uxTimerGetTimerNumber), (6 bytes).
    Removing timers.o(i.vTimerSetReloadMode), (58 bytes).
    Removing timers.o(i.vTimerSetTimerID), (30 bytes).
    Removing timers.o(i.vTimerSetTimerNumber), (4 bytes).
    Removing timers.o(i.xTimerCreate), (50 bytes).
    Removing timers.o(i.xTimerCreateTimerTask), (72 bytes).
    Removing timers.o(i.xTimerGenericCommand), (116 bytes).
    Removing timers.o(i.xTimerGetExpiryTime), (18 bytes).
    Removing timers.o(i.xTimerGetPeriod), (18 bytes).
    Removing timers.o(i.xTimerGetTimerDaemonTaskHandle), (36 bytes).
    Removing timers.o(i.xTimerIsTimerActive), (46 bytes).
    Removing timers.o(.bss), (40 bytes).
    Removing timers.o(.data), (20 bytes).
    Removing heap_4.o(i.prvHeapInit), (128 bytes).
    Removing heap_4.o(i.prvInsertBlockIntoFreeList), (104 bytes).
    Removing heap_4.o(i.pvPortMalloc), (324 bytes).
    Removing heap_4.o(i.vPortFree), (144 bytes).
    Removing heap_4.o(i.vPortGetHeapStats), (128 bytes).
    Removing heap_4.o(i.vPortInitialiseBlocks), (2 bytes).
    Removing heap_4.o(i.xPortGetFreeHeapSize), (12 bytes).
    Removing heap_4.o(i.xPortGetMinimumEverFreeHeapSize), (12 bytes).
    Removing heap_4.o(.bss), (6500 bytes).
    Removing heap_4.o(.data), (32 bytes).
    Removing port.o(i.prvTaskExitError), (36 bytes).
    Removing port.o(i.pxPortInitialiseStack), (32 bytes).
    Removing port.o(i.vPortEndScheduler), (36 bytes).
    Removing port.o(i.vPortEnterCritical), (28 bytes).
    Removing port.o(i.vPortExitCritical), (40 bytes).
    Removing port.o(i.vPortSetupTimerInterrupt), (44 bytes).
    Removing port.o(i.vPortYield), (24 bytes).
    Removing port.o(i.xPortStartScheduler), (56 bytes).
    Removing port.o(.data), (4 bytes).

314 unused section(s) (total 31086 bytes) removed from the image.

==============================================================================

Image Symbol Table

    Local Symbols

    Symbol Name                              Value     Ov Type        Size  Object(Section)

    RESET                                    0x00000000   Section      192  startup_hc32l110.o(RESET)
    ../clib/angel/boardlib.s                 0x00000000   Number         0  boardinit2.o ABSOLUTE
    ../clib/angel/boardlib.s                 0x00000000   Number         0  boardinit3.o ABSOLUTE
    ../clib/angel/boardlib.s                 0x00000000   Number         0  boardinit1.o ABSOLUTE
    ../clib/angel/boardlib.s                 0x00000000   Number         0  boardshut.o ABSOLUTE
    ../clib/angel/handlers.s                 0x00000000   Number         0  __scatter_zi.o ABSOLUTE
    ../clib/angel/handlers.s                 0x00000000   Number         0  __scatter_copy.o ABSOLUTE
    ../clib/angel/kernel.s                   0x00000000   Number         0  __rtentry2.o ABSOLUTE
    ../clib/angel/kernel.s                   0x00000000   Number         0  rtexit.o ABSOLUTE
    ../clib/angel/kernel.s                   0x00000000   Number         0  __rtentry.o ABSOLUTE
    ../clib/angel/kernel.s                   0x00000000   Number         0  rtexit2.o ABSOLUTE
    ../clib/angel/kernel.s                   0x00000000   Number         0  __rtentry4.o ABSOLUTE
    ../clib/angel/rt.s                       0x00000000   Number         0  aeabi_idiv0_sigfpe.o ABSOLUTE
    ../clib/angel/rt.s                       0x00000000   Number         0  rt_raise.o ABSOLUTE
    ../clib/angel/rt.s                       0x00000000   Number         0  rt_div0.o ABSOLUTE
    ../clib/angel/rt.s                       0x00000000   Number         0  aeabi_idiv0.o ABSOLUTE
    ../clib/angel/scatterp.s                 0x00000000   Number         0  __scatter.o ABSOLUTE
    ../clib/angel/startup.s                  0x00000000   Number         0  __main.o ABSOLUTE
    ../clib/angel/sys.s                      0x00000000   Number         0  libspace.o ABSOLUTE
    ../clib/angel/sys.s                      0x00000000   Number         0  indicate_semi.o ABSOLUTE
    ../clib/angel/sys.s                      0x00000000   Number         0  use_no_semi_2.o ABSOLUTE
    ../clib/angel/sys.s                      0x00000000   Number         0  sys_stackheap_outer.o ABSOLUTE
    ../clib/angel/sys.s                      0x00000000   Number         0  use_no_semi.o ABSOLUTE
    ../clib/angel/sys.s                      0x00000000   Number         0  tempstk.o ABSOLUTE
    ../clib/angel/sysapp.c                   0x00000000   Number         0  sys_command.o ABSOLUTE
    ../clib/armsys.c                         0x00000000   Number         0  argv_veneer.o ABSOLUTE
    ../clib/armsys.c                         0x00000000   Number         0  _get_argv_nomalloc.o ABSOLUTE
    ../clib/armsys.c                         0x00000000   Number         0  no_argv.o ABSOLUTE
    ../clib/division.s                       0x00000000   Number         0  aeabi_sdiv.o ABSOLUTE
    ../clib/division.s                       0x00000000   Number         0  aeabi_sdiv_div0.o ABSOLUTE
    ../clib/heapalloc.c                      0x00000000   Number         0  hrguard.o ABSOLUTE
    ../clib/heapaux.c                        0x00000000   Number         0  heapauxi.o ABSOLUTE
    ../clib/libinit.s                        0x00000000   Number         0  libshutdown2.o ABSOLUTE
    ../clib/libinit.s                        0x00000000   Number         0  libinit2.o ABSOLUTE
    ../clib/libinit.s                        0x00000000   Number         0  libshutdown.o ABSOLUTE
    ../clib/libinit.s                        0x00000000   Number         0  libinit.o ABSOLUTE
    ../clib/memcpset.c                       0x00000000   Number         0  aeabi_memset.o ABSOLUTE
    ../clib/memcpset.c                       0x00000000   Number         0  rt_memcpy.o ABSOLUTE
    ../clib/memcpset.c                       0x00000000   Number         0  rt_memcpy.o ABSOLUTE
    ../clib/memcpset.c                       0x00000000   Number         0  memset.o ABSOLUTE
    ../clib/memcpset.c                       0x00000000   Number         0  rt_memclr.o ABSOLUTE
    ../clib/signal.c                         0x00000000   Number         0  __raise.o ABSOLUTE
    ../clib/signal.c                         0x00000000   Number         0  defsig_rtmem_formal.o ABSOLUTE
    ../clib/signal.c                         0x00000000   Number         0  defsig_other.o ABSOLUTE
    ../clib/signal.c                         0x00000000   Number         0  defsig_segv_inner.o ABSOLUTE
    ../clib/signal.c                         0x00000000   Number         0  defsig_cppl_inner.o ABSOLUTE
    ../clib/signal.c                         0x00000000   Number         0  defsig_pvfn_inner.o ABSOLUTE
    ../clib/signal.c                         0x00000000   Number         0  defsig_exit.o ABSOLUTE
    ../clib/signal.c                         0x00000000   Number         0  defsig_fpe_outer.o ABSOLUTE
    ../clib/signal.c                         0x00000000   Number         0  defsig_rtmem_outer.o ABSOLUTE
    ../clib/signal.c                         0x00000000   Number         0  defsig_rtmem_inner.o ABSOLUTE
    ../clib/signal.c                         0x00000000   Number         0  defsig_general.o ABSOLUTE
    ../clib/signal.c                         0x00000000   Number         0  defsig_stak_inner.o ABSOLUTE
    ../clib/signal.c                         0x00000000   Number         0  defsig_rtred_inner.o ABSOLUTE
    ../clib/signal.c                         0x00000000   Number         0  defsig_abrt_inner.o ABSOLUTE
    ../clib/signal.c                         0x00000000   Number         0  defsig_fpe_formal.o ABSOLUTE
    ../clib/signal.c                         0x00000000   Number         0  defsig_fpe_inner.o ABSOLUTE
    ../clib/signal.s                         0x00000000   Number         0  defsig.o ABSOLUTE
    ../clib/stdlib.c                         0x00000000   Number         0  exit.o ABSOLUTE
    ../fplib/cfplib/fpinit.c                 0x00000000   Number         0  fpinit.o ABSOLUTE
    dc.s                                     0x00000000   Number         0  dc.o ABSOLUTE
    driver\\src\\adc.c                       0x00000000   Number         0  adc.o ABSOLUTE
    driver\\src\\bt.c                        0x00000000   Number         0  bt.o ABSOLUTE
    driver\\src\\clk.c                       0x00000000   Number         0  clk.o ABSOLUTE
    driver\\src\\ddl.c                       0x00000000   Number         0  ddl.o ABSOLUTE
    driver\\src\\gpio.c                      0x00000000   Number         0  gpio.o ABSOLUTE
    driver\\src\\interrupts_hc32l110.c       0x00000000   Number         0  interrupts_hc32l110.o ABSOLUTE
    driver\\src\\lpuart.c                    0x00000000   Number         0  lpuart.o ABSOLUTE
    driver\\src\\uart.c                      0x00000000   Number         0  uart.o ABSOLUTE
    driver\src\adc.c                         0x00000000   Number         0  adc.o ABSOLUTE
    driver\src\bt.c                          0x00000000   Number         0  bt.o ABSOLUTE
    driver\src\clk.c                         0x00000000   Number         0  clk.o ABSOLUTE
    driver\src\ddl.c                         0x00000000   Number         0  ddl.o ABSOLUTE
    driver\src\gpio.c                        0x00000000   Number         0  gpio.o ABSOLUTE
    driver\src\interrupts_hc32l110.c         0x00000000   Number         0  interrupts_hc32l110.o ABSOLUTE
    driver\src\lpuart.c                      0x00000000   Number         0  lpuart.o ABSOLUTE
    driver\src\uart.c                        0x00000000   Number         0  uart.o ABSOLUTE
    freeRTos\\port\\RVDS\\ARM_CM0\\port.c    0x00000000   Number         0  port.o ABSOLUTE
    freeRTos\croutine.c                      0x00000000   Number         0  croutine.o ABSOLUTE
    freeRTos\event_groups.c                  0x00000000   Number         0  event_groups.o ABSOLUTE
    freeRTos\list.c                          0x00000000   Number         0  list.o ABSOLUTE
    freeRTos\port\MemMang\heap_4.c           0x00000000   Number         0  heap_4.o ABSOLUTE
    freeRTos\port\RVDS\ARM_CM0\port.c        0x00000000   Number         0  port.o ABSOLUTE
    freeRTos\queue.c                         0x00000000   Number         0  queue.o ABSOLUTE
    freeRTos\stream_buffer.c                 0x00000000   Number         0  stream_buffer.o ABSOLUTE
    freeRTos\tasks.c                         0x00000000   Number         0  tasks.o ABSOLUTE
    freeRTos\timers.c                        0x00000000   Number         0  timers.o ABSOLUTE
    mcu\\common\\system_hc32l110.c           0x00000000   Number         0  system_hc32l110.o ABSOLUTE
    mcu\common\system_hc32l110.c             0x00000000   Number         0  system_hc32l110.o ABSOLUTE
    source\\halLayer.c                       0x00000000   Number         0  hallayer.o ABSOLUTE
    source\\main.c                           0x00000000   Number         0  main.o ABSOLUTE
    source\\timeTask.c                       0x00000000   Number         0  timetask.o ABSOLUTE
    source\halLayer.c                        0x00000000   Number         0  hallayer.o ABSOLUTE
    source\main.c                            0x00000000   Number         0  main.o ABSOLUTE
    source\timeTask.c                        0x00000000   Number         0  timetask.o ABSOLUTE
    startup_hc32l110.s                       0x00000000   Number         0  startup_hc32l110.o ABSOLUTE
    !!!main                                  0x000000c0   Section        8  __main.o(!!!main)
    !!!scatter                               0x000000c8   Section       60  __scatter.o(!!!scatter)
    !!handler_copy                           0x00000104   Section       26  __scatter_copy.o(!!handler_copy)
    !!handler_zi                             0x00000120   Section       28  __scatter_zi.o(!!handler_zi)
    .ARM.Collect$$libinit$$00000000          0x0000013c   Section        2  libinit.o(.ARM.Collect$$libinit$$00000000)
    .ARM.Collect$$libinit$$00000002          0x0000013e   Section        0  libinit2.o(.ARM.Collect$$libinit$$00000002)
    .ARM.Collect$$libinit$$00000004          0x0000013e   Section        0  libinit2.o(.ARM.Collect$$libinit$$00000004)
    .ARM.Collect$$libinit$$0000000A          0x0000013e   Section        0  libinit2.o(.ARM.Collect$$libinit$$0000000A)
    .ARM.Collect$$libinit$$0000000C          0x0000013e   Section        0  libinit2.o(.ARM.Collect$$libinit$$0000000C)
    .ARM.Collect$$libinit$$0000000E          0x0000013e   Section        0  libinit2.o(.ARM.Collect$$libinit$$0000000E)
    .ARM.Collect$$libinit$$00000011          0x0000013e   Section        0  libinit2.o(.ARM.Collect$$libinit$$00000011)
    .ARM.Collect$$libinit$$00000013          0x0000013e   Section        0  libinit2.o(.ARM.Collect$$libinit$$00000013)
    .ARM.Collect$$libinit$$00000015          0x0000013e   Section        0  libinit2.o(.ARM.Collect$$libinit$$00000015)
    .ARM.Collect$$libinit$$00000017          0x0000013e   Section        0  libinit2.o(.ARM.Collect$$libinit$$00000017)
    .ARM.Collect$$libinit$$00000019          0x0000013e   Section        0  libinit2.o(.ARM.Collect$$libinit$$00000019)
    .ARM.Collect$$libinit$$0000001B          0x0000013e   Section        0  libinit2.o(.ARM.Collect$$libinit$$0000001B)
    .ARM.Collect$$libinit$$0000001D          0x0000013e   Section        0  libinit2.o(.ARM.Collect$$libinit$$0000001D)
    .ARM.Collect$$libinit$$0000001F          0x0000013e   Section        0  libinit2.o(.ARM.Collect$$libinit$$0000001F)
    .ARM.Collect$$libinit$$00000021          0x0000013e   Section        0  libinit2.o(.ARM.Collect$$libinit$$00000021)
    .ARM.Collect$$libinit$$00000023          0x0000013e   Section        0  libinit2.o(.ARM.Collect$$libinit$$00000023)
    .ARM.Collect$$libinit$$00000025          0x0000013e   Section        0  libinit2.o(.ARM.Collect$$libinit$$00000025)
    .ARM.Collect$$libinit$$0000002C          0x0000013e   Section        0  libinit2.o(.ARM.Collect$$libinit$$0000002C)
    .ARM.Collect$$libinit$$0000002E          0x0000013e   Section        0  libinit2.o(.ARM.Collect$$libinit$$0000002E)
    .ARM.Collect$$libinit$$00000030          0x0000013e   Section        0  libinit2.o(.ARM.Collect$$libinit$$00000030)
    .ARM.Collect$$libinit$$00000032          0x0000013e   Section        0  libinit2.o(.ARM.Collect$$libinit$$00000032)
    .ARM.Collect$$libinit$$00000033          0x0000013e   Section        2  libinit2.o(.ARM.Collect$$libinit$$00000033)
    .ARM.Collect$$libshutdown$$00000000      0x00000140   Section        2  libshutdown.o(.ARM.Collect$$libshutdown$$00000000)
    .ARM.Collect$$libshutdown$$00000002      0x00000142   Section        0  libshutdown2.o(.ARM.Collect$$libshutdown$$00000002)
    .ARM.Collect$$libshutdown$$00000004      0x00000142   Section        0  libshutdown2.o(.ARM.Collect$$libshutdown$$00000004)
    .ARM.Collect$$libshutdown$$00000007      0x00000142   Section        0  libshutdown2.o(.ARM.Collect$$libshutdown$$00000007)
    .ARM.Collect$$libshutdown$$0000000A      0x00000142   Section        0  libshutdown2.o(.ARM.Collect$$libshutdown$$0000000A)
    .ARM.Collect$$libshutdown$$0000000C      0x00000142   Section        0  libshutdown2.o(.ARM.Collect$$libshutdown$$0000000C)
    .ARM.Collect$$libshutdown$$0000000F      0x00000142   Section        0  libshutdown2.o(.ARM.Collect$$libshutdown$$0000000F)
    .ARM.Collect$$libshutdown$$00000010      0x00000142   Section        2  libshutdown2.o(.ARM.Collect$$libshutdown$$00000010)
    .ARM.Collect$$rtentry$$00000000          0x00000144   Section        0  __rtentry.o(.ARM.Collect$$rtentry$$00000000)
    .ARM.Collect$$rtentry$$00000002          0x00000144   Section        0  __rtentry2.o(.ARM.Collect$$rtentry$$00000002)
    .ARM.Collect$$rtentry$$00000004          0x00000144   Section        6  __rtentry4.o(.ARM.Collect$$rtentry$$00000004)
    .ARM.Collect$$rtentry$$00000009          0x0000014a   Section        0  __rtentry2.o(.ARM.Collect$$rtentry$$00000009)
    .ARM.Collect$$rtentry$$0000000A          0x0000014a   Section        4  __rtentry2.o(.ARM.Collect$$rtentry$$0000000A)
    .ARM.Collect$$rtentry$$0000000C          0x0000014e   Section        0  __rtentry2.o(.ARM.Collect$$rtentry$$0000000C)
    .ARM.Collect$$rtentry$$0000000D          0x0000014e   Section        8  __rtentry2.o(.ARM.Collect$$rtentry$$0000000D)
    .ARM.Collect$$rtexit$$00000000           0x00000156   Section        2  rtexit.o(.ARM.Collect$$rtexit$$00000000)
    .ARM.Collect$$rtexit$$00000002           0x00000158   Section        0  rtexit2.o(.ARM.Collect$$rtexit$$00000002)
    .ARM.Collect$$rtexit$$00000003           0x00000158   Section        4  rtexit2.o(.ARM.Collect$$rtexit$$00000003)
    .ARM.Collect$$rtexit$$00000004           0x0000015c   Section        6  rtexit2.o(.ARM.Collect$$rtexit$$00000004)
    .emb_text                                0x00000164   Section      120  port.o(.emb_text)
    .text                                    0x000001dc   Section       88  startup_hc32l110.o(.text)
    .text                                    0x00000234   Section        2  use_no_semi_2.o(.text)
    .text                                    0x00000236   Section      346  aeabi_sdiv.o(.text)
    .text                                    0x00000390   Section        0  heapauxi.o(.text)
    .text                                    0x00000396   Section        2  use_no_semi.o(.text)
    .text                                    0x00000398   Section       62  sys_stackheap_outer.o(.text)
    .text                                    0x000003d6   Section        0  exit.o(.text)
    .text                                    0x000003e8   Section        8  libspace.o(.text)
    i.AdcInit                                0x000003f0   Section        0  hallayer.o(i.AdcInit)
    i.Adc_ConfigNormMode                     0x00000498   Section        0  adc.o(i.Adc_ConfigNormMode)
    i.Adc_Enable                             0x000004f0   Section        0  adc.o(i.Adc_Enable)
    i.Adc_Init                               0x00000504   Section        0  adc.o(i.Adc_Init)
    i.Bt_ARRSet                              0x000005fc   Section        0  bt.o(i.Bt_ARRSet)
    i.Bt_Cnt16Set                            0x00000658   Section        0  bt.o(i.Bt_Cnt16Set)
    i.Bt_Init                                0x000006b4   Section        0  bt.o(i.Bt_Init)
    i.Bt_Run                                 0x000008a4   Section        0  bt.o(i.Bt_Run)
    i.ClkUnlock                              0x000008f8   Section        0  clk.o(i.ClkUnlock)
    ClkUnlock                                0x000008f9   Thumb Code    12  clk.o(i.ClkUnlock)
    i.ClkWriteDummy                          0x00000910   Section        0  clk.o(i.ClkWriteDummy)
    ClkWriteDummy                            0x00000911   Thumb Code    16  clk.o(i.ClkWriteDummy)
    i.Clk_Enable                             0x00000924   Section        0  clk.o(i.Clk_Enable)
    i.Clk_GetClkRdy                          0x00000a54   Section        0  clk.o(i.Clk_GetClkRdy)
    i.Clk_GetHClkFreq                        0x00000a9c   Section        0  clk.o(i.Clk_GetHClkFreq)
    i.Clk_GetPClkFreq                        0x00000b4c   Section        0  clk.o(i.Clk_GetPClkFreq)
    i.Clk_Init                               0x00000b6c   Section        0  clk.o(i.Clk_Init)
    i.Clk_SetHClkDiv                         0x00000b88   Section        0  clk.o(i.Clk_SetHClkDiv)
    i.Clk_SetPClkDiv                         0x00000bf4   Section        0  clk.o(i.Clk_SetPClkDiv)
    i.Clk_SetPeripheralGate                  0x00000c44   Section        0  clk.o(i.Clk_SetPeripheralGate)
    i.Clk_SetRCHFreq                         0x00000c80   Section        0  clk.o(i.Clk_SetRCHFreq)
    i.Clk_SetRCL_StableTime                  0x00000d20   Section        0  clk.o(i.Clk_SetRCL_StableTime)
    i.Clk_SetSource                          0x00000d90   Section        0  clk.o(i.Clk_SetSource)
    i.Clk_SetXTH_StableTime                  0x00000ddc   Section        0  clk.o(i.Clk_SetXTH_StableTime)
    i.Clk_SetXTL_StableTime                  0x00000e3c   Section        0  clk.o(i.Clk_SetXTL_StableTime)
    i.Clk_SwitchTo                           0x00000e9c   Section        0  clk.o(i.Clk_SwitchTo)
    i.Clk_SysTickConfig                      0x00000f48   Section        0  clk.o(i.Clk_SysTickConfig)
    i.DebugInit                              0x0000100c   Section        0  hallayer.o(i.DebugInit)
    i.Gpio_InitIOExt                         0x00001138   Section        0  gpio.o(i.Gpio_InitIOExt)
    i.Gpio_SetAnalog                         0x000012a0   Section        0  gpio.o(i.Gpio_SetAnalog)
    i.Gpio_SetIO                             0x000012e0   Section        0  gpio.o(i.Gpio_SetIO)
    i.HAL_SystemInit                         0x00001328   Section        0  hallayer.o(i.HAL_SystemInit)
    i.HardFault_Handler                      0x0000135a   Section        0  interrupts_hc32l110.o(i.HardFault_Handler)
    i.IRQ000_Handler                         0x0000136a   Section        0  interrupts_hc32l110.o(i.IRQ000_Handler)
    i.IRQ001_Handler                         0x00001374   Section        0  interrupts_hc32l110.o(i.IRQ001_Handler)
    i.IRQ002_Handler                         0x0000137e   Section        0  interrupts_hc32l110.o(i.IRQ002_Handler)
    i.IRQ003_Handler                         0x00001388   Section        0  interrupts_hc32l110.o(i.IRQ003_Handler)
    i.IRQ006_Handler                         0x00001392   Section        0  interrupts_hc32l110.o(i.IRQ006_Handler)
    i.IRQ007_Handler                         0x0000139c   Section        0  interrupts_hc32l110.o(i.IRQ007_Handler)
    i.IRQ008_Handler                         0x000013a6   Section        0  interrupts_hc32l110.o(i.IRQ008_Handler)
    i.IRQ010_Handler                         0x000013b0   Section        0  interrupts_hc32l110.o(i.IRQ010_Handler)
    i.IRQ012_Handler                         0x000013ba   Section        0  interrupts_hc32l110.o(i.IRQ012_Handler)
    i.IRQ014_Handler                         0x000013c4   Section        0  interrupts_hc32l110.o(i.IRQ014_Handler)
    i.IRQ015_Handler                         0x000013ce   Section        0  interrupts_hc32l110.o(i.IRQ015_Handler)
    i.IRQ016_Handler                         0x000013d8   Section        0  interrupts_hc32l110.o(i.IRQ016_Handler)
    i.IRQ017_Handler                         0x000013e2   Section        0  interrupts_hc32l110.o(i.IRQ017_Handler)
    i.IRQ018_Handler                         0x000013ec   Section        0  interrupts_hc32l110.o(i.IRQ018_Handler)
    i.IRQ019_Handler                         0x000013f6   Section        0  interrupts_hc32l110.o(i.IRQ019_Handler)
    i.IRQ020_Handler                         0x00001400   Section        0  interrupts_hc32l110.o(i.IRQ020_Handler)
    i.IRQ021_Handler                         0x0000140a   Section        0  interrupts_hc32l110.o(i.IRQ021_Handler)
    i.IRQ022_Handler                         0x00001414   Section        0  interrupts_hc32l110.o(i.IRQ022_Handler)
    i.IRQ023_Handler                         0x0000141e   Section        0  interrupts_hc32l110.o(i.IRQ023_Handler)
    i.IRQ024_Handler                         0x00001428   Section        0  interrupts_hc32l110.o(i.IRQ024_Handler)
    i.IRQ026_Handler                         0x00001432   Section        0  interrupts_hc32l110.o(i.IRQ026_Handler)
    i.IRQ027_Handler                         0x0000143c   Section        0  interrupts_hc32l110.o(i.IRQ027_Handler)
    i.IRQ028_Handler                         0x00001446   Section        0  interrupts_hc32l110.o(i.IRQ028_Handler)
    i.IRQ030_Handler                         0x00001450   Section        0  interrupts_hc32l110.o(i.IRQ030_Handler)
    i.IRQ031_Handler                         0x0000145a   Section        0  interrupts_hc32l110.o(i.IRQ031_Handler)
    i.LPUartDeInitNvic                       0x00001464   Section        0  lpuart.o(i.LPUartDeInitNvic)
    LPUartDeInitNvic                         0x00001465   Thumb Code    70  lpuart.o(i.LPUartDeInitNvic)
    i.LPUartGetInternDataCb                  0x000014b0   Section        0  lpuart.o(i.LPUartGetInternDataCb)
    LPUartGetInternDataCb                    0x000014b1   Thumb Code     4  lpuart.o(i.LPUartGetInternDataCb)
    i.LPUartInitNvic                         0x000014b8   Section        0  lpuart.o(i.LPUartInitNvic)
    LPUartInitNvic                           0x000014b9   Thumb Code    46  lpuart.o(i.LPUartInitNvic)
    i.LPUart_EnableIrq                       0x000014ec   Section        0  lpuart.o(i.LPUart_EnableIrq)
    i.LPUart_Init                            0x0000153c   Section        0  lpuart.o(i.LPUart_Init)
    i.LPUart_SelSclk                         0x000015a4   Section        0  lpuart.o(i.LPUart_SelSclk)
    i.LPUart_SelSclkPrs                      0x000015e8   Section        0  lpuart.o(i.LPUart_SelSclkPrs)
    i.LPUart_SetBaudRate                     0x00001610   Section        0  lpuart.o(i.LPUart_SetBaudRate)
    i.LPUart_SetMode                         0x0000168c   Section        0  lpuart.o(i.LPUart_SetMode)
    i.LPUart_SetMultiMode                    0x00001700   Section        0  lpuart.o(i.LPUart_SetMultiMode)
    i.Log2                                   0x00001734   Section        0  ddl.o(i.Log2)
    i.Motor_Port_Init                        0x0000174c   Section        0  hallayer.o(i.Motor_Port_Init)
    i.SVC_Handler                            0x000017d8   Section        0  port.o(i.SVC_Handler)
    i.SysTick_Handler                        0x000017dc   Section        0  port.o(i.SysTick_Handler)
    i.SystemCoreClockUpdate                  0x00001800   Section        0  system_hc32l110.o(i.SystemCoreClockUpdate)
    i.SystemInit                             0x00001810   Section        0  system_hc32l110.o(i.SystemInit)
    i.TimeTask                               0x00001848   Section        0  timetask.o(i.TimeTask)
    i._HidePinInit                           0x0000184a   Section        0  system_hc32l110.o(i._HidePinInit)
    _HidePinInit                             0x0000184b   Thumb Code     2  system_hc32l110.o(i._HidePinInit)
    i.__ARM_common_switch8                   0x0000184c   Section        0  clk.o(i.__ARM_common_switch8)
    i.__NVIC_ClearPendingIRQ                 0x00001868   Section        0  lpuart.o(i.__NVIC_ClearPendingIRQ)
    __NVIC_ClearPendingIRQ                   0x00001869   Thumb Code    18  lpuart.o(i.__NVIC_ClearPendingIRQ)
    i.__NVIC_SetPriority                     0x00001880   Section        0  clk.o(i.__NVIC_SetPriority)
    __NVIC_SetPriority                       0x00001881   Thumb Code   110  clk.o(i.__NVIC_SetPriority)
    i.__NVIC_SetPriority                     0x000018f8   Section        0  lpuart.o(i.__NVIC_SetPriority)
    __NVIC_SetPriority                       0x000018f9   Thumb Code   110  lpuart.o(i.__NVIC_SetPriority)
    i._sys_exit                              0x00001970   Section        0  ddl.o(i._sys_exit)
    i.ddl_memclr                             0x00001974   Section        0  ddl.o(i.ddl_memclr)
    i.delay100us                             0x00001994   Section        0  ddl.o(i.delay100us)
    i.main                                   0x000019d0   Section        0  main.o(i.main)
    i.prvResetNextTaskUnblockTime            0x000019dc   Section        0  tasks.o(i.prvResetNextTaskUnblockTime)
    prvResetNextTaskUnblockTime              0x000019dd   Thumb Code    44  tasks.o(i.prvResetNextTaskUnblockTime)
    i.vTaskSwitchContext                     0x00001a10   Section        0  tasks.o(i.vTaskSwitchContext)
    i.xTaskIncrementTick                     0x00001a90   Section        0  tasks.o(i.xTaskIncrementTick)
    .constdata                               0x00001c38   Section        8  clk.o(.constdata)
    .data                                    0x20000000   Section        4  system_hc32l110.o(.data)
    .data                                    0x20000004   Section       12  bt.o(.data)
    pfnTim0Callback                          0x20000004   Data           4  bt.o(.data)
    pfnTim1Callback                          0x20000008   Data           4  bt.o(.data)
    pfnTim2Callback                          0x2000000c   Data           4  bt.o(.data)
    .data                                    0x20000010   Section       64  tasks.o(.data)
    pxDelayedTaskList                        0x20000014   Data           4  tasks.o(.data)
    pxOverflowDelayedTaskList                0x20000018   Data           4  tasks.o(.data)
    uxDeletedTasksWaitingCleanUp             0x2000001c   Data           4  tasks.o(.data)
    uxCurrentNumberOfTasks                   0x20000020   Data           4  tasks.o(.data)
    xTickCount                               0x20000024   Data           4  tasks.o(.data)
    uxTopReadyPriority                       0x20000028   Data           4  tasks.o(.data)
    xSchedulerRunning                        0x2000002c   Data           4  tasks.o(.data)
    xPendedTicks                             0x20000030   Data           4  tasks.o(.data)
    xYieldPending                            0x20000034   Data           4  tasks.o(.data)
    xNumOfOverflows                          0x20000038   Data           4  tasks.o(.data)
    uxTaskNumber                             0x2000003c   Data           4  tasks.o(.data)
    xNextTaskUnblockTime                     0x20000040   Data           4  tasks.o(.data)
    xIdleTaskHandle                          0x20000044   Data           4  tasks.o(.data)
    uxSchedulerSuspended                     0x2000004c   Data           4  tasks.o(.data)
    .bss                                     0x20000050   Section       12  lpuart.o(.bss)
    stcLPUartIrqCb                           0x20000050   Data          12  lpuart.o(.bss)
    .bss                                     0x2000005c   Section      200  tasks.o(.bss)
    pxReadyTasksLists                        0x2000005c   Data         100  tasks.o(.bss)
    xDelayedTaskList1                        0x200000c0   Data          20  tasks.o(.bss)
    xDelayedTaskList2                        0x200000d4   Data          20  tasks.o(.bss)
    xPendingReadyList                        0x200000e8   Data          20  tasks.o(.bss)
    xTasksWaitingTermination                 0x200000fc   Data          20  tasks.o(.bss)
    xSuspendedTaskList                       0x20000110   Data          20  tasks.o(.bss)
    .bss                                     0x20000124   Section       96  libspace.o(.bss)
    HEAP                                     0x20000188   Section      256  startup_hc32l110.o(HEAP)
    Heap_Mem                                 0x20000188   Data         256  startup_hc32l110.o(HEAP)
    STACK                                    0x20000288   Section      256  startup_hc32l110.o(STACK)
    Stack_Mem                                0x20000288   Data         256  startup_hc32l110.o(STACK)
    __initial_sp                             0x20000388   Data           0  startup_hc32l110.o(STACK)

    Global Symbols

    Symbol Name                              Value     Ov Type        Size  Object(Section)

    BuildAttributes$$THM_ISAv3M$S$PE$A:L22$X:L11$S22$IEEE1$IW$USESV6$~STKCKD$USESV7$~SHL$OSPACE$ROPI$EBA8$UX$STANDARDLIB$REQ8$PRES8$EABIv2 0x00000000   Number         0  anon$$obj.o ABSOLUTE
    __ARM_use_no_argv                        0x00000000   Number         0  main.o ABSOLUTE
    __Vectors                                0x00000000   Data           4  startup_hc32l110.o(RESET)
    Adt_IRQHandler                            - Undefined Weak Reference
    ClkTrim_IRQHandler                        - Undefined Weak Reference
    EfRam_IRQHandler                          - Undefined Weak Reference
    Gpio_IRQHandler                           - Undefined Weak Reference
    I2c_IRQHandler                            - Undefined Weak Reference
    LpTim_IRQHandler                          - Undefined Weak Reference
    Lvd_IRQHandler                            - Undefined Weak Reference
    Pca_IRQHandler                            - Undefined Weak Reference
    Rtc_IRQHandler                            - Undefined Weak Reference
    Spi_IRQHandler                            - Undefined Weak Reference
    Vc_IRQHandler                             - Undefined Weak Reference
    Wdt_IRQHandler                            - Undefined Weak Reference
    __ARM_exceptions_init                     - Undefined Weak Reference
    __alloca_initialize                       - Undefined Weak Reference
    __arm_preinit_                            - Undefined Weak Reference
    __cpp_initialize__aeabi_                  - Undefined Weak Reference
    __cxa_finalize                            - Undefined Weak Reference
    __rt_locale                               - Undefined Weak Reference
    __sigvec_lookup                           - Undefined Weak Reference
    _atexit_init                              - Undefined Weak Reference
    _call_atexit_fns                          - Undefined Weak Reference
    _clock_init                               - Undefined Weak Reference
    _fp_trap_init                             - Undefined Weak Reference
    _fp_trap_shutdown                         - Undefined Weak Reference
    _get_lc_collate                           - Undefined Weak Reference
    _get_lc_ctype                             - Undefined Weak Reference
    _get_lc_monetary                          - Undefined Weak Reference
    _get_lc_numeric                           - Undefined Weak Reference
    _get_lc_time                              - Undefined Weak Reference
    _getenv_init                              - Undefined Weak Reference
    _handle_redirection                       - Undefined Weak Reference
    _init_alloc                               - Undefined Weak Reference
    _init_user_alloc                          - Undefined Weak Reference
    _initio                                   - Undefined Weak Reference
    _rand_init                                - Undefined Weak Reference
    _signal_finish                            - Undefined Weak Reference
    _signal_init                              - Undefined Weak Reference
    _terminate_alloc                          - Undefined Weak Reference
    _terminate_user_alloc                     - Undefined Weak Reference
    _terminateio                              - Undefined Weak Reference
    __Vectors_End                            0x000000c0   Data           0  startup_hc32l110.o(RESET)
    __Vectors_Size                           0x000000c0   Number         0  startup_hc32l110.o ABSOLUTE
    __main                                   0x000000c1   Thumb Code     8  __main.o(!!!main)
    __scatterload                            0x000000c9   Thumb Code     0  __scatter.o(!!!scatter)
    __scatterload_rt2                        0x000000c9   Thumb Code    52  __scatter.o(!!!scatter)
    __scatterload_rt2_thumb_only             0x000000c9   Thumb Code     0  __scatter.o(!!!scatter)
    __scatterload_null                       0x000000d9   Thumb Code     0  __scatter.o(!!!scatter)
    __scatterload_copy                       0x00000105   Thumb Code    26  __scatter_copy.o(!!handler_copy)
    __scatterload_zeroinit                   0x00000121   Thumb Code    28  __scatter_zi.o(!!handler_zi)
    __rt_lib_init                            0x0000013d   Thumb Code     0  libinit.o(.ARM.Collect$$libinit$$00000000)
    __rt_lib_init_alloca_1                   0x0000013f   Thumb Code     0  libinit2.o(.ARM.Collect$$libinit$$0000002E)
    __rt_lib_init_argv_1                     0x0000013f   Thumb Code     0  libinit2.o(.ARM.Collect$$libinit$$0000002C)
    __rt_lib_init_atexit_1                   0x0000013f   Thumb Code     0  libinit2.o(.ARM.Collect$$libinit$$0000001B)
    __rt_lib_init_clock_1                    0x0000013f   Thumb Code     0  libinit2.o(.ARM.Collect$$libinit$$00000021)
    __rt_lib_init_cpp_1                      0x0000013f   Thumb Code     0  libinit2.o(.ARM.Collect$$libinit$$00000032)
    __rt_lib_init_exceptions_1               0x0000013f   Thumb Code     0  libinit2.o(.ARM.Collect$$libinit$$00000030)
    __rt_lib_init_fp_1                       0x0000013f   Thumb Code     0  libinit2.o(.ARM.Collect$$libinit$$00000002)
    __rt_lib_init_fp_trap_1                  0x0000013f   Thumb Code     0  libinit2.o(.ARM.Collect$$libinit$$0000001F)
    __rt_lib_init_getenv_1                   0x0000013f   Thumb Code     0  libinit2.o(.ARM.Collect$$libinit$$00000023)
    __rt_lib_init_heap_1                     0x0000013f   Thumb Code     0  libinit2.o(.ARM.Collect$$libinit$$0000000A)
    __rt_lib_init_lc_collate_1               0x0000013f   Thumb Code     0  libinit2.o(.ARM.Collect$$libinit$$00000011)
    __rt_lib_init_lc_ctype_1                 0x0000013f   Thumb Code     0  libinit2.o(.ARM.Collect$$libinit$$00000013)
    __rt_lib_init_lc_monetary_1              0x0000013f   Thumb Code     0  libinit2.o(.ARM.Collect$$libinit$$00000015)
    __rt_lib_init_lc_numeric_1               0x0000013f   Thumb Code     0  libinit2.o(.ARM.Collect$$libinit$$00000017)
    __rt_lib_init_lc_time_1                  0x0000013f   Thumb Code     0  libinit2.o(.ARM.Collect$$libinit$$00000019)
    __rt_lib_init_preinit_1                  0x0000013f   Thumb Code     0  libinit2.o(.ARM.Collect$$libinit$$00000004)
    __rt_lib_init_rand_1                     0x0000013f   Thumb Code     0  libinit2.o(.ARM.Collect$$libinit$$0000000E)
    __rt_lib_init_return                     0x0000013f   Thumb Code     0  libinit2.o(.ARM.Collect$$libinit$$00000033)
    __rt_lib_init_signal_1                   0x0000013f   Thumb Code     0  libinit2.o(.ARM.Collect$$libinit$$0000001D)
    __rt_lib_init_stdio_1                    0x0000013f   Thumb Code     0  libinit2.o(.ARM.Collect$$libinit$$00000025)
    __rt_lib_init_user_alloc_1               0x0000013f   Thumb Code     0  libinit2.o(.ARM.Collect$$libinit$$0000000C)
    __rt_lib_shutdown                        0x00000141   Thumb Code     0  libshutdown.o(.ARM.Collect$$libshutdown$$00000000)
    __rt_lib_shutdown_cpp_1                  0x00000143   Thumb Code     0  libshutdown2.o(.ARM.Collect$$libshutdown$$00000002)
    __rt_lib_shutdown_fp_trap_1              0x00000143   Thumb Code     0  libshutdown2.o(.ARM.Collect$$libshutdown$$00000007)
    __rt_lib_shutdown_heap_1                 0x00000143   Thumb Code     0  libshutdown2.o(.ARM.Collect$$libshutdown$$0000000F)
    __rt_lib_shutdown_return                 0x00000143   Thumb Code     0  libshutdown2.o(.ARM.Collect$$libshutdown$$00000010)
    __rt_lib_shutdown_signal_1               0x00000143   Thumb Code     0  libshutdown2.o(.ARM.Collect$$libshutdown$$0000000A)
    __rt_lib_shutdown_stdio_1                0x00000143   Thumb Code     0  libshutdown2.o(.ARM.Collect$$libshutdown$$00000004)
    __rt_lib_shutdown_user_alloc_1           0x00000143   Thumb Code     0  libshutdown2.o(.ARM.Collect$$libshutdown$$0000000C)
    __rt_entry                               0x00000145   Thumb Code     0  __rtentry.o(.ARM.Collect$$rtentry$$00000000)
    __rt_entry_presh_1                       0x00000145   Thumb Code     0  __rtentry2.o(.ARM.Collect$$rtentry$$00000002)
    __rt_entry_sh                            0x00000145   Thumb Code     0  __rtentry4.o(.ARM.Collect$$rtentry$$00000004)
    __rt_entry_li                            0x0000014b   Thumb Code     0  __rtentry2.o(.ARM.Collect$$rtentry$$0000000A)
    __rt_entry_postsh_1                      0x0000014b   Thumb Code     0  __rtentry2.o(.ARM.Collect$$rtentry$$00000009)
    __rt_entry_main                          0x0000014f   Thumb Code     0  __rtentry2.o(.ARM.Collect$$rtentry$$0000000D)
    __rt_entry_postli_1                      0x0000014f   Thumb Code     0  __rtentry2.o(.ARM.Collect$$rtentry$$0000000C)
    __rt_exit                                0x00000157   Thumb Code     0  rtexit.o(.ARM.Collect$$rtexit$$00000000)
    __rt_exit_ls                             0x00000159   Thumb Code     0  rtexit2.o(.ARM.Collect$$rtexit$$00000003)
    __rt_exit_prels_1                        0x00000159   Thumb Code     0  rtexit2.o(.ARM.Collect$$rtexit$$00000002)
    __rt_exit_exit                           0x0000015d   Thumb Code     0  rtexit2.o(.ARM.Collect$$rtexit$$00000004)
    __asm___6_port_c_39a90d8d__prvPortStartFirstTask 0x00000165   Thumb Code    36  port.o(.emb_text)
    ulSetInterruptMaskFromISR                0x0000018d   Thumb Code     8  port.o(.emb_text)
    vClearInterruptMaskFromISR               0x00000195   Thumb Code     6  port.o(.emb_text)
    PendSV_Handler                           0x0000019b   Thumb Code    62  port.o(.emb_text)
    Reset_Handler                            0x000001dd   Thumb Code    26  startup_hc32l110.o(.text)
    NMI_Handler                              0x000001f7   Thumb Code     2  startup_hc32l110.o(.text)
    IRQ004_Handler                           0x00000201   Thumb Code     0  startup_hc32l110.o(.text)
    IRQ005_Handler                           0x00000201   Thumb Code     0  startup_hc32l110.o(.text)
    IRQ009_Handler                           0x00000201   Thumb Code     0  startup_hc32l110.o(.text)
    IRQ011_Handler                           0x00000201   Thumb Code     0  startup_hc32l110.o(.text)
    IRQ013_Handler                           0x00000201   Thumb Code     0  startup_hc32l110.o(.text)
    IRQ025_Handler                           0x00000201   Thumb Code     0  startup_hc32l110.o(.text)
    IRQ029_Handler                           0x00000201   Thumb Code     0  startup_hc32l110.o(.text)
    __user_initial_stackheap                 0x00000205   Thumb Code     0  startup_hc32l110.o(.text)
    __use_no_semihosting                     0x00000235   Thumb Code     2  use_no_semi_2.o(.text)
    __aeabi_uidiv                            0x00000237   Thumb Code     0  aeabi_sdiv.o(.text)
    __aeabi_uidivmod                         0x00000237   Thumb Code    20  aeabi_sdiv.o(.text)
    __aeabi_idiv                             0x0000024b   Thumb Code     0  aeabi_sdiv.o(.text)
    __aeabi_idivmod                          0x0000024b   Thumb Code   326  aeabi_sdiv.o(.text)
    __use_two_region_memory                  0x00000391   Thumb Code     2  heapauxi.o(.text)
    __rt_heap_escrow$2region                 0x00000393   Thumb Code     2  heapauxi.o(.text)
    __rt_heap_expand$2region                 0x00000395   Thumb Code     2  heapauxi.o(.text)
    __I$use$semihosting                      0x00000397   Thumb Code     0  use_no_semi.o(.text)
    __use_no_semihosting_swi                 0x00000397   Thumb Code     2  use_no_semi.o(.text)
    __user_setup_stackheap                   0x00000399   Thumb Code    62  sys_stackheap_outer.o(.text)
    exit                                     0x000003d7   Thumb Code    16  exit.o(.text)
    __user_libspace                          0x000003e9   Thumb Code     8  libspace.o(.text)
    __user_perproc_libspace                  0x000003e9   Thumb Code     0  libspace.o(.text)
    __user_perthread_libspace                0x000003e9   Thumb Code     0  libspace.o(.text)
    AdcInit                                  0x000003f1   Thumb Code   162  hallayer.o(i.AdcInit)
    Adc_ConfigNormMode                       0x00000499   Thumb Code    84  adc.o(i.Adc_ConfigNormMode)
    Adc_Enable                               0x000004f1   Thumb Code    16  adc.o(i.Adc_Enable)
    Adc_Init                                 0x00000505   Thumb Code   244  adc.o(i.Adc_Init)
    Bt_ARRSet                                0x000005fd   Thumb Code    86  bt.o(i.Bt_ARRSet)
    Bt_Cnt16Set                              0x00000659   Thumb Code    86  bt.o(i.Bt_Cnt16Set)
    Bt_Init                                  0x000006b5   Thumb Code   478  bt.o(i.Bt_Init)
    Bt_Run                                   0x000008a5   Thumb Code    78  bt.o(i.Bt_Run)
    Clk_Enable                               0x00000925   Thumb Code   296  clk.o(i.Clk_Enable)
    Clk_GetClkRdy                            0x00000a55   Thumb Code    68  clk.o(i.Clk_GetClkRdy)
    Clk_GetHClkFreq                          0x00000a9d   Thumb Code   144  clk.o(i.Clk_GetHClkFreq)
    Clk_GetPClkFreq                          0x00000b4d   Thumb Code    28  clk.o(i.Clk_GetPClkFreq)
    Clk_Init                                 0x00000b6d   Thumb Code    26  clk.o(i.Clk_Init)
    Clk_SetHClkDiv                           0x00000b89   Thumb Code   104  clk.o(i.Clk_SetHClkDiv)
    Clk_SetPClkDiv                           0x00000bf5   Thumb Code    76  clk.o(i.Clk_SetPClkDiv)
    Clk_SetPeripheralGate                    0x00000c45   Thumb Code    54  clk.o(i.Clk_SetPeripheralGate)
    Clk_SetRCHFreq                           0x00000c81   Thumb Code   150  clk.o(i.Clk_SetRCHFreq)
    Clk_SetRCL_StableTime                    0x00000d21   Thumb Code   108  clk.o(i.Clk_SetRCL_StableTime)
    Clk_SetSource                            0x00000d91   Thumb Code    70  clk.o(i.Clk_SetSource)
    Clk_SetXTH_StableTime                    0x00000ddd   Thumb Code    92  clk.o(i.Clk_SetXTH_StableTime)
    Clk_SetXTL_StableTime                    0x00000e3d   Thumb Code    92  clk.o(i.Clk_SetXTL_StableTime)
    Clk_SwitchTo                             0x00000e9d   Thumb Code   156  clk.o(i.Clk_SwitchTo)
    Clk_SysTickConfig                        0x00000f49   Thumb Code   188  clk.o(i.Clk_SysTickConfig)
    DebugInit                                0x0000100d   Thumb Code   292  hallayer.o(i.DebugInit)
    Gpio_InitIOExt                           0x00001139   Thumb Code   350  gpio.o(i.Gpio_InitIOExt)
    Gpio_SetAnalog                           0x000012a1   Thumb Code    58  gpio.o(i.Gpio_SetAnalog)
    Gpio_SetIO                               0x000012e1   Thumb Code    66  gpio.o(i.Gpio_SetIO)
    HAL_SystemInit                           0x00001329   Thumb Code    50  hallayer.o(i.HAL_SystemInit)
    HardFault_Handler                        0x0000135b   Thumb Code    16  interrupts_hc32l110.o(i.HardFault_Handler)
    IRQ000_Handler                           0x0000136b   Thumb Code    10  interrupts_hc32l110.o(i.IRQ000_Handler)
    IRQ001_Handler                           0x00001375   Thumb Code    10  interrupts_hc32l110.o(i.IRQ001_Handler)
    IRQ002_Handler                           0x0000137f   Thumb Code    10  interrupts_hc32l110.o(i.IRQ002_Handler)
    IRQ003_Handler                           0x00001389   Thumb Code    10  interrupts_hc32l110.o(i.IRQ003_Handler)
    IRQ006_Handler                           0x00001393   Thumb Code    10  interrupts_hc32l110.o(i.IRQ006_Handler)
    IRQ007_Handler                           0x0000139d   Thumb Code    10  interrupts_hc32l110.o(i.IRQ007_Handler)
    IRQ008_Handler                           0x000013a7   Thumb Code    10  interrupts_hc32l110.o(i.IRQ008_Handler)
    IRQ010_Handler                           0x000013b1   Thumb Code    10  interrupts_hc32l110.o(i.IRQ010_Handler)
    IRQ012_Handler                           0x000013bb   Thumb Code    10  interrupts_hc32l110.o(i.IRQ012_Handler)
    IRQ014_Handler                           0x000013c5   Thumb Code    10  interrupts_hc32l110.o(i.IRQ014_Handler)
    IRQ015_Handler                           0x000013cf   Thumb Code    10  interrupts_hc32l110.o(i.IRQ015_Handler)
    IRQ016_Handler                           0x000013d9   Thumb Code    10  interrupts_hc32l110.o(i.IRQ016_Handler)
    IRQ017_Handler                           0x000013e3   Thumb Code    10  interrupts_hc32l110.o(i.IRQ017_Handler)
    IRQ018_Handler                           0x000013ed   Thumb Code    10  interrupts_hc32l110.o(i.IRQ018_Handler)
    IRQ019_Handler                           0x000013f7   Thumb Code    10  interrupts_hc32l110.o(i.IRQ019_Handler)
    IRQ020_Handler                           0x00001401   Thumb Code    10  interrupts_hc32l110.o(i.IRQ020_Handler)
    IRQ021_Handler                           0x0000140b   Thumb Code    10  interrupts_hc32l110.o(i.IRQ021_Handler)
    IRQ022_Handler                           0x00001415   Thumb Code    10  interrupts_hc32l110.o(i.IRQ022_Handler)
    IRQ023_Handler                           0x0000141f   Thumb Code    10  interrupts_hc32l110.o(i.IRQ023_Handler)
    IRQ024_Handler                           0x00001429   Thumb Code    10  interrupts_hc32l110.o(i.IRQ024_Handler)
    IRQ026_Handler                           0x00001433   Thumb Code    10  interrupts_hc32l110.o(i.IRQ026_Handler)
    IRQ027_Handler                           0x0000143d   Thumb Code    10  interrupts_hc32l110.o(i.IRQ027_Handler)
    IRQ028_Handler                           0x00001447   Thumb Code    10  interrupts_hc32l110.o(i.IRQ028_Handler)
    IRQ030_Handler                           0x00001451   Thumb Code    10  interrupts_hc32l110.o(i.IRQ030_Handler)
    IRQ031_Handler                           0x0000145b   Thumb Code    10  interrupts_hc32l110.o(i.IRQ031_Handler)
    LPUart_EnableIrq                         0x000014ed   Thumb Code    76  lpuart.o(i.LPUart_EnableIrq)
    LPUart_Init                              0x0000153d   Thumb Code   102  lpuart.o(i.LPUart_Init)
    LPUart_SelSclk                           0x000015a5   Thumb Code    62  lpuart.o(i.LPUart_SelSclk)
    LPUart_SelSclkPrs                        0x000015e9   Thumb Code    34  lpuart.o(i.LPUart_SelSclkPrs)
    LPUart_SetBaudRate                       0x00001611   Thumb Code   118  lpuart.o(i.LPUart_SetBaudRate)
    LPUart_SetMode                           0x0000168d   Thumb Code   112  lpuart.o(i.LPUart_SetMode)
    LPUart_SetMultiMode                      0x00001701   Thumb Code    46  lpuart.o(i.LPUart_SetMultiMode)
    Log2                                     0x00001735   Thumb Code    24  ddl.o(i.Log2)
    Motor_Port_Init                          0x0000174d   Thumb Code   140  hallayer.o(i.Motor_Port_Init)
    SVC_Handler                              0x000017d9   Thumb Code     2  port.o(i.SVC_Handler)
    SysTick_Handler                          0x000017dd   Thumb Code    32  port.o(i.SysTick_Handler)
    SystemCoreClockUpdate                    0x00001801   Thumb Code    12  system_hc32l110.o(i.SystemCoreClockUpdate)
    SystemInit                               0x00001811   Thumb Code    50  system_hc32l110.o(i.SystemInit)
    TimeTask                                 0x00001849   Thumb Code     2  timetask.o(i.TimeTask)
    __ARM_common_switch8                     0x0000184d   Thumb Code    28  clk.o(i.__ARM_common_switch8)
    _sys_exit                                0x00001971   Thumb Code     4  ddl.o(i._sys_exit)
    ddl_memclr                               0x00001975   Thumb Code    32  ddl.o(i.ddl_memclr)
    delay100us                               0x00001995   Thumb Code    48  ddl.o(i.delay100us)
    main                                     0x000019d1   Thumb Code    12  main.o(i.main)
    vTaskSwitchContext                       0x00001a11   Thumb Code   108  tasks.o(i.vTaskSwitchContext)
    xTaskIncrementTick                       0x00001a91   Thumb Code   380  tasks.o(i.xTaskIncrementTick)
    Region$$Table$$Base                      0x00001c40   Number         0  anon$$obj.o(Region$$Table)
    Region$$Table$$Limit                     0x00001c60   Number         0  anon$$obj.o(Region$$Table)
    SystemCoreClock                          0x20000000   Data           4  system_hc32l110.o(.data)
    pxCurrentTCB                             0x20000010   Data           4  tasks.o(.data)
    uxTopUsedPriority                        0x20000048   Data           4  tasks.o(.data)
    __libspace_start                         0x20000124   Data          96  libspace.o(.bss)
    __temporary_stack_top$libspace           0x20000184   Data           0  libspace.o(.bss)



==============================================================================

Memory Map of the image

  Image Entry point : 0x000000c1

  Load Region LR_IROM1 (Base: 0x00000000, Size: 0x00001cb0, Max: 0x00008000, ABSOLUTE)

    Execution Region ER_IROM1 (Exec base: 0x00000000, Load base: 0x00000000, Size: 0x00001c60, Max: 0x00008000, ABSOLUTE)

    Exec Addr    Load Addr    Size         Type   Attr      Idx    E Section Name        Object

    0x00000000   0x00000000   0x000000c0   Data   RO            3    RESET               startup_hc32l110.o
    0x000000c0   0x000000c0   0x00000008   Code   RO         2666  * !!!main             c_p.l(__main.o)
    0x000000c8   0x000000c8   0x0000003c   Code   RO         2831    !!!scatter          c_p.l(__scatter.o)
    0x00000104   0x00000104   0x0000001a   Code   RO         2833    !!handler_copy      c_p.l(__scatter_copy.o)
    0x0000011e   0x0000011e   0x00000002   PAD
    0x00000120   0x00000120   0x0000001c   Code   RO         2835    !!handler_zi        c_p.l(__scatter_zi.o)
    0x0000013c   0x0000013c   0x00000002   Code   RO         2706    .ARM.Collect$$libinit$$00000000  c_p.l(libinit.o)
    0x0000013e   0x0000013e   0x00000000   Code   RO         2720    .ARM.Collect$$libinit$$00000002  c_p.l(libinit2.o)
    0x0000013e   0x0000013e   0x00000000   Code   RO         2722    .ARM.Collect$$libinit$$00000004  c_p.l(libinit2.o)
    0x0000013e   0x0000013e   0x00000000   Code   RO         2725    .ARM.Collect$$libinit$$0000000A  c_p.l(libinit2.o)
    0x0000013e   0x0000013e   0x00000000   Code   RO         2727    .ARM.Collect$$libinit$$0000000C  c_p.l(libinit2.o)
    0x0000013e   0x0000013e   0x00000000   Code   RO         2729    .ARM.Collect$$libinit$$0000000E  c_p.l(libinit2.o)
    0x0000013e   0x0000013e   0x00000000   Code   RO         2732    .ARM.Collect$$libinit$$00000011  c_p.l(libinit2.o)
    0x0000013e   0x0000013e   0x00000000   Code   RO         2734    .ARM.Collect$$libinit$$00000013  c_p.l(libinit2.o)
    0x0000013e   0x0000013e   0x00000000   Code   RO         2736    .ARM.Collect$$libinit$$00000015  c_p.l(libinit2.o)
    0x0000013e   0x0000013e   0x00000000   Code   RO         2738    .ARM.Collect$$libinit$$00000017  c_p.l(libinit2.o)
    0x0000013e   0x0000013e   0x00000000   Code   RO         2740    .ARM.Collect$$libinit$$00000019  c_p.l(libinit2.o)
    0x0000013e   0x0000013e   0x00000000   Code   RO         2742    .ARM.Collect$$libinit$$0000001B  c_p.l(libinit2.o)
    0x0000013e   0x0000013e   0x00000000   Code   RO         2744    .ARM.Collect$$libinit$$0000001D  c_p.l(libinit2.o)
    0x0000013e   0x0000013e   0x00000000   Code   RO         2746    .ARM.Collect$$libinit$$0000001F  c_p.l(libinit2.o)
    0x0000013e   0x0000013e   0x00000000   Code   RO         2748    .ARM.Collect$$libinit$$00000021  c_p.l(libinit2.o)
    0x0000013e   0x0000013e   0x00000000   Code   RO         2750    .ARM.Collect$$libinit$$00000023  c_p.l(libinit2.o)
    0x0000013e   0x0000013e   0x00000000   Code   RO         2752    .ARM.Collect$$libinit$$00000025  c_p.l(libinit2.o)
    0x0000013e   0x0000013e   0x00000000   Code   RO         2756    .ARM.Collect$$libinit$$0000002C  c_p.l(libinit2.o)
    0x0000013e   0x0000013e   0x00000000   Code   RO         2758    .ARM.Collect$$libinit$$0000002E  c_p.l(libinit2.o)
    0x0000013e   0x0000013e   0x00000000   Code   RO         2760    .ARM.Collect$$libinit$$00000030  c_p.l(libinit2.o)
    0x0000013e   0x0000013e   0x00000000   Code   RO         2762    .ARM.Collect$$libinit$$00000032  c_p.l(libinit2.o)
    0x0000013e   0x0000013e   0x00000002   Code   RO         2763    .ARM.Collect$$libinit$$00000033  c_p.l(libinit2.o)
    0x00000140   0x00000140   0x00000002   Code   RO         2787    .ARM.Collect$$libshutdown$$00000000  c_p.l(libshutdown.o)
    0x00000142   0x00000142   0x00000000   Code   RO         2813    .ARM.Collect$$libshutdown$$00000002  c_p.l(libshutdown2.o)
    0x00000142   0x00000142   0x00000000   Code   RO         2815    .ARM.Collect$$libshutdown$$00000004  c_p.l(libshutdown2.o)
    0x00000142   0x00000142   0x00000000   Code   RO         2818    .ARM.Collect$$libshutdown$$00000007  c_p.l(libshutdown2.o)
    0x00000142   0x00000142   0x00000000   Code   RO         2821    .ARM.Collect$$libshutdown$$0000000A  c_p.l(libshutdown2.o)
    0x00000142   0x00000142   0x00000000   Code   RO         2823    .ARM.Collect$$libshutdown$$0000000C  c_p.l(libshutdown2.o)
    0x00000142   0x00000142   0x00000000   Code   RO         2826    .ARM.Collect$$libshutdown$$0000000F  c_p.l(libshutdown2.o)
    0x00000142   0x00000142   0x00000002   Code   RO         2827    .ARM.Collect$$libshutdown$$00000010  c_p.l(libshutdown2.o)
    0x00000144   0x00000144   0x00000000   Code   RO         2670    .ARM.Collect$$rtentry$$00000000  c_p.l(__rtentry.o)
    0x00000144   0x00000144   0x00000000   Code   RO         2676    .ARM.Collect$$rtentry$$00000002  c_p.l(__rtentry2.o)
    0x00000144   0x00000144   0x00000006   Code   RO         2688    .ARM.Collect$$rtentry$$00000004  c_p.l(__rtentry4.o)
    0x0000014a   0x0000014a   0x00000000   Code   RO         2678    .ARM.Collect$$rtentry$$00000009  c_p.l(__rtentry2.o)
    0x0000014a   0x0000014a   0x00000004   Code   RO         2679    .ARM.Collect$$rtentry$$0000000A  c_p.l(__rtentry2.o)
    0x0000014e   0x0000014e   0x00000000   Code   RO         2681    .ARM.Collect$$rtentry$$0000000C  c_p.l(__rtentry2.o)
    0x0000014e   0x0000014e   0x00000008   Code   RO         2682    .ARM.Collect$$rtentry$$0000000D  c_p.l(__rtentry2.o)
    0x00000156   0x00000156   0x00000002   Code   RO         2711    .ARM.Collect$$rtexit$$00000000  c_p.l(rtexit.o)
    0x00000158   0x00000158   0x00000000   Code   RO         2765    .ARM.Collect$$rtexit$$00000002  c_p.l(rtexit2.o)
    0x00000158   0x00000158   0x00000004   Code   RO         2766    .ARM.Collect$$rtexit$$00000003  c_p.l(rtexit2.o)
    0x0000015c   0x0000015c   0x00000006   Code   RO         2767    .ARM.Collect$$rtexit$$00000004  c_p.l(rtexit2.o)
    0x00000162   0x00000162   0x00000002   PAD
    0x00000164   0x00000164   0x00000078   Code   RO         2575    .emb_text           port.o
    0x000001dc   0x000001dc   0x00000058   Code   RO            4    .text               startup_hc32l110.o
    0x00000234   0x00000234   0x00000002   Code   RO         2648    .text               c_p.l(use_no_semi_2.o)
    0x00000236   0x00000236   0x0000015a   Code   RO         2660    .text               c_p.l(aeabi_sdiv.o)
    0x00000390   0x00000390   0x00000006   Code   RO         2664    .text               c_p.l(heapauxi.o)
    0x00000396   0x00000396   0x00000002   Code   RO         2668    .text               c_p.l(use_no_semi.o)
    0x00000398   0x00000398   0x0000003e   Code   RO         2692    .text               c_p.l(sys_stackheap_outer.o)
    0x000003d6   0x000003d6   0x00000010   Code   RO         2695    .text               c_p.l(exit.o)
    0x000003e6   0x000003e6   0x00000002   PAD
    0x000003e8   0x000003e8   0x00000008   Code   RO         2707    .text               c_p.l(libspace.o)
    0x000003f0   0x000003f0   0x000000a8   Code   RO          224    i.AdcInit           hallayer.o
    0x00000498   0x00000498   0x00000058   Code   RO          854    i.Adc_ConfigNormMode  adc.o
    0x000004f0   0x000004f0   0x00000014   Code   RO          859    i.Adc_Enable        adc.o
    0x00000504   0x00000504   0x000000f8   Code   RO          867    i.Adc_Init          adc.o
    0x000005fc   0x000005fc   0x0000005c   Code   RO         1199    i.Bt_ARRSet         bt.o
    0x00000658   0x00000658   0x0000005c   Code   RO         1202    i.Bt_Cnt16Set       bt.o
    0x000006b4   0x000006b4   0x000001f0   Code   RO         1208    i.Bt_Init           bt.o
    0x000008a4   0x000008a4   0x00000054   Code   RO         1209    i.Bt_Run            bt.o
    0x000008f8   0x000008f8   0x00000018   Code   RO          559    i.ClkUnlock         clk.o
    0x00000910   0x00000910   0x00000014   Code   RO          560    i.ClkWriteDummy     clk.o
    0x00000924   0x00000924   0x00000130   Code   RO          563    i.Clk_Enable        clk.o
    0x00000a54   0x00000a54   0x00000048   Code   RO          564    i.Clk_GetClkRdy     clk.o
    0x00000a9c   0x00000a9c   0x000000b0   Code   RO          565    i.Clk_GetHClkFreq   clk.o
    0x00000b4c   0x00000b4c   0x00000020   Code   RO          566    i.Clk_GetPClkFreq   clk.o
    0x00000b6c   0x00000b6c   0x0000001a   Code   RO          568    i.Clk_Init          clk.o
    0x00000b86   0x00000b86   0x00000002   PAD
    0x00000b88   0x00000b88   0x0000006c   Code   RO          570    i.Clk_SetHClkDiv    clk.o
    0x00000bf4   0x00000bf4   0x00000050   Code   RO          571    i.Clk_SetPClkDiv    clk.o
    0x00000c44   0x00000c44   0x0000003c   Code   RO          572    i.Clk_SetPeripheralGate  clk.o
    0x00000c80   0x00000c80   0x000000a0   Code   RO          573    i.Clk_SetRCHFreq    clk.o
    0x00000d20   0x00000d20   0x00000070   Code   RO          575    i.Clk_SetRCL_StableTime  clk.o
    0x00000d90   0x00000d90   0x0000004c   Code   RO          577    i.Clk_SetSource     clk.o
    0x00000ddc   0x00000ddc   0x00000060   Code   RO          578    i.Clk_SetXTH_StableTime  clk.o
    0x00000e3c   0x00000e3c   0x00000060   Code   RO          580    i.Clk_SetXTL_StableTime  clk.o
    0x00000e9c   0x00000e9c   0x000000ac   Code   RO          581    i.Clk_SwitchTo      clk.o
    0x00000f48   0x00000f48   0x000000c4   Code   RO          582    i.Clk_SysTickConfig  clk.o
    0x0000100c   0x0000100c   0x0000012c   Code   RO          227    i.DebugInit         hallayer.o
    0x00001138   0x00001138   0x00000168   Code   RO          748    i.Gpio_InitIOExt    gpio.o
    0x000012a0   0x000012a0   0x00000040   Code   RO          749    i.Gpio_SetAnalog    gpio.o
    0x000012e0   0x000012e0   0x00000048   Code   RO          752    i.Gpio_SetIO        gpio.o
    0x00001328   0x00001328   0x00000032   Code   RO          229    i.HAL_SystemInit    hallayer.o
    0x0000135a   0x0000135a   0x00000010   Code   RO          372    i.HardFault_Handler  interrupts_hc32l110.o
    0x0000136a   0x0000136a   0x0000000a   Code   RO          373    i.IRQ000_Handler    interrupts_hc32l110.o
    0x00001374   0x00001374   0x0000000a   Code   RO          374    i.IRQ001_Handler    interrupts_hc32l110.o
    0x0000137e   0x0000137e   0x0000000a   Code   RO          375    i.IRQ002_Handler    interrupts_hc32l110.o
    0x00001388   0x00001388   0x0000000a   Code   RO          376    i.IRQ003_Handler    interrupts_hc32l110.o
    0x00001392   0x00001392   0x0000000a   Code   RO          377    i.IRQ006_Handler    interrupts_hc32l110.o
    0x0000139c   0x0000139c   0x0000000a   Code   RO          378    i.IRQ007_Handler    interrupts_hc32l110.o
    0x000013a6   0x000013a6   0x0000000a   Code   RO          379    i.IRQ008_Handler    interrupts_hc32l110.o
    0x000013b0   0x000013b0   0x0000000a   Code   RO          380    i.IRQ010_Handler    interrupts_hc32l110.o
    0x000013ba   0x000013ba   0x0000000a   Code   RO          381    i.IRQ012_Handler    interrupts_hc32l110.o
    0x000013c4   0x000013c4   0x0000000a   Code   RO          382    i.IRQ014_Handler    interrupts_hc32l110.o
    0x000013ce   0x000013ce   0x0000000a   Code   RO          383    i.IRQ015_Handler    interrupts_hc32l110.o
    0x000013d8   0x000013d8   0x0000000a   Code   RO          384    i.IRQ016_Handler    interrupts_hc32l110.o
    0x000013e2   0x000013e2   0x0000000a   Code   RO          385    i.IRQ017_Handler    interrupts_hc32l110.o
    0x000013ec   0x000013ec   0x0000000a   Code   RO          386    i.IRQ018_Handler    interrupts_hc32l110.o
    0x000013f6   0x000013f6   0x0000000a   Code   RO          387    i.IRQ019_Handler    interrupts_hc32l110.o
    0x00001400   0x00001400   0x0000000a   Code   RO          388    i.IRQ020_Handler    interrupts_hc32l110.o
    0x0000140a   0x0000140a   0x0000000a   Code   RO          389    i.IRQ021_Handler    interrupts_hc32l110.o
    0x00001414   0x00001414   0x0000000a   Code   RO          390    i.IRQ022_Handler    interrupts_hc32l110.o
    0x0000141e   0x0000141e   0x0000000a   Code   RO          391    i.IRQ023_Handler    interrupts_hc32l110.o
    0x00001428   0x00001428   0x0000000a   Code   RO          392    i.IRQ024_Handler    interrupts_hc32l110.o
    0x00001432   0x00001432   0x0000000a   Code   RO          393    i.IRQ026_Handler    interrupts_hc32l110.o
    0x0000143c   0x0000143c   0x0000000a   Code   RO          394    i.IRQ027_Handler    interrupts_hc32l110.o
    0x00001446   0x00001446   0x0000000a   Code   RO          395    i.IRQ028_Handler    interrupts_hc32l110.o
    0x00001450   0x00001450   0x0000000a   Code   RO          396    i.IRQ030_Handler    interrupts_hc32l110.o
    0x0000145a   0x0000145a   0x0000000a   Code   RO          397    i.IRQ031_Handler    interrupts_hc32l110.o
    0x00001464   0x00001464   0x0000004c   Code   RO         1297    i.LPUartDeInitNvic  lpuart.o
    0x000014b0   0x000014b0   0x00000008   Code   RO         1298    i.LPUartGetInternDataCb  lpuart.o
    0x000014b8   0x000014b8   0x00000034   Code   RO         1299    i.LPUartInitNvic    lpuart.o
    0x000014ec   0x000014ec   0x00000050   Code   RO         1304    i.LPUart_EnableIrq  lpuart.o
    0x0000153c   0x0000153c   0x00000066   Code   RO         1308    i.LPUart_Init       lpuart.o
    0x000015a2   0x000015a2   0x00000002   PAD
    0x000015a4   0x000015a4   0x00000044   Code   RO         1310    i.LPUart_SelSclk    lpuart.o
    0x000015e8   0x000015e8   0x00000028   Code   RO         1311    i.LPUart_SelSclkPrs  lpuart.o
    0x00001610   0x00001610   0x0000007c   Code   RO         1313    i.LPUart_SetBaudRate  lpuart.o
    0x0000168c   0x0000168c   0x00000074   Code   RO         1315    i.LPUart_SetMode    lpuart.o
    0x00001700   0x00001700   0x00000034   Code   RO         1316    i.LPUart_SetMultiMode  lpuart.o
    0x00001734   0x00001734   0x00000018   Code   RO          293    i.Log2              ddl.o
    0x0000174c   0x0000174c   0x0000008c   Code   RO          231    i.Motor_Port_Init   hallayer.o
    0x000017d8   0x000017d8   0x00000002   Code   RO         2576    i.SVC_Handler       port.o
    0x000017da   0x000017da   0x00000002   PAD
    0x000017dc   0x000017dc   0x00000024   Code   RO         2577    i.SysTick_Handler   port.o
    0x00001800   0x00001800   0x00000010   Code   RO           12    i.SystemCoreClockUpdate  system_hc32l110.o
    0x00001810   0x00001810   0x00000038   Code   RO           13    i.SystemInit        system_hc32l110.o
    0x00001848   0x00001848   0x00000002   Code   RO          196    i.TimeTask          timetask.o
    0x0000184a   0x0000184a   0x00000002   Code   RO           14    i._HidePinInit      system_hc32l110.o
    0x0000184c   0x0000184c   0x0000001c   Code   RO          728    i.__ARM_common_switch8  clk.o
    0x00001868   0x00001868   0x00000018   Code   RO         1321    i.__NVIC_ClearPendingIRQ  lpuart.o
    0x00001880   0x00001880   0x00000078   Code   RO          585    i.__NVIC_SetPriority  clk.o
    0x000018f8   0x000018f8   0x00000078   Code   RO         1322    i.__NVIC_SetPriority  lpuart.o
    0x00001970   0x00001970   0x00000004   Code   RO          295    i._sys_exit         ddl.o
    0x00001974   0x00001974   0x00000020   Code   RO          297    i.ddl_memclr        ddl.o
    0x00001994   0x00001994   0x0000003c   Code   RO          298    i.delay100us        ddl.o
    0x000019d0   0x000019d0   0x0000000c   Code   RO          100    i.main              main.o
    0x000019dc   0x000019dc   0x00000034   Code   RO         2011    i.prvResetNextTaskUnblockTime  tasks.o
    0x00001a10   0x00001a10   0x00000080   Code   RO         2042    i.vTaskSwitchContext  tasks.o
    0x00001a90   0x00001a90   0x000001a8   Code   RO         2055    i.xTaskIncrementTick  tasks.o
    0x00001c38   0x00001c38   0x00000008   Data   RO          586    .constdata          clk.o
    0x00001c40   0x00001c40   0x00000020   Data   RO         2829    Region$$Table       anon$$obj.o


    Execution Region RW_IRAM1 (Exec base: 0x20000000, Load base: 0x00001c60, Size: 0x00000388, Max: 0x00001000, ABSOLUTE)

    Exec Addr    Load Addr    Size         Type   Attr      Idx    E Section Name        Object

    0x20000000   0x00001c60   0x00000004   Data   RW           15    .data               system_hc32l110.o
    0x20000004   0x00001c64   0x0000000c   Data   RW         1212    .data               bt.o
    0x20000010   0x00001c70   0x00000040   Data   RW         2062    .data               tasks.o
    0x20000050        -       0x0000000c   Zero   RW         1323    .bss                lpuart.o
    0x2000005c        -       0x000000c8   Zero   RW         2061    .bss                tasks.o
    0x20000124        -       0x00000060   Zero   RW         2708    .bss                c_p.l(libspace.o)
    0x20000184   0x00001cb0   0x00000004   PAD
    0x20000188        -       0x00000100   Zero   RW            2    HEAP                startup_hc32l110.o
    0x20000288        -       0x00000100   Zero   RW            1    STACK               startup_hc32l110.o


==============================================================================

Image component sizes


      Code (inc. data)   RO Data    RW Data    ZI Data      Debug   Object Name

       356         12          0          0          0       9773   adc.o
       764         36          0         12          0       2945   bt.o
      1958        148          8          0          0      18738   clk.o
         0          0          0          0          0       3420   croutine.o
       120         12          0          0          0       2441   ddl.o
       496         22          0          0          0       1927   gpio.o
       658         14          0          0          0       2261   hallayer.o
       266          0          0          0          0      11709   interrupts_hc32l110.o
       862         64          0          0         12       7714   lpuart.o
        12          0          0          0          0      53095   main.o
       158         14          0          0          0       1516   port.o
        88         40        192          0        512        640   startup_hc32l110.o
        74         10          0          4          0      25319   system_hc32l110.o
       604         72          0         64        200      12091   tasks.o
         2          0          0          0          0        375   timetask.o

    ----------------------------------------------------------------------
      6424        444        232         80        724     153964   Object Totals
         0          0         32          0          0          0   (incl. Generated)
         6          0          0          0          0          0   (incl. Padding)

    ----------------------------------------------------------------------

      Code (inc. data)   RO Data    RW Data    ZI Data      Debug   Library Member Name

         8          0          0          0          0         68   __main.o
         0          0          0          0          0          0   __rtentry.o
        12          0          0          0          0          0   __rtentry2.o
         6          0          0          0          0          0   __rtentry4.o
        60          8          0          0          0          0   __scatter.o
        26          0          0          0          0          0   __scatter_copy.o
        28          0          0          0          0          0   __scatter_zi.o
       346          0          0          0          0         92   aeabi_sdiv.o
        16          0          0          0          0         68   exit.o
         6          0          0          0          0        136   heapauxi.o
         2          0          0          0          0          0   libinit.o
         2          0          0          0          0          0   libinit2.o
         2          0          0          0          0          0   libshutdown.o
         2          0          0          0          0          0   libshutdown2.o
         8          4          0          0         96         68   libspace.o
         2          0          0          0          0          0   rtexit.o
        10          0          0          0          0          0   rtexit2.o
        62          0          0          0          0         80   sys_stackheap_outer.o
         2          0          0          0          0         68   use_no_semi.o
         2          0          0          0          0         68   use_no_semi_2.o

    ----------------------------------------------------------------------
       608         12          0          0        100        648   Library Totals
         6          0          0          0          4          0   (incl. Padding)

    ----------------------------------------------------------------------

      Code (inc. data)   RO Data    RW Data    ZI Data      Debug   Library Name

       602         12          0          0         96        648   c_p.l

    ----------------------------------------------------------------------
       608         12          0          0        100        648   Library Totals

    ----------------------------------------------------------------------

==============================================================================


      Code (inc. data)   RO Data    RW Data    ZI Data      Debug   

      7032        456        232         80        824     150888   Grand Totals
      7032        456        232         80        824     150888   ELF Image Totals
      7032        456        232         80          0          0   ROM Totals

==============================================================================

    Total RO  Size (Code + RO Data)                 7264 (   7.09kB)
    Total RW  Size (RW Data + ZI Data)               904 (   0.88kB)
    Total ROM Size (Code + RO Data + RW Data)       7344 (   7.17kB)

==============================================================================

