Component: ARM Compiler 5.06 update 6 (build 750) Tool: armlink [4d35ed]

==============================================================================

Section Cross References

    startup_hc32l110.o(RESET) refers to startup_hc32l110.o(STACK) for __initial_sp
    startup_hc32l110.o(RESET) refers to startup_hc32l110.o(.text) for Reset_Handler
    startup_hc32l110.o(RESET) refers to interrupts_hc32l110.o(i.HardFault_Handler) for HardFault_Handler
    startup_hc32l110.o(RESET) refers to port.o(i.SVC_Handler) for SVC_Handler
    startup_hc32l110.o(RESET) refers to port.o(.emb_text) for PendSV_Handler
    startup_hc32l110.o(RESET) refers to port.o(i.SysTick_Handler) for SysTick_Handler
    startup_hc32l110.o(RESET) refers to interrupts_hc32l110.o(i.IRQ000_Handler) for IRQ000_Handler
    startup_hc32l110.o(RESET) refers to interrupts_hc32l110.o(i.IRQ001_Handler) for IRQ001_Handler
    startup_hc32l110.o(RESET) refers to interrupts_hc32l110.o(i.IRQ002_Handler) for IRQ002_Handler
    startup_hc32l110.o(RESET) refers to interrupts_hc32l110.o(i.IRQ003_Handler) for IRQ003_Handler
    startup_hc32l110.o(RESET) refers to interrupts_hc32l110.o(i.IRQ006_Handler) for IRQ006_Handler
    startup_hc32l110.o(RESET) refers to interrupts_hc32l110.o(i.IRQ007_Handler) for IRQ007_Handler
    startup_hc32l110.o(RESET) refers to interrupts_hc32l110.o(i.IRQ008_Handler) for IRQ008_Handler
    startup_hc32l110.o(RESET) refers to interrupts_hc32l110.o(i.IRQ010_Handler) for IRQ010_Handler
    startup_hc32l110.o(RESET) refers to interrupts_hc32l110.o(i.IRQ012_Handler) for IRQ012_Handler
    startup_hc32l110.o(RESET) refers to interrupts_hc32l110.o(i.IRQ014_Handler) for IRQ014_Handler
    startup_hc32l110.o(RESET) refers to interrupts_hc32l110.o(i.IRQ015_Handler) for IRQ015_Handler
    startup_hc32l110.o(RESET) refers to interrupts_hc32l110.o(i.IRQ016_Handler) for IRQ016_Handler
    startup_hc32l110.o(RESET) refers to interrupts_hc32l110.o(i.IRQ017_Handler) for IRQ017_Handler
    startup_hc32l110.o(RESET) refers to interrupts_hc32l110.o(i.IRQ018_Handler) for IRQ018_Handler
    startup_hc32l110.o(RESET) refers to interrupts_hc32l110.o(i.IRQ019_Handler) for IRQ019_Handler
    startup_hc32l110.o(RESET) refers to interrupts_hc32l110.o(i.IRQ020_Handler) for IRQ020_Handler
    startup_hc32l110.o(RESET) refers to interrupts_hc32l110.o(i.IRQ021_Handler) for IRQ021_Handler
    startup_hc32l110.o(RESET) refers to interrupts_hc32l110.o(i.IRQ022_Handler) for IRQ022_Handler
    startup_hc32l110.o(RESET) refers to interrupts_hc32l110.o(i.IRQ023_Handler) for IRQ023_Handler
    startup_hc32l110.o(RESET) refers to interrupts_hc32l110.o(i.IRQ024_Handler) for IRQ024_Handler
    startup_hc32l110.o(RESET) refers to interrupts_hc32l110.o(i.IRQ026_Handler) for IRQ026_Handler
    startup_hc32l110.o(RESET) refers to interrupts_hc32l110.o(i.IRQ027_Handler) for IRQ027_Handler
    startup_hc32l110.o(RESET) refers to interrupts_hc32l110.o(i.IRQ028_Handler) for IRQ028_Handler
    startup_hc32l110.o(RESET) refers to interrupts_hc32l110.o(i.IRQ030_Handler) for IRQ030_Handler
    startup_hc32l110.o(RESET) refers to interrupts_hc32l110.o(i.IRQ031_Handler) for IRQ031_Handler
    startup_hc32l110.o(.text) refers to system_hc32l110.o(i.SystemInit) for SystemInit
    startup_hc32l110.o(.text) refers to entry.o(.ARM.Collect$$$$00000000) for __main
    system_hc32l110.o(i.SystemCoreClockUpdate) refers to clk.o(i.Clk_GetHClkFreq) for Clk_GetHClkFreq
    system_hc32l110.o(i.SystemCoreClockUpdate) refers to system_hc32l110.o(.data) for .data
    system_hc32l110.o(i.SystemInit) refers to clk.o(i.Clk_SetRCHFreq) for Clk_SetRCHFreq
    system_hc32l110.o(i.SystemInit) refers to clk.o(i.Clk_Enable) for Clk_Enable
    system_hc32l110.o(i.SystemInit) refers to system_hc32l110.o(i.SystemCoreClockUpdate) for SystemCoreClockUpdate
    system_hc32l110.o(i.SystemInit) refers to ddl.o(i.ddl_memclr) for ddl_memclr
    system_hc32l110.o(i.SystemInit) refers to clk.o(i.Clk_SysTickConfig) for Clk_SysTickConfig
    main.o(i.fputc) refers to lpuart.o(i.LPUart_SendData) for LPUart_SendData
    main.o(i.main) refers to hallayer.o(i.HAL_SystemInit) for HAL_SystemInit
    main.o(i.main) refers to printfb.o(i.__0printf$bare) for __2printf
    main.o(i.main) refers to tasks.o(i.xTaskCreate) for xTaskCreate
    main.o(i.main) refers to tasks.o(i.vTaskStartScheduler) for vTaskStartScheduler
    main.o(i.main) refers to system_hc32l110.o(.data) for SystemCoreClock
    main.o(i.main) refers to main.o(.data) for .data
    main.o(i.main) refers to main.o(i.testTask) for testTask
    main.o(i.testTask) refers to printfb.o(i.__0printf$bare) for __2printf
    main.o(i.testTask) refers to tasks.o(i.vTaskDelay) for vTaskDelay
    hallayer.o(i.AdcInit) refers to ddl.o(i.ddl_memclr) for ddl_memclr
    hallayer.o(i.AdcInit) refers to clk.o(i.Clk_SetPeripheralGate) for Clk_SetPeripheralGate
    hallayer.o(i.AdcInit) refers to gpio.o(i.Gpio_SetAnalog) for Gpio_SetAnalog
[...]
    printfa.o(i.__0fprintf) refers (Special) to iusefp.o(.text) for __I$use$fp
    printfa.o(i.__0fprintf) refers to printfa.o(i._printf_core) for _printf_core
    printfa.o(i.__0fprintf) refers to main.o(i.fputc) for fputc
    printfa.o(i.__0printf) refers (Special) to iusefp.o(.text) for __I$use$fp
    printfa.o(i.__0printf) refers to printfa.o(i._printf_core) for _printf_core
    printfa.o(i.__0printf) refers to main.o(i.fputc) for fputc
    printfa.o(i.__0printf) refers to ddl.o(.data) for __stdout
    printfa.o(i.__0snprintf) refers (Special) to iusefp.o(.text) for __I$use$fp
    printfa.o(i.__0snprintf) refers to printfa.o(i._printf_core) for _printf_core
    printfa.o(i.__0snprintf) refers to printfa.o(i._snputc) for _snputc
    printfa.o(i.__0sprintf) refers (Special) to iusefp.o(.text) for __I$use$fp
    printfa.o(i.__0sprintf) refers to printfa.o(i._printf_core) for _printf_core
    printfa.o(i.__0sprintf) refers to printfa.o(i._sputc) for _sputc
    printfa.o(i.__0vfprintf) refers (Special) to iusefp.o(.text) for __I$use$fp
    printfa.o(i.__0vfprintf) refers to printfa.o(i._printf_core) for _printf_core
    printfa.o(i.__0vfprintf) refers to main.o(i.fputc) for fputc
    printfa.o(i.__0vprintf) refers (Special) to iusefp.o(.text) for __I$use$fp
    printfa.o(i.__0vprintf) refers to printfa.o(i._printf_core) for _printf_core
    printfa.o(i.__0vprintf) refers to main.o(i.fputc) for fputc
    printfa.o(i.__0vprintf) refers to ddl.o(.data) for __stdout
    printfa.o(i.__0vsnprintf) refers (Special) to iusefp.o(.text) for __I$use$fp
    printfa.o(i.__0vsnprintf) refers to printfa.o(i._printf_core) for _printf_core
    printfa.o(i.__0vsnprintf) refers to printfa.o(i._snputc) for _snputc
    printfa.o(i.__0vsprintf) refers (Special) to iusefp.o(.text) for __I$use$fp
    printfa.o(i.__0vsprintf) refers to printfa.o(i._printf_core) for _printf_core
    printfa.o(i.__0vsprintf) refers to printfa.o(i._sputc) for _sputc
    printfa.o(i._fp_digits) refers (Special) to iusefp.o(.text) for __I$use$fp
    printfa.o(i._fp_digits) refers to dmul.o(.text) for __aeabi_dmul
    printfa.o(i._fp_digits) refers to ddiv.o(.text) for __aeabi_ddiv
    printfa.o(i._fp_digits) refers to cdrcmple.o(.text) for __aeabi_cdrcmple
    printfa.o(i._fp_digits) refers to dadd.o(.text) for __aeabi_dadd
    printfa.o(i._fp_digits) refers to dfixul.o(.text) for __aeabi_d2ulz
    printfa.o(i._fp_digits) refers to uldiv.o(.text) for __aeabi_uldivmod
    printfa.o(i._printf_core) refers (Special) to iusefp.o(.text) for __I$use$fp
    printfa.o(i._printf_core) refers to printfa.o(i._printf_pre_padding) for _printf_pre_padding
    printfa.o(i._printf_core) refers to uldiv.o(.text) for __aeabi_uldivmod
    printfa.o(i._printf_core) refers to printfa.o(i._printf_post_padding) for _printf_post_padding
    printfa.o(i._printf_core) refers to printfa.o(i._fp_digits) for _fp_digits
    printfa.o(i._printf_core) refers to uidiv.o(.text) for __aeabi_uidivmod
    printfa.o(i._printf_post_padding) refers (Special) to iusefp.o(.text) for __I$use$fp
    printfa.o(i._printf_pre_padding) refers (Special) to iusefp.o(.text) for __I$use$fp
    printfa.o(i._snputc) refers (Special) to iusefp.o(.text) for __I$use$fp
    printfa.o(i._sputc) refers (Special) to iusefp.o(.text) for __I$use$fp
    entry2.o(.ARM.Collect$$$$00000001) refers to entry2.o(.ARM.Collect$$$$00002712) for __lit__00000000
    entry2.o(.ARM.Collect$$$$00002712) refers to startup_hc32l110.o(STACK) for __initial_sp
    entry2.o(__vectab_stack_and_reset_area) refers to startup_hc32l110.o(STACK) for __initial_sp
    entry2.o(__vectab_stack_and_reset_area) refers to entry.o(.ARM.Collect$$$$00000000) for __main
    entry5.o(.ARM.Collect$$$$00000004) refers to init.o(.text) for __scatterload
    entry9a.o(.ARM.Collect$$$$0000000B) refers to main.o(i.main) for main
    entry9b.o(.ARM.Collect$$$$0000000C) refers to main.o(i.main) for main
    uldiv.o(.text) refers to llushr.o(.text) for __aeabi_llsr
    uldiv.o(.text) refers to llshl.o(.text) for __aeabi_llsl
    dadd.o(.text) refers to llshl.o(.text) for __aeabi_llsl
    dadd.o(.text) refers to llsshr.o(.text) for __aeabi_lasr
    dadd.o(.text) refers to depilogue.o(.text) for _double_epilogue
    dmul.o(.text) refers to depilogue.o(.text) for _double_epilogue
    ddiv.o(.text) refers to depilogue.o(.text) for _double_round
    dfixul.o(.text) refers to llushr.o(.text) for __aeabi_llsr
    dfixul.o(.text) refers to llshl.o(.text) for __aeabi_llsl
    init.o(.text) refers to entry5.o(.ARM.Collect$$$$00000004) for __main_after_scatterload
    depilogue.o(.text) refers to depilogue.o(i.__ARM_clz) for __ARM_clz
    depilogue.o(.text) refers to llshl.o(.text) for __aeabi_llsl
    depilogue.o(.text) refers to llushr.o(.text) for __aeabi_llsr


==============================================================================

Removing Unused input sections from the image.

    Removing startup_hc32l110.o(HEAP), (256 bytes).
    Removing system_hc32l110.o(.rev16_text), (4 bytes).
    Removing system_hc32l110.o(.revsh_text), (4 bytes).
    Removing main.o(.rev16_text), (4 bytes).
    Removing main.o(.revsh_text), (4 bytes).
    Removing main.o(.data), (4 bytes).
    Removing main.o(.data), (1 bytes).
    Removing main.o(.data), (1 bytes).
    Removing timetask.o(.rev16_text), (4 bytes).
    Removing timetask.o(.revsh_text), (4 bytes).
    Removing timetask.o(i.TimeTask), (2 bytes).
    Removing hallayer.o(.rev16_text), (4 bytes).
    Removing hallayer.o(.revsh_text), (4 bytes).
    Removing hallayer.o(i.Bt1Init), (104 bytes).
    Removing hallayer.o(i.Bt1Int), (48 bytes).
    Removing hallayer.o(i.GetAdcValue), (88 bytes).
    Removing hallayer.o(i.Led_Port_Init), (88 bytes).
    Removing ddl.o(.rev16_text), (4 bytes).
    Removing ddl.o(.revsh_text), (4 bytes).
    Removing ddl.o(i.DDL_WAIT_LOOP_HOOK), (2 bytes).
    Removing ddl.o(i.Debug_Output), (30 bytes).
    Removing ddl.o(i.Debug_UartInit), (132 bytes).
    Removing ddl.o(i.__backspace), (4 bytes).
    Removing ddl.o(i._sys_exit), (2 bytes).
    Removing ddl.o(i._ttywrch), (2 bytes).
    Removing ddl.o(i.delay1ms), (56 bytes).
    Removing interrupts_hc32l110.o(.rev16_text), (4 bytes).
    Removing interrupts_hc32l110.o(.revsh_text), (4 bytes).
    Removing interrupts_hc32l110.o(i.EnableNvic), (128 bytes).
    Removing clk.o(.rev16_text), (4 bytes).
    Removing clk.o(.revsh_text), (4 bytes).
    Removing clk.o(i.Clk_DeInit), (30 bytes).
    Removing clk.o(i.Clk_DebugClk), (44 bytes).
    Removing clk.o(i.Clk_GetPeripheralGate), (16 bytes).
    Removing clk.o(i.Clk_SetFunc), (160 bytes).
    Removing clk.o(i.Clk_SetRCLFreq), (52 bytes).
    Removing clk.o(i.Clk_SetRTCAdjustClkFreq), (188 bytes).
    Removing clk.o(i.Clk_SetXTLDrive), (28 bytes).
    Removing clk.o(i.Clk_SysTickSkewGet), (16 bytes).
    Removing clk.o(i.Clk_SysTickStcalibGet), (16 bytes).
    Removing gpio.o(.rev16_text), (4 bytes).
    Removing gpio.o(.revsh_text), (4 bytes).
    Removing gpio.o(i.Gpio_ClearIrq), (24 bytes).
    Removing gpio.o(i.Gpio_DisableIrq), (12 bytes).
    Removing gpio.o(i.Gpio_EnableIrq), (12 bytes).
    Removing gpio.o(i.Gpio_GetIO), (20 bytes).
    Removing gpio.o(i.Gpio_GetIrqStat), (20 bytes).
    Removing gpio.o(i.Gpio_InitIO), (100 bytes).
    Removing gpio.o(i.Gpio_SetCtrlExt), (196 bytes).
    Removing gpio.o(i.Gpio_SetExtClkSel), (56 bytes).
    Removing gpio.o(i.Gpio_SetSignalSource), (220 bytes).
    Removing gpio.o(i.Gpio_SetSsnSel), (56 bytes).
    Removing gpio.o(i._GpioEnableIrq), (96 bytes).
    Removing adc.o(.rev16_text), (4 bytes).
    Removing adc.o(.revsh_text), (4 bytes).
    Removing adc.o(i.AdcDisableNvic), (48 bytes).
    Removing adc.o(i.Adc_ClrAccResult), (16 bytes).
    Removing adc.o(i.Adc_ClrContIrqState), (16 bytes).
    Removing adc.o(i.Adc_ClrHhtIrqState), (16 bytes).
    Removing adc.o(i.Adc_ClrIrqLltState), (16 bytes).
    Removing adc.o(i.Adc_ClrRegIrqState), (16 bytes).
    Removing adc.o(i.Adc_CmpCfg), (100 bytes).
    Removing adc.o(i.Adc_ConfigContMode), (104 bytes).
    Removing adc.o(i.Adc_ConfigIrq), (64 bytes).
    Removing adc.o(i.Adc_ConfigScanMode), (56 bytes).
    Removing adc.o(i.Adc_DeInit), (168 bytes).
    Removing adc.o(i.Adc_Disable), (16 bytes).
    Removing adc.o(i.Adc_DisableIrq), (40 bytes).
    Removing adc.o(i.Adc_EnableIrq), (16 bytes).
    Removing adc.o(i.Adc_GetAccResult), (28 bytes).
    Removing adc.o(i.Adc_GetCH8Result), (28 bytes).
    Removing adc.o(i.Adc_GetIrqState), (40 bytes).
    Removing adc.o(i.Adc_GetResult), (28 bytes).
    Removing adc.o(i.Adc_GetScanResult), (76 bytes).
    Removing adc.o(i.Adc_IRQHandler), (104 bytes).
    Removing adc.o(i.Adc_PollBusyState), (16 bytes).
    Removing adc.o(i.Adc_SetVref), (36 bytes).
    Removing adc.o(i.Adc_Start), (36 bytes).
    Removing adc.o(i.Adc_Stop), (16 bytes).
    Removing adc.o(i.__NVIC_ClearPendingIRQ), (24 bytes).
    Removing adc.o(i.__NVIC_SetPriority), (68 bytes).
    Removing adc.o(.bss), (16 bytes).
    Removing bt.o(.rev16_text), (4 bytes).
    Removing bt.o(.revsh_text), (4 bytes).
    Removing bt.o(i.Bt_ClearIntFlag), (60 bytes).
    Removing bt.o(i.Bt_Cnt16Get), (40 bytes).
    Removing bt.o(i.Bt_Cnt32Get), (40 bytes).
    Removing bt.o(i.Bt_Cnt32Set), (48 bytes).
    Removing bt.o(i.Bt_DisableIrq), (56 bytes).
    Removing bt.o(i.Bt_EnableIrq), (56 bytes).
    Removing bt.o(i.Bt_GetIntFlag), (44 bytes).
    Removing bt.o(i.Bt_Stop), (60 bytes).
    Removing bt.o(i.Tim_IRQHandler), (32 bytes).
    Removing lpuart.o(.rev16_text), (4 bytes).
    Removing lpuart.o(.revsh_text), (4 bytes).
    Removing lpuart.o(i.LPUart_CheckEvenOrOdd), (68 bytes).
    Removing lpuart.o(i.LPUart_DisableIrq), (52 bytes).
    Removing lpuart.o(i.LPUart_EnableFunc), (24 bytes).
    Removing lpuart.o(i.LPUart_GetBaudRate), (68 bytes).
    Removing lpuart.o(i.LPUart_GetRb8), (16 bytes).
    Removing lpuart.o(i.LPUart_ReceiveData), (12 bytes).
    Removing lpuart.o(i.LPUart_SetMMDOrCk), (24 bytes).
    Removing lpuart.o(i.LPUart_SetSaddr), (12 bytes).
    Removing lpuart.o(i.LPUart_SetSaddrEn), (12 bytes).
    Removing lpuart.o(i.LPUart_SetTb8), (64 bytes).
    Removing lpuart.o(i.LpUart_IRQHandler), (76 bytes).
    Removing list.o(.rev16_text), (4 bytes).
    Removing list.o(.revsh_text), (4 bytes).
    Removing list.o(i.vListInsertEnd), (24 bytes).
    Removing queue.o(.rev16_text), (4 bytes).
    Removing queue.o(.revsh_text), (4 bytes).
    Removing queue.o(i.pcQueueGetName), (48 bytes).
    Removing queue.o(i.prvCopyDataToQueue), (112 bytes).
    Removing queue.o(i.ucQueueGetQueueType), (6 bytes).
    Removing queue.o(i.uxQueueGetQueueNumber), (4 bytes).
    Removing queue.o(i.uxQueueMessagesWaiting), (24 bytes).
    Removing queue.o(i.uxQueueMessagesWaitingFromISR), (12 bytes).
    Removing queue.o(i.uxQueueSpacesAvailable), (28 bytes).
    Removing queue.o(i.vQueueDelete), (22 bytes).
    Removing queue.o(i.vQueueSetQueueNumber), (4 bytes).
    Removing queue.o(i.vQueueUnregisterQueue), (48 bytes).
    Removing queue.o(i.xQueueCreateCountingSemaphore), (32 bytes).
    Removing queue.o(i.xQueueCreateMutex), (36 bytes).
    Removing queue.o(i.xQueueGenericSend), (286 bytes).
    Removing queue.o(i.xQueueGenericSendFromISR), (150 bytes).
    Removing queue.o(i.xQueueGiveFromISR), (124 bytes).
    Removing queue.o(i.xQueueGiveMutexRecursive), (50 bytes).
    Removing queue.o(i.xQueueIsQueueEmptyFromISR), (22 bytes).
    Removing queue.o(i.xQueueIsQueueFullFromISR), (24 bytes).
    Removing queue.o(i.xQueuePeek), (260 bytes).
    Removing queue.o(i.xQueuePeekFromISR), (76 bytes).
    Removing queue.o(i.xQueueReceiveFromISR), (128 bytes).
    Removing queue.o(i.xQueueSemaphoreTake), (322 bytes).
    Removing queue.o(i.xQueueTakeMutexRecursive), (52 bytes).
    Removing tasks.o(.rev16_text), (4 bytes).
    Removing tasks.o(.revsh_text), (4 bytes).
    Removing tasks.o(i.eTaskGetState), (112 bytes).
    Removing tasks.o(i.pcTaskGetName), (24 bytes).
    Removing tasks.o(i.prvListTasksWithinSingleList), (88 bytes).
    Removing tasks.o(i.prvTaskIsTaskSuspended), (44 bytes).
    Removing tasks.o(i.pvTaskIncrementMutexHeldCount), (24 bytes).
    Removing tasks.o(i.ulTaskGenericNotifyTake), (104 bytes).
    Removing tasks.o(i.ulTaskGenericNotifyValueClear), (48 bytes).
    Removing tasks.o(i.uxTaskGetNumberOfTasks), (12 bytes).
    Removing tasks.o(i.uxTaskGetSystemState), (148 bytes).
    Removing tasks.o(i.uxTaskGetTaskNumber), (8 bytes).
    Removing tasks.o(i.uxTaskPriorityGet), (32 bytes).
    Removing tasks.o(i.uxTaskPriorityGetFromISR), (32 bytes).
    Removing tasks.o(i.uxTaskResetEventItemValue), (24 bytes).
    Removing tasks.o(i.vTaskDelete), (120 bytes).
    Removing tasks.o(i.vTaskEndScheduler), (20 bytes).
    Removing tasks.o(i.vTaskGenericNotifyGiveFromISR), (224 bytes).
    Removing tasks.o(i.vTaskGetInfo), (128 bytes).
    Removing tasks.o(i.vTaskPlaceOnUnorderedEventList), (84 bytes).
    Removing tasks.o(i.vTaskPriorityDisinheritAfterTimeout), (144 bytes).
    Removing tasks.o(i.vTaskPrioritySet), (172 bytes).
    Removing tasks.o(i.vTaskRemoveFromUnorderedEventList), (176 bytes).
    Removing tasks.o(i.vTaskResume), (120 bytes).
    Removing tasks.o(i.vTaskSetTaskNumber), (8 bytes).
    Removing tasks.o(i.vTaskSetTimeOutState), (36 bytes).
    Removing tasks.o(i.vTaskSuspend), (144 bytes).
    Removing tasks.o(i.xTaskCatchUpTicks), (36 bytes).
    Removing tasks.o(i.xTaskDelayUntil), (100 bytes).
    Removing tasks.o(i.xTaskGenericNotify), (244 bytes).
    Removing tasks.o(i.xTaskGenericNotifyFromISR), (288 bytes).
    Removing tasks.o(i.xTaskGenericNotifyStateClear), (56 bytes).
    Removing tasks.o(i.xTaskGenericNotifyWait), (128 bytes).
    Removing tasks.o(i.xTaskGetCurrentTaskHandle), (12 bytes).
    Removing tasks.o(i.xTaskGetTickCountFromISR), (12 bytes).
    Removing tasks.o(i.xTaskPriorityDisinherit), (132 bytes).
    Removing tasks.o(i.xTaskPriorityInherit), (148 bytes).
    Removing tasks.o(i.xTaskResumeFromISR), (144 bytes).
    Removing timers.o(.rev16_text), (4 bytes).
    Removing timers.o(.revsh_text), (4 bytes).
    Removing timers.o(i.pcTimerGetName), (12 bytes).
    Removing timers.o(i.pvTimerGetTimerID), (24 bytes).
    Removing timers.o(i.uxTimerGetReloadMode), (36 bytes).
    Removing timers.o(i.uxTimerGetTimerNumber), (4 bytes).
    Removing timers.o(i.vTimerSetReloadMode), (42 bytes).
    Removing timers.o(i.vTimerSetTimerID), (24 bytes).
    Removing timers.o(i.vTimerSetTimerNumber), (4 bytes).
    Removing timers.o(i.xTimerCreate), (88 bytes).
    Removing timers.o(i.xTimerGenericCommand), (80 bytes).
    Removing timers.o(i.xTimerGetExpiryTime), (12 bytes).
    Removing timers.o(i.xTimerGetPeriod), (12 bytes).
    Removing timers.o(i.xTimerGetTimerDaemonTaskHandle), (20 bytes).
    Removing timers.o(i.xTimerIsTimerActive), (36 bytes).
    Removing heap_4.o(.rev16_text), (4 bytes).
    Removing heap_4.o(.revsh_text), (4 bytes).
    Removing heap_4.o(i.vPortGetHeapStats), (96 bytes).
    Removing heap_4.o(i.vPortInitialiseBlocks), (2 bytes).
    Removing heap_4.o(i.xPortGetFreeHeapSize), (12 bytes).
    Removing heap_4.o(i.xPortGetMinimumEverFreeHeapSize), (12 bytes).
    Removing port.o(.rev16_text), (4 bytes).
    Removing port.o(.revsh_text), (4 bytes).
    Removing port.o(i.vPortEndScheduler), (24 bytes).
    Removing croutine.o(.rev16_text), (4 bytes).
    Removing croutine.o(.revsh_text), (4 bytes).
    Removing event_groups.o(.rev16_text), (4 bytes).
    Removing event_groups.o(.revsh_text), (4 bytes).
    Removing event_groups.o(i.prvTestWaitCondition), (22 bytes).
    Removing event_groups.o(i.uxEventGroupGetNumber), (8 bytes).
    Removing event_groups.o(i.vEventGroupClearBitsCallback), (8 bytes).
    Removing event_groups.o(i.vEventGroupDelete), (62 bytes).
    Removing event_groups.o(i.vEventGroupSetBitsCallback), (8 bytes).
    Removing event_groups.o(i.vEventGroupSetNumber), (4 bytes).
    Removing event_groups.o(i.xEventGroupClearBits), (40 bytes).
    Removing event_groups.o(i.xEventGroupCreate), (26 bytes).
    Removing event_groups.o(i.xEventGroupGetBitsFromISR), (18 bytes).
    Removing event_groups.o(i.xEventGroupSetBits), (114 bytes).
    Removing event_groups.o(i.xEventGroupSync), (162 bytes).
    Removing event_groups.o(i.xEventGroupWaitBits), (210 bytes).
    Removing stream_buffer.o(.rev16_text), (4 bytes).
    Removing stream_buffer.o(.revsh_text), (4 bytes).
    Removing stream_buffer.o(i.prvBytesInBuffer), (18 bytes).
    Removing stream_buffer.o(i.prvInitialiseNewStreamBuffer), (46 bytes).
    Removing stream_buffer.o(i.prvReadBytesFromBuffer), (86 bytes).
    Removing stream_buffer.o(i.prvReadMessageFromBuffer), (70 bytes).
    Removing stream_buffer.o(i.prvWriteBytesToBuffer), (88 bytes).
    Removing stream_buffer.o(i.prvWriteMessageToBuffer), (74 bytes).
    Removing stream_buffer.o(i.ucStreamBufferGetStreamBufferType), (8 bytes).
    Removing stream_buffer.o(i.uxStreamBufferGetStreamBufferNumber), (4 bytes).
    Removing stream_buffer.o(i.vStreamBufferDelete), (30 bytes).
    Removing stream_buffer.o(i.vStreamBufferSetStreamBufferNumber), (4 bytes).
    Removing stream_buffer.o(i.xStreamBufferBytesAvailable), (16 bytes).
    Removing stream_buffer.o(i.xStreamBufferGenericCreate), (88 bytes).
    Removing stream_buffer.o(i.xStreamBufferIsEmpty), (24 bytes).
    Removing stream_buffer.o(i.xStreamBufferIsFull), (38 bytes).
    Removing stream_buffer.o(i.xStreamBufferNextMessageLengthBytes), (50 bytes).
    Removing stream_buffer.o(i.xStreamBufferReceive), (178 bytes).
    Removing stream_buffer.o(i.xStreamBufferReceiveCompletedFromISR), (60 bytes).
    Removing stream_buffer.o(i.xStreamBufferReceiveFromISR), (112 bytes).
    Removing stream_buffer.o(i.xStreamBufferReset), (62 bytes).
    Removing stream_buffer.o(i.xStreamBufferSend), (236 bytes).
    Removing stream_buffer.o(i.xStreamBufferSendCompletedFromISR), (60 bytes).
    Removing stream_buffer.o(i.xStreamBufferSendFromISR), (116 bytes).
    Removing stream_buffer.o(i.xStreamBufferSetTriggerLevel), (32 bytes).
    Removing stream_buffer.o(i.xStreamBufferSpacesAvailable), (40 bytes).
    Removing dadd.o(.text), (356 bytes).
    Removing dmul.o(.text), (208 bytes).
    Removing ddiv.o(.text), (240 bytes).
    Removing dfixul.o(.text), (64 bytes).
    Removing cdrcmple.o(.text), (40 bytes).
    Removing depilogue.o(.text), (190 bytes).
    Removing depilogue.o(i.__ARM_clz), (46 bytes).

245 unused section(s) (total 13718 bytes) removed from the image.

==============================================================================

Image Symbol Table

    Local Symbols

    Symbol Name                              Value     Ov Type        Size  Object(Section)

    RESET                                    0x00000000   Section      192  startup_hc32l110.o(RESET)
    ../clib/microlib/division.c              0x00000000   Number         0  uidiv.o ABSOLUTE
    ../clib/microlib/division.c              0x00000000   Number         0  uldiv.o ABSOLUTE
    ../clib/microlib/init/entry.s            0x00000000   Number         0  entry5.o ABSOLUTE
    ../clib/microlib/init/entry.s            0x00000000   Number         0  entry.o ABSOLUTE
    ../clib/microlib/init/entry.s            0x00000000   Number         0  entry8a.o ABSOLUTE
    ../clib/microlib/init/entry.s            0x00000000   Number         0  entry7b.o ABSOLUTE
    ../clib/microlib/init/entry.s            0x00000000   Number         0  entry11a.o ABSOLUTE
    ../clib/microlib/init/entry.s            0x00000000   Number         0  entry10b.o ABSOLUTE
    ../clib/microlib/init/entry.s            0x00000000   Number         0  entry2.o ABSOLUTE
    ../clib/microlib/init/entry.s            0x00000000   Number         0  entry10a.o ABSOLUTE
    ../clib/microlib/init/entry.s            0x00000000   Number         0  entry8b.o ABSOLUTE
    ../clib/microlib/init/entry.s            0x00000000   Number         0  entry9b.o ABSOLUTE
    ../clib/microlib/init/entry.s            0x00000000   Number         0  entry7a.o ABSOLUTE
    ../clib/microlib/init/entry.s            0x00000000   Number         0  entry9a.o ABSOLUTE
    ../clib/microlib/init/entry.s            0x00000000   Number         0  entry11b.o ABSOLUTE
    ../clib/microlib/longlong.c              0x00000000   Number         0  llsshr.o ABSOLUTE
    ../clib/microlib/longlong.c              0x00000000   Number         0  llushr.o ABSOLUTE
    ../clib/microlib/longlong.c              0x00000000   Number         0  llshl.o ABSOLUTE
    ../clib/microlib/printf/printf.c         0x00000000   Number         0  printfa.o ABSOLUTE
    ../clib/microlib/printf/printf.c         0x00000000   Number         0  printf7.o ABSOLUTE
    ../clib/microlib/printf/printf.c         0x00000000   Number         0  printfb.o ABSOLUTE
    ../clib/microlib/printf/printf.c         0x00000000   Number         0  printf1.o ABSOLUTE
    ../clib/microlib/printf/printf.c         0x00000000   Number         0  printf2.o ABSOLUTE
    ../clib/microlib/printf/printf.c         0x00000000   Number         0  printf3.o ABSOLUTE
    ../clib/microlib/printf/printf.c         0x00000000   Number         0  printf4.o ABSOLUTE
    ../clib/microlib/printf/printf.c         0x00000000   Number         0  printf0.o ABSOLUTE
    ../clib/microlib/printf/printf.c         0x00000000   Number         0  printf6.o ABSOLUTE
    ../clib/microlib/printf/printf.c         0x00000000   Number         0  printf8.o ABSOLUTE
    ../clib/microlib/printf/printf.c         0x00000000   Number         0  printf5.o ABSOLUTE
    ../clib/microlib/string/memcpy.c         0x00000000   Number         0  memcpya.o ABSOLUTE
    ../clib/microlib/string/memcpy.c         0x00000000   Number         0  memcpyb.o ABSOLUTE
    ../clib/microlib/string/memset.c         0x00000000   Number         0  memseta.o ABSOLUTE
    ../clib/microlib/string/memset.c         0x00000000   Number         0  memset.o ABSOLUTE
    ../clib/microlib/stubs.s                 0x00000000   Number         0  iusefp.o ABSOLUTE
    ../clib/microlib/stubs.s                 0x00000000   Number         0  useno.o ABSOLUTE
    ../fplib/microlib/fpadd.c                0x00000000   Number         0  dadd.o ABSOLUTE
    ../fplib/microlib/fpdiv.c                0x00000000   Number         0  ddiv.o ABSOLUTE
    ../fplib/microlib/fpepilogue.c           0x00000000   Number         0  depilogue.o ABSOLUTE
    ../fplib/microlib/fpfix.c                0x00000000   Number         0  dfixul.o ABSOLUTE
    ../fplib/microlib/fpmul.c                0x00000000   Number         0  dmul.o ABSOLUTE
    cdrcmple.s                               0x00000000   Number         0  cdrcmple.o ABSOLUTE
    dc.s                                     0x00000000   Number         0  dc.o ABSOLUTE
    driver\\src\\adc.c                       0x00000000   Number         0  adc.o ABSOLUTE
    driver\\src\\bt.c                        0x00000000   Number         0  bt.o ABSOLUTE
    driver\\src\\clk.c                       0x00000000   Number         0  clk.o ABSOLUTE
    driver\\src\\ddl.c                       0x00000000   Number         0  ddl.o ABSOLUTE
    driver\\src\\gpio.c                      0x00000000   Number         0  gpio.o ABSOLUTE
    driver\\src\\interrupts_hc32l110.c       0x00000000   Number         0  interrupts_hc32l110.o ABSOLUTE
    driver\\src\\lpuart.c                    0x00000000   Number         0  lpuart.o ABSOLUTE
    driver\src\adc.c                         0x00000000   Number         0  adc.o ABSOLUTE
    driver\src\bt.c                          0x00000000   Number         0  bt.o ABSOLUTE
    driver\src\clk.c                         0x00000000   Number         0  clk.o ABSOLUTE
    driver\src\ddl.c                         0x00000000   Number         0  ddl.o ABSOLUTE
    driver\src\gpio.c                        0x00000000   Number         0  gpio.o ABSOLUTE
    driver\src\interrupts_hc32l110.c         0x00000000   Number         0  interrupts_hc32l110.o ABSOLUTE
    driver\src\lpuart.c                      0x00000000   Number         0  lpuart.o ABSOLUTE
    freeRTos\\croutine.c                     0x00000000   Number         0  croutine.o ABSOLUTE
    freeRTos\\event_groups.c                 0x00000000   Number         0  event_groups.o ABSOLUTE
    freeRTos\\list.c                         0x00000000   Number         0  list.o ABSOLUTE
    freeRTos\\port\\MemMang\\heap_4.c        0x00000000   Number         0  heap_4.o ABSOLUTE
    freeRTos\\port\\RVDS\\ARM_CM0\\port.c    0x00000000   Number         0  port.o ABSOLUTE
    freeRTos\\queue.c                        0x00000000   Number         0  queue.o ABSOLUTE
    freeRTos\\stream_buffer.c                0x00000000   Number         0  stream_buffer.o ABSOLUTE
    freeRTos\\tasks.c                        0x00000000   Number         0  tasks.o ABSOLUTE
    freeRTos\\timers.c                       0x00000000   Number         0  timers.o ABSOLUTE
    freeRTos\croutine.c                      0x00000000   Number         0  croutine.o ABSOLUTE
    freeRTos\event_groups.c                  0x00000000   Number         0  event_groups.o ABSOLUTE
    freeRTos\list.c                          0x00000000   Number         0  list.o ABSOLUTE
    freeRTos\port\MemMang\heap_4.c           0x00000000   Number         0  heap_4.o ABSOLUTE
    freeRTos\port\RVDS\ARM_CM0\port.c        0x00000000   Number         0  port.o ABSOLUTE
    freeRTos\queue.c                         0x00000000   Number         0  queue.o ABSOLUTE
    freeRTos\stream_buffer.c                 0x00000000   Number         0  stream_buffer.o ABSOLUTE
    freeRTos\tasks.c                         0x00000000   Number         0  tasks.o ABSOLUTE
    freeRTos\timers.c                        0x00000000   Number         0  timers.o ABSOLUTE
    handlers.s                               0x00000000   Number         0  handlers.o ABSOLUTE
    init.s                                   0x00000000   Number         0  init.o ABSOLUTE
    mcu\\common\\system_hc32l110.c           0x00000000   Number         0  system_hc32l110.o ABSOLUTE
    mcu\common\system_hc32l110.c             0x00000000   Number         0  system_hc32l110.o ABSOLUTE
    source\\halLayer.c                       0x00000000   Number         0  hallayer.o ABSOLUTE
    source\\main.c                           0x00000000   Number         0  main.o ABSOLUTE
    source\\timeTask.c                       0x00000000   Number         0  timetask.o ABSOLUTE
    source\halLayer.c                        0x00000000   Number         0  hallayer.o ABSOLUTE
    source\main.c                            0x00000000   Number         0  main.o ABSOLUTE
    source\timeTask.c                        0x00000000   Number         0  timetask.o ABSOLUTE
    startup_hc32l110.s                       0x00000000   Number         0  startup_hc32l110.o ABSOLUTE
    .ARM.Collect$$$$00000000                 0x000000c0   Section        0  entry.o(.ARM.Collect$$$$00000000)
    .ARM.Collect$$$$00000001                 0x000000c0   Section        4  entry2.o(.ARM.Collect$$$$00000001)
    .ARM.Collect$$$$00000004                 0x000000c4   Section        4  entry5.o(.ARM.Collect$$$$00000004)
    .ARM.Collect$$$$00000008                 0x000000c8   Section        0  entry7b.o(.ARM.Collect$$$$00000008)
    .ARM.Collect$$$$0000000A                 0x000000c8   Section        0  entry8b.o(.ARM.Collect$$$$0000000A)
    .ARM.Collect$$$$0000000B                 0x000000c8   Section        8  entry9a.o(.ARM.Collect$$$$0000000B)
    .ARM.Collect$$$$0000000D                 0x000000d0   Section        0  entry10a.o(.ARM.Collect$$$$0000000D)
    .ARM.Collect$$$$0000000F                 0x000000d0   Section        0  entry11a.o(.ARM.Collect$$$$0000000F)
    .ARM.Collect$$$$00002712                 0x000000d0   Section        4  entry2.o(.ARM.Collect$$$$00002712)
    __lit__00000000                          0x000000d0   Data           4  entry2.o(.ARM.Collect$$$$00002712)
    .emb_text                                0x000000d4   Section      120  port.o(.emb_text)
    .text                                    0x0000014c   Section       60  startup_hc32l110.o(.text)
    .text                                    0x00000188   Section        0  uidiv.o(.text)
    .text                                    0x000001b4   Section        0  memcpya.o(.text)
    .text                                    0x000001d8   Section        0  memseta.o(.text)
    .text                                    0x000001fc   Section       36  init.o(.text)
    i.AdcInit                                0x00000220   Section        0  hallayer.o(i.AdcInit)
    i.Adc_ConfigNormMode                     0x000002b0   Section        0  adc.o(i.Adc_ConfigNormMode)
    i.Adc_Enable                             0x000002f4   Section        0  adc.o(i.Adc_Enable)
    i.Adc_Init                               0x00000304   Section        0  adc.o(i.Adc_Init)
    i.Bt_ARRSet                              0x000003c0   Section        0  bt.o(i.Bt_ARRSet)
    i.Bt_Cnt16Set                            0x00000404   Section        0  bt.o(i.Bt_Cnt16Set)
    i.Bt_Init                                0x00000448   Section        0  bt.o(i.Bt_Init)
    i.Bt_Run                                 0x00000594   Section        0  bt.o(i.Bt_Run)
    i.ClkUnlock                              0x000005cc   Section        0  clk.o(i.ClkUnlock)
    ClkUnlock                                0x000005cd   Thumb Code    12  clk.o(i.ClkUnlock)
    i.ClkWriteDummy                          0x000005e4   Section        0  clk.o(i.ClkWriteDummy)
    ClkWriteDummy                            0x000005e5   Thumb Code    14  clk.o(i.ClkWriteDummy)
    i.Clk_Enable                             0x000005f8   Section        0  clk.o(i.Clk_Enable)
    i.Clk_GetClkRdy                          0x000006b4   Section        0  clk.o(i.Clk_GetClkRdy)
    i.Clk_GetHClkFreq                        0x000006e8   Section        0  clk.o(i.Clk_GetHClkFreq)
    i.Clk_GetPClkFreq                        0x00000778   Section        0  clk.o(i.Clk_GetPClkFreq)
    i.Clk_Init                               0x00000790   Section        0  clk.o(i.Clk_Init)
    i.Clk_SetHClkDiv                         0x000007ac   Section        0  clk.o(i.Clk_SetHClkDiv)
    i.Clk_SetPClkDiv                         0x000007fc   Section        0  clk.o(i.Clk_SetPClkDiv)
    i.Clk_SetPeripheralGate                  0x00000838   Section        0  clk.o(i.Clk_SetPeripheralGate)
    i.Clk_SetRCHFreq                         0x00000864   Section        0  clk.o(i.Clk_SetRCHFreq)
    i.Clk_SetRCL_StableTime                  0x000008ac   Section        0  clk.o(i.Clk_SetRCL_StableTime)
    i.Clk_SetSource                          0x000008f4   Section        0  clk.o(i.Clk_SetSource)
    i.Clk_SetXTH_StableTime                  0x00000930   Section        0  clk.o(i.Clk_SetXTH_StableTime)
    i.Clk_SetXTL_StableTime                  0x00000970   Section        0  clk.o(i.Clk_SetXTL_StableTime)
    i.Clk_SwitchTo                           0x000009b0   Section        0  clk.o(i.Clk_SwitchTo)
    i.Clk_SysTickConfig                      0x00000a44   Section        0  clk.o(i.Clk_SysTickConfig)
    i.DebugInit                              0x00000ad0   Section        0  hallayer.o(i.DebugInit)
    i.Gpio_InitIOExt                         0x00000bd0   Section        0  gpio.o(i.Gpio_InitIOExt)
    i.Gpio_SetAnalog                         0x00000c60   Section        0  gpio.o(i.Gpio_SetAnalog)
    i.Gpio_SetIO                             0x00000c84   Section        0  gpio.o(i.Gpio_SetIO)
    i.HAL_SystemInit                         0x00000cb0   Section        0  hallayer.o(i.HAL_SystemInit)
    i.HardFault_Handler                      0x00000ce4   Section        0  interrupts_hc32l110.o(i.HardFault_Handler)
    i.IRQ000_Handler                         0x00000cf0   Section        0  interrupts_hc32l110.o(i.IRQ000_Handler)
    i.IRQ001_Handler                         0x00000cfa   Section        0  interrupts_hc32l110.o(i.IRQ001_Handler)
    i.IRQ002_Handler                         0x00000d04   Section        0  interrupts_hc32l110.o(i.IRQ002_Handler)
    i.IRQ003_Handler                         0x00000d0e   Section        0  interrupts_hc32l110.o(i.IRQ003_Handler)
    i.IRQ006_Handler                         0x00000d18   Section        0  interrupts_hc32l110.o(i.IRQ006_Handler)
    i.IRQ007_Handler                         0x00000d22   Section        0  interrupts_hc32l110.o(i.IRQ007_Handler)
    i.IRQ008_Handler                         0x00000d2c   Section        0  interrupts_hc32l110.o(i.IRQ008_Handler)
    i.IRQ010_Handler                         0x00000d36   Section        0  interrupts_hc32l110.o(i.IRQ010_Handler)
    i.IRQ012_Handler                         0x00000d40   Section        0  interrupts_hc32l110.o(i.IRQ012_Handler)
    i.IRQ014_Handler                         0x00000d4a   Section        0  interrupts_hc32l110.o(i.IRQ014_Handler)
    i.IRQ015_Handler                         0x00000d54   Section        0  interrupts_hc32l110.o(i.IRQ015_Handler)
    i.IRQ016_Handler                         0x00000d5e   Section        0  interrupts_hc32l110.o(i.IRQ016_Handler)
    i.IRQ017_Handler                         0x00000d68   Section        0  interrupts_hc32l110.o(i.IRQ017_Handler)
    i.IRQ018_Handler                         0x00000d72   Section        0  interrupts_hc32l110.o(i.IRQ018_Handler)
    i.IRQ019_Handler                         0x00000d7c   Section        0  interrupts_hc32l110.o(i.IRQ019_Handler)
    i.IRQ020_Handler                         0x00000d86   Section        0  interrupts_hc32l110.o(i.IRQ020_Handler)
    i.IRQ021_Handler                         0x00000d90   Section        0  interrupts_hc32l110.o(i.IRQ021_Handler)
    i.IRQ022_Handler                         0x00000d9a   Section        0  interrupts_hc32l110.o(i.IRQ022_Handler)
    i.IRQ023_Handler                         0x00000da4   Section        0  interrupts_hc32l110.o(i.IRQ023_Handler)
    i.IRQ024_Handler                         0x00000dae   Section        0  interrupts_hc32l110.o(i.IRQ024_Handler)
    i.IRQ026_Handler                         0x00000db8   Section        0  interrupts_hc32l110.o(i.IRQ026_Handler)
    i.IRQ027_Handler                         0x00000dc2   Section        0  interrupts_hc32l110.o(i.IRQ027_Handler)
    i.IRQ028_Handler                         0x00000dcc   Section        0  interrupts_hc32l110.o(i.IRQ028_Handler)
    i.IRQ030_Handler                         0x00000dd6   Section        0  interrupts_hc32l110.o(i.IRQ030_Handler)
    i.IRQ031_Handler                         0x00000de0   Section        0  interrupts_hc32l110.o(i.IRQ031_Handler)
    i.LPUart_ClrStatus                       0x00000dec   Section        0  lpuart.o(i.LPUart_ClrStatus)
    i.LPUart_EnableIrq                       0x00000e1c   Section        0  lpuart.o(i.LPUart_EnableIrq)
    i.LPUart_GetStatus                       0x00000e4c   Section        0  lpuart.o(i.LPUart_GetStatus)
    i.LPUart_Init                            0x00000e78   Section        0  lpuart.o(i.LPUart_Init)
    i.LPUart_SelSclk                         0x00000f04   Section        0  lpuart.o(i.LPUart_SelSclk)
    i.LPUart_SelSclkPrs                      0x00000f34   Section        0  lpuart.o(i.LPUart_SelSclkPrs)
    i.LPUart_SendData                        0x00000f50   Section        0  lpuart.o(i.LPUart_SendData)
    i.LPUart_SetBaudRate                     0x00000f78   Section        0  lpuart.o(i.LPUart_SetBaudRate)
    i.LPUart_SetMode                         0x00000fcc   Section        0  lpuart.o(i.LPUart_SetMode)
    i.LPUart_SetMultiMode                    0x00001014   Section        0  lpuart.o(i.LPUart_SetMultiMode)
    i.Log2                                   0x0000103c   Section        0  ddl.o(i.Log2)
    i.Motor_Port_Init                        0x00001050   Section        0  hallayer.o(i.Motor_Port_Init)
    i.SVC_Handler                            0x000010d0   Section        0  port.o(i.SVC_Handler)
    i.SysTick_Handler                        0x000010d4   Section        0  port.o(i.SysTick_Handler)
    i.SystemCoreClockUpdate                  0x000010f8   Section        0  system_hc32l110.o(i.SystemCoreClockUpdate)
    i.SystemInit                             0x00001108   Section        0  system_hc32l110.o(i.SystemInit)
    i.__0printf$bare                         0x0000113c   Section        0  printfb.o(i.__0printf$bare)
    i.__ARM_common_switch8                   0x00001150   Section        0  clk.o(i.__ARM_common_switch8)
    i.__NVIC_ClearPendingIRQ                 0x0000116c   Section        0  lpuart.o(i.__NVIC_ClearPendingIRQ)
    __NVIC_ClearPendingIRQ                   0x0000116d   Thumb Code    18  lpuart.o(i.__NVIC_ClearPendingIRQ)
    i.__NVIC_SetPriority                     0x00001184   Section        0  lpuart.o(i.__NVIC_SetPriority)
    __NVIC_SetPriority                       0x00001185   Thumb Code    60  lpuart.o(i.__NVIC_SetPriority)
    i.__scatterload_copy                     0x000011c8   Section       14  handlers.o(i.__scatterload_copy)
    i.__scatterload_null                     0x000011d6   Section        2  handlers.o(i.__scatterload_null)
    i.__scatterload_zeroinit                 0x000011d8   Section       14  handlers.o(i.__scatterload_zeroinit)
    i._printf_core                           0x000011e6   Section        0  printfb.o(i._printf_core)
    _printf_core                             0x000011e7   Thumb Code    30  printfb.o(i._printf_core)
    i.ddl_memclr                             0x00001204   Section        0  ddl.o(i.ddl_memclr)
    i.delay100us                             0x00001218   Section        0  ddl.o(i.delay100us)
    i.eTaskConfirmSleepModeStatus            0x00001250   Section        0  tasks.o(i.eTaskConfirmSleepModeStatus)
    i.fputc                                  0x00001288   Section        0  main.o(i.fputc)
    i.main                                   0x00001298   Section        0  main.o(i.main)
    i.prvAddCurrentTaskToDelayedList         0x00001318   Section        0  tasks.o(i.prvAddCurrentTaskToDelayedList)
    prvAddCurrentTaskToDelayedList           0x00001319   Thumb Code   106  tasks.o(i.prvAddCurrentTaskToDelayedList)
    i.prvAddNewTaskToReadyList               0x0000138c   Section        0  tasks.o(i.prvAddNewTaskToReadyList)
    prvAddNewTaskToReadyList                 0x0000138d   Thumb Code   204  tasks.o(i.prvAddNewTaskToReadyList)
    i.prvCheckForValidListAndQueue           0x00001460   Section        0  timers.o(i.prvCheckForValidListAndQueue)
    prvCheckForValidListAndQueue             0x00001461   Thumb Code    64  timers.o(i.prvCheckForValidListAndQueue)
    i.prvCopyDataFromQueue                   0x000014b0   Section        0  queue.o(i.prvCopyDataFromQueue)
    prvCopyDataFromQueue                     0x000014b1   Thumb Code    38  queue.o(i.prvCopyDataFromQueue)
    i.prvDeleteTCB                           0x000014d6   Section        0  tasks.o(i.prvDeleteTCB)
    prvDeleteTCB                             0x000014d7   Thumb Code    18  tasks.o(i.prvDeleteTCB)
    i.prvGetExpectedIdleTime                 0x000014e8   Section        0  tasks.o(i.prvGetExpectedIdleTime)
    prvGetExpectedIdleTime                   0x000014e9   Thumb Code    44  tasks.o(i.prvGetExpectedIdleTime)
    i.prvHeapInit                            0x0000151c   Section        0  heap_4.o(i.prvHeapInit)
    prvHeapInit                              0x0000151d   Thumb Code    60  heap_4.o(i.prvHeapInit)
    i.prvIdleTask                            0x00001560   Section        0  tasks.o(i.prvIdleTask)
    prvIdleTask                              0x00001561   Thumb Code   104  tasks.o(i.prvIdleTask)
    i.prvInitialiseNewTask                   0x000015d0   Section        0  tasks.o(i.prvInitialiseNewTask)
    prvInitialiseNewTask                     0x000015d1   Thumb Code   150  tasks.o(i.prvInitialiseNewTask)
    i.prvInsertBlockIntoFreeList             0x00001668   Section        0  heap_4.o(i.prvInsertBlockIntoFreeList)
    prvInsertBlockIntoFreeList               0x00001669   Thumb Code    72  heap_4.o(i.prvInsertBlockIntoFreeList)
    i.prvInsertTimerInActiveList             0x000016b4   Section        0  timers.o(i.prvInsertTimerInActiveList)
    prvInsertTimerInActiveList               0x000016b5   Thumb Code    52  timers.o(i.prvInsertTimerInActiveList)
    i.prvIsQueueEmpty                        0x000016ec   Section        0  queue.o(i.prvIsQueueEmpty)
    prvIsQueueEmpty                          0x000016ed   Thumb Code    28  queue.o(i.prvIsQueueEmpty)
    i.prvProcessExpiredTimer                 0x00001708   Section        0  timers.o(i.prvProcessExpiredTimer)
    prvProcessExpiredTimer                   0x00001709   Thumb Code    56  timers.o(i.prvProcessExpiredTimer)
    i.prvProcessReceivedCommands             0x00001744   Section        0  timers.o(i.prvProcessReceivedCommands)
    prvProcessReceivedCommands               0x00001745   Thumb Code   216  timers.o(i.prvProcessReceivedCommands)
    i.prvProcessTimerOrBlockTask             0x00001820   Section        0  timers.o(i.prvProcessTimerOrBlockTask)
    prvProcessTimerOrBlockTask               0x00001821   Thumb Code    92  timers.o(i.prvProcessTimerOrBlockTask)
    i.prvReloadTimer                         0x00001880   Section        0  timers.o(i.prvReloadTimer)
    prvReloadTimer                           0x00001881   Thumb Code    40  timers.o(i.prvReloadTimer)
    i.prvResetNextTaskUnblockTime            0x000018a8   Section        0  tasks.o(i.prvResetNextTaskUnblockTime)
    prvResetNextTaskUnblockTime              0x000018a9   Thumb Code    26  tasks.o(i.prvResetNextTaskUnblockTime)
    i.prvSampleTimeNow                       0x000018c8   Section        0  timers.o(i.prvSampleTimeNow)
    prvSampleTimeNow                         0x000018c9   Thumb Code    62  timers.o(i.prvSampleTimeNow)
    i.prvTaskExitError                       0x0000190c   Section        0  port.o(i.prvTaskExitError)
    prvTaskExitError                         0x0000190d   Thumb Code    14  port.o(i.prvTaskExitError)
    i.prvTimerTask                           0x00001920   Section        0  timers.o(i.prvTimerTask)
    prvTimerTask                             0x00001921   Thumb Code    38  timers.o(i.prvTimerTask)
    i.prvUnlockQueue                         0x0000194c   Section        0  queue.o(i.prvUnlockQueue)
    prvUnlockQueue                           0x0000194d   Thumb Code   112  queue.o(i.prvUnlockQueue)
    i.pvPortMalloc                           0x000019bc   Section        0  heap_4.o(i.pvPortMalloc)
    i.pxPortInitialiseStack                  0x00001a80   Section        0  port.o(i.pxPortInitialiseStack)
    i.testTask                               0x00001aa0   Section        0  main.o(i.testTask)
    i.uxListRemove                           0x00001ac8   Section        0  list.o(i.uxListRemove)
    i.vListInitialise                        0x00001aee   Section        0  list.o(i.vListInitialise)
    i.vListInitialiseItem                    0x00001b04   Section        0  list.o(i.vListInitialiseItem)
    i.vListInsert                            0x00001b0a   Section        0  list.o(i.vListInsert)
    i.vPortEnterCritical                     0x00001b3c   Section        0  port.o(i.vPortEnterCritical)
    i.vPortExitCritical                      0x00001b54   Section        0  port.o(i.vPortExitCritical)
    i.vPortFree                              0x00001b70   Section        0  heap_4.o(i.vPortFree)
    i.vPortSetupTimerInterrupt               0x00001bb8   Section        0  port.o(i.vPortSetupTimerInterrupt)
    i.vPortSuppressTicksAndSleep             0x00001bfc   Section        0  port.o(i.vPortSuppressTicksAndSleep)
    i.vPortYield                             0x00001cd8   Section        0  port.o(i.vPortYield)
    i.vQueueAddToRegistry                    0x00001cf0   Section        0  queue.o(i.vQueueAddToRegistry)
    i.vQueueWaitForMessageRestricted         0x00001d34   Section        0  queue.o(i.vQueueWaitForMessageRestricted)
    i.vTaskDelay                             0x00001d78   Section        0  tasks.o(i.vTaskDelay)
    i.vTaskInternalSetTimeOutState           0x00001da8   Section        0  tasks.o(i.vTaskInternalSetTimeOutState)
    i.vTaskMissedYield                       0x00001db8   Section        0  tasks.o(i.vTaskMissedYield)
    i.vTaskPlaceOnEventList                  0x00001dc4   Section        0  tasks.o(i.vTaskPlaceOnEventList)
    i.vTaskPlaceOnEventListRestricted        0x00001de8   Section        0  tasks.o(i.vTaskPlaceOnEventListRestricted)
    i.vTaskStartScheduler                    0x00001e30   Section        0  tasks.o(i.vTaskStartScheduler)
    i.vTaskStepTick                          0x00001e88   Section        0  tasks.o(i.vTaskStepTick)
    i.vTaskSuspendAll                        0x00001ea4   Section        0  tasks.o(i.vTaskSuspendAll)
    i.vTaskSwitchContext                     0x00001eb4   Section        0  tasks.o(i.vTaskSwitchContext)
    i.xPortStartScheduler                    0x00001f0c   Section        0  port.o(i.xPortStartScheduler)
    i.xQueueGenericCreate                    0x00001f3c   Section        0  queue.o(i.xQueueGenericCreate)
    i.xQueueGenericReset                     0x00001f8e   Section        0  queue.o(i.xQueueGenericReset)
    i.xQueueReceive                          0x00002014   Section        0  queue.o(i.xQueueReceive)
    i.xTaskCheckForTimeOut                   0x00002118   Section        0  tasks.o(i.xTaskCheckForTimeOut)
    i.xTaskCreate                            0x00002178   Section        0  tasks.o(i.xTaskCreate)
    i.xTaskGetSchedulerState                 0x000021c8   Section        0  tasks.o(i.xTaskGetSchedulerState)
    i.xTaskGetTickCount                      0x000021e8   Section        0  tasks.o(i.xTaskGetTickCount)
    i.xTaskIncrementTick                     0x000021f4   Section        0  tasks.o(i.xTaskIncrementTick)
    i.xTaskRemoveFromEventList               0x00002310   Section        0  tasks.o(i.xTaskRemoveFromEventList)
    i.xTaskResumeAll                         0x000023dc   Section        0  tasks.o(i.xTaskResumeAll)
    i.xTimerCreateTimerTask                  0x000024dc   Section        0  timers.o(i.xTimerCreateTimerTask)
    .constdata                               0x0000251c   Section        8  clk.o(.constdata)
    .data                                    0x20000000   Section        4  system_hc32l110.o(.data)
    .data                                    0x20000004   Section        4  main.o(.data)
    .data                                    0x20000008   Section        4  ddl.o(.data)
    .data                                    0x2000000c   Section       12  bt.o(.data)
    pfnTim0Callback                          0x2000000c   Data           4  bt.o(.data)
    pfnTim1Callback                          0x20000010   Data           4  bt.o(.data)
    pfnTim2Callback                          0x20000014   Data           4  bt.o(.data)
    .data                                    0x20000018   Section       64  tasks.o(.data)
    uxDeletedTasksWaitingCleanUp             0x2000001c   Data           4  tasks.o(.data)
    uxCurrentNumberOfTasks                   0x20000020   Data           4  tasks.o(.data)
    xTickCount                               0x20000024   Data           4  tasks.o(.data)
    uxTopReadyPriority                       0x20000028   Data           4  tasks.o(.data)
    xSchedulerRunning                        0x2000002c   Data           4  tasks.o(.data)
    xPendedTicks                             0x20000030   Data           4  tasks.o(.data)
    xYieldPending                            0x20000034   Data           4  tasks.o(.data)
    xNumOfOverflows                          0x20000038   Data           4  tasks.o(.data)
    uxTaskNumber                             0x2000003c   Data           4  tasks.o(.data)
    xNextTaskUnblockTime                     0x20000040   Data           4  tasks.o(.data)
    xIdleTaskHandle                          0x20000044   Data           4  tasks.o(.data)
    uxSchedulerSuspended                     0x2000004c   Data           4  tasks.o(.data)
    pxDelayedTaskList                        0x20000050   Data           4  tasks.o(.data)
    pxOverflowDelayedTaskList                0x20000054   Data           4  tasks.o(.data)
    .data                                    0x20000058   Section       20  timers.o(.data)
    xTimerQueue                              0x20000058   Data           4  timers.o(.data)
    xTimerTaskHandle                         0x2000005c   Data           4  timers.o(.data)
    xLastTime                                0x20000060   Data           4  timers.o(.data)
    pxCurrentTimerList                       0x20000064   Data           4  timers.o(.data)
    pxOverflowTimerList                      0x20000068   Data           4  timers.o(.data)
    .data                                    0x2000006c   Section       32  heap_4.o(.data)
    pxEnd                                    0x2000006c   Data           4  heap_4.o(.data)
    xFreeBytesRemaining                      0x20000070   Data           4  heap_4.o(.data)
    xMinimumEverFreeBytesRemaining           0x20000074   Data           4  heap_4.o(.data)
    xNumberOfSuccessfulAllocations           0x20000078   Data           4  heap_4.o(.data)
    xNumberOfSuccessfulFrees                 0x2000007c   Data           4  heap_4.o(.data)
    xBlockAllocatedBit                       0x20000080   Data           4  heap_4.o(.data)
    xStart                                   0x20000084   Data           8  heap_4.o(.data)
    .data                                    0x2000008c   Section       16  port.o(.data)
    uxCriticalNesting                        0x2000008c   Data           4  port.o(.data)
    ulTimerCountsForOneTick                  0x20000090   Data           4  port.o(.data)
    xMaximumPossibleSuppressedTicks          0x20000094   Data           4  port.o(.data)
    ulStoppedTimerCompensation               0x20000098   Data           4  port.o(.data)
    .bss                                     0x2000009c   Section       12  lpuart.o(.bss)
    stcLPUartIrqCb                           0x2000009c   Data          12  lpuart.o(.bss)
    .bss                                     0x200000a8   Section       64  queue.o(.bss)
    .bss                                     0x200000e8   Section      200  tasks.o(.bss)
    pxReadyTasksLists                        0x200000e8   Data         100  tasks.o(.bss)
    xDelayedTaskList1                        0x2000014c   Data          20  tasks.o(.bss)
    xDelayedTaskList2                        0x20000160   Data          20  tasks.o(.bss)
    xPendingReadyList                        0x20000174   Data          20  tasks.o(.bss)
    xTasksWaitingTermination                 0x20000188   Data          20  tasks.o(.bss)
    xSuspendedTaskList                       0x2000019c   Data          20  tasks.o(.bss)
    .bss                                     0x200001b0   Section       40  timers.o(.bss)
    xActiveTimerList1                        0x200001b0   Data          20  timers.o(.bss)
    xActiveTimerList2                        0x200001c4   Data          20  timers.o(.bss)
    .bss                                     0x200001d8   Section     1024  heap_4.o(.bss)
    ucHeap                                   0x200001d8   Data        1024  heap_4.o(.bss)
    STACK                                    0x200005d8   Section      256  startup_hc32l110.o(STACK)

    Global Symbols

    Symbol Name                              Value     Ov Type        Size  Object(Section)

    BuildAttributes$$THM_ISAv3M$S$PE$A:L22$X:L11$S22$IEEE1$IW$USESV6$~STKCKD$USESV7$~SHL$OSPACE$ROPI$EBA8$MICROLIB$REQ8$PRES8$EABIv2 0x00000000   Number         0  anon$$obj.o ABSOLUTE
    __ARM_use_no_argv                        0x00000000   Number         0  main.o ABSOLUTE
    __Vectors                                0x00000000   Data           4  startup_hc32l110.o(RESET)
    __use_no_errno                           0x00000000   Number         0  useno.o ABSOLUTE
    __use_no_exception_handling              0x00000000   Number         0  useno.o ABSOLUTE
    __use_no_fp                              0x00000000   Number         0  useno.o ABSOLUTE
    __use_no_heap                            0x00000000   Number         0  useno.o ABSOLUTE
    __use_no_heap_region                     0x00000000   Number         0  useno.o ABSOLUTE
    __use_no_semihosting                     0x00000000   Number         0  useno.o ABSOLUTE
    __use_no_semihosting_swi                 0x00000000   Number         0  useno.o ABSOLUTE
    __use_no_signal_handling                 0x00000000   Number         0  useno.o ABSOLUTE
    Adt_IRQHandler                            - Undefined Weak Reference
    ClkTrim_IRQHandler                        - Undefined Weak Reference
    EfRam_IRQHandler                          - Undefined Weak Reference
    Gpio_IRQHandler                           - Undefined Weak Reference
    I2c_IRQHandler                            - Undefined Weak Reference
    LpTim_IRQHandler                          - Undefined Weak Reference
    Lvd_IRQHandler                            - Undefined Weak Reference
    Pca_IRQHandler                            - Undefined Weak Reference
    Rtc_IRQHandler                            - Undefined Weak Reference
    Spi_IRQHandler                            - Undefined Weak Reference
    Uart_IRQHandler                           - Undefined Weak Reference
    Vc_IRQHandler                             - Undefined Weak Reference
    Wdt_IRQHandler                            - Undefined Weak Reference
    __cpp_initialize__aeabi_                  - Undefined Weak Reference
    __cxa_finalize                            - Undefined Weak Reference
    __decompress                              - Undefined Weak Reference
    _clock_init                               - Undefined Weak Reference
    _microlib_exit                            - Undefined Weak Reference
    __Vectors_End                            0x000000c0   Data           0  startup_hc32l110.o(RESET)
    __Vectors_Size                           0x000000c0   Number         0  startup_hc32l110.o ABSOLUTE
    __main                                   0x000000c1   Thumb Code     0  entry.o(.ARM.Collect$$$$00000000)
    _main_stk                                0x000000c1   Thumb Code     0  entry2.o(.ARM.Collect$$$$00000001)
    _main_scatterload                        0x000000c5   Thumb Code     0  entry5.o(.ARM.Collect$$$$00000004)
    __main_after_scatterload                 0x000000c9   Thumb Code     0  entry5.o(.ARM.Collect$$$$00000004)
    _main_clock                              0x000000c9   Thumb Code     0  entry7b.o(.ARM.Collect$$$$00000008)
    _main_cpp_init                           0x000000c9   Thumb Code     0  entry8b.o(.ARM.Collect$$$$0000000A)
    _main_init                               0x000000c9   Thumb Code     0  entry9a.o(.ARM.Collect$$$$0000000B)
    __rt_final_cpp                           0x000000d1   Thumb Code     0  entry10a.o(.ARM.Collect$$$$0000000D)
    __rt_final_exit                          0x000000d1   Thumb Code     0  entry11a.o(.ARM.Collect$$$$0000000F)
    __asm___6_port_c_39a90d8d__prvPortStartFirstTask 0x000000d5   Thumb Code    36  port.o(.emb_text)
    ulSetInterruptMaskFromISR                0x000000fd   Thumb Code     8  port.o(.emb_text)
    vClearInterruptMaskFromISR               0x00000105   Thumb Code     6  port.o(.emb_text)
    PendSV_Handler                           0x0000010b   Thumb Code    62  port.o(.emb_text)
    Reset_Handler                            0x0000014d   Thumb Code    26  startup_hc32l110.o(.text)
    NMI_Handler                              0x00000167   Thumb Code     2  startup_hc32l110.o(.text)
    IRQ004_Handler                           0x00000171   Thumb Code     0  startup_hc32l110.o(.text)
    IRQ005_Handler                           0x00000171   Thumb Code     0  startup_hc32l110.o(.text)
    IRQ009_Handler                           0x00000171   Thumb Code     0  startup_hc32l110.o(.text)
    IRQ011_Handler                           0x00000171   Thumb Code     0  startup_hc32l110.o(.text)
    IRQ013_Handler                           0x00000171   Thumb Code     0  startup_hc32l110.o(.text)
    IRQ025_Handler                           0x00000171   Thumb Code     0  startup_hc32l110.o(.text)
    IRQ029_Handler                           0x00000171   Thumb Code     0  startup_hc32l110.o(.text)
    __aeabi_uidiv                            0x00000189   Thumb Code     0  uidiv.o(.text)
    __aeabi_uidivmod                         0x00000189   Thumb Code    44  uidiv.o(.text)
    __aeabi_memcpy                           0x000001b5   Thumb Code    36  memcpya.o(.text)
    __aeabi_memcpy4                          0x000001b5   Thumb Code     0  memcpya.o(.text)
    __aeabi_memcpy8                          0x000001b5   Thumb Code     0  memcpya.o(.text)
    __aeabi_memset                           0x000001d9   Thumb Code    14  memseta.o(.text)
    __aeabi_memset4                          0x000001d9   Thumb Code     0  memseta.o(.text)
    __aeabi_memset8                          0x000001d9   Thumb Code     0  memseta.o(.text)
    __aeabi_memclr                           0x000001e7   Thumb Code     4  memseta.o(.text)
    __aeabi_memclr4                          0x000001e7   Thumb Code     0  memseta.o(.text)
    __aeabi_memclr8                          0x000001e7   Thumb Code     0  memseta.o(.text)
    memset                                   0x000001eb   Thumb Code    18  memseta.o(.text)
    __scatterload                            0x000001fd   Thumb Code    28  init.o(.text)
    __scatterload_rt2                        0x000001fd   Thumb Code     0  init.o(.text)
    AdcInit                                  0x00000221   Thumb Code   138  hallayer.o(i.AdcInit)
    Adc_ConfigNormMode                       0x000002b1   Thumb Code    62  adc.o(i.Adc_ConfigNormMode)
    Adc_Enable                               0x000002f5   Thumb Code    12  adc.o(i.Adc_Enable)
    Adc_Init                                 0x00000305   Thumb Code   184  adc.o(i.Adc_Init)
    Bt_ARRSet                                0x000003c1   Thumb Code    62  bt.o(i.Bt_ARRSet)
    Bt_Cnt16Set                              0x00000405   Thumb Code    62  bt.o(i.Bt_Cnt16Set)
    Bt_Init                                  0x00000449   Thumb Code   324  bt.o(i.Bt_Init)
    Bt_Run                                   0x00000595   Thumb Code    52  bt.o(i.Bt_Run)
    Clk_Enable                               0x000005f9   Thumb Code   180  clk.o(i.Clk_Enable)
    Clk_GetClkRdy                            0x000006b5   Thumb Code    46  clk.o(i.Clk_GetClkRdy)
    Clk_GetHClkFreq                          0x000006e9   Thumb Code   112  clk.o(i.Clk_GetHClkFreq)
    Clk_GetPClkFreq                          0x00000779   Thumb Code    18  clk.o(i.Clk_GetPClkFreq)
    Clk_Init                                 0x00000791   Thumb Code    26  clk.o(i.Clk_Init)
    Clk_SetHClkDiv                           0x000007ad   Thumb Code    76  clk.o(i.Clk_SetHClkDiv)
    Clk_SetPClkDiv                           0x000007fd   Thumb Code    56  clk.o(i.Clk_SetPClkDiv)
    Clk_SetPeripheralGate                    0x00000839   Thumb Code    38  clk.o(i.Clk_SetPeripheralGate)
    Clk_SetRCHFreq                           0x00000865   Thumb Code    64  clk.o(i.Clk_SetRCHFreq)
    Clk_SetRCL_StableTime                    0x000008ad   Thumb Code    68  clk.o(i.Clk_SetRCL_StableTime)
    Clk_SetSource                            0x000008f5   Thumb Code    54  clk.o(i.Clk_SetSource)
    Clk_SetXTH_StableTime                    0x00000931   Thumb Code    58  clk.o(i.Clk_SetXTH_StableTime)
    Clk_SetXTL_StableTime                    0x00000971   Thumb Code    58  clk.o(i.Clk_SetXTL_StableTime)
    Clk_SwitchTo                             0x000009b1   Thumb Code   130  clk.o(i.Clk_SwitchTo)
    Clk_SysTickConfig                        0x00000a45   Thumb Code   126  clk.o(i.Clk_SysTickConfig)
    DebugInit                                0x00000ad1   Thumb Code   246  hallayer.o(i.DebugInit)
    Gpio_InitIOExt                           0x00000bd1   Thumb Code   132  gpio.o(i.Gpio_InitIOExt)
    Gpio_SetAnalog                           0x00000c61   Thumb Code    30  gpio.o(i.Gpio_SetAnalog)
    Gpio_SetIO                               0x00000c85   Thumb Code    38  gpio.o(i.Gpio_SetIO)
    HAL_SystemInit                           0x00000cb1   Thumb Code    52  hallayer.o(i.HAL_SystemInit)
    HardFault_Handler                        0x00000ce5   Thumb Code    12  interrupts_hc32l110.o(i.HardFault_Handler)
    IRQ000_Handler                           0x00000cf1   Thumb Code    10  interrupts_hc32l110.o(i.IRQ000_Handler)
    IRQ001_Handler                           0x00000cfb   Thumb Code    10  interrupts_hc32l110.o(i.IRQ001_Handler)
    IRQ002_Handler                           0x00000d05   Thumb Code    10  interrupts_hc32l110.o(i.IRQ002_Handler)
    IRQ003_Handler                           0x00000d0f   Thumb Code    10  interrupts_hc32l110.o(i.IRQ003_Handler)
    IRQ006_Handler                           0x00000d19   Thumb Code    10  interrupts_hc32l110.o(i.IRQ006_Handler)
    IRQ007_Handler                           0x00000d23   Thumb Code    10  interrupts_hc32l110.o(i.IRQ007_Handler)
    IRQ008_Handler                           0x00000d2d   Thumb Code    10  interrupts_hc32l110.o(i.IRQ008_Handler)
    IRQ010_Handler                           0x00000d37   Thumb Code    10  interrupts_hc32l110.o(i.IRQ010_Handler)
    IRQ012_Handler                           0x00000d41   Thumb Code    10  interrupts_hc32l110.o(i.IRQ012_Handler)
    IRQ014_Handler                           0x00000d4b   Thumb Code    10  interrupts_hc32l110.o(i.IRQ014_Handler)
    IRQ015_Handler                           0x00000d55   Thumb Code    10  interrupts_hc32l110.o(i.IRQ015_Handler)
    IRQ016_Handler                           0x00000d5f   Thumb Code    10  interrupts_hc32l110.o(i.IRQ016_Handler)
    IRQ017_Handler                           0x00000d69   Thumb Code    10  interrupts_hc32l110.o(i.IRQ017_Handler)
    IRQ018_Handler                           0x00000d73   Thumb Code    10  interrupts_hc32l110.o(i.IRQ018_Handler)
    IRQ019_Handler                           0x00000d7d   Thumb Code    10  interrupts_hc32l110.o(i.IRQ019_Handler)
    IRQ020_Handler                           0x00000d87   Thumb Code    10  interrupts_hc32l110.o(i.IRQ020_Handler)
    IRQ021_Handler                           0x00000d91   Thumb Code    10  interrupts_hc32l110.o(i.IRQ021_Handler)
    IRQ022_Handler                           0x00000d9b   Thumb Code    10  interrupts_hc32l110.o(i.IRQ022_Handler)
    IRQ023_Handler                           0x00000da5   Thumb Code    10  interrupts_hc32l110.o(i.IRQ023_Handler)
    IRQ024_Handler                           0x00000daf   Thumb Code    10  interrupts_hc32l110.o(i.IRQ024_Handler)
    IRQ026_Handler                           0x00000db9   Thumb Code    10  interrupts_hc32l110.o(i.IRQ026_Handler)
    IRQ027_Handler                           0x00000dc3   Thumb Code    10  interrupts_hc32l110.o(i.IRQ027_Handler)
    IRQ028_Handler                           0x00000dcd   Thumb Code    10  interrupts_hc32l110.o(i.IRQ028_Handler)
    IRQ030_Handler                           0x00000dd7   Thumb Code    10  interrupts_hc32l110.o(i.IRQ030_Handler)
    IRQ031_Handler                           0x00000de1   Thumb Code    10  interrupts_hc32l110.o(i.IRQ031_Handler)
    LPUart_ClrStatus                         0x00000ded   Thumb Code    44  lpuart.o(i.LPUart_ClrStatus)
    LPUart_EnableIrq                         0x00000e1d   Thumb Code    44  lpuart.o(i.LPUart_EnableIrq)
    LPUart_GetStatus                         0x00000e4d   Thumb Code    38  lpuart.o(i.LPUart_GetStatus)
    LPUart_Init                              0x00000e79   Thumb Code   132  lpuart.o(i.LPUart_Init)
    LPUart_SelSclk                           0x00000f05   Thumb Code    42  lpuart.o(i.LPUart_SelSclk)
    LPUart_SelSclkPrs                        0x00000f35   Thumb Code    22  lpuart.o(i.LPUart_SelSclkPrs)
    LPUart_SendData                          0x00000f51   Thumb Code    34  lpuart.o(i.LPUart_SendData)
    LPUart_SetBaudRate                       0x00000f79   Thumb Code    80  lpuart.o(i.LPUart_SetBaudRate)
    LPUart_SetMode                           0x00000fcd   Thumb Code    66  lpuart.o(i.LPUart_SetMode)
    LPUart_SetMultiMode                      0x00001015   Thumb Code    36  lpuart.o(i.LPUart_SetMultiMode)
    Log2                                     0x0000103d   Thumb Code    20  ddl.o(i.Log2)
    Motor_Port_Init                          0x00001051   Thumb Code   128  hallayer.o(i.Motor_Port_Init)
    SVC_Handler                              0x000010d1   Thumb Code     2  port.o(i.SVC_Handler)
    SysTick_Handler                          0x000010d5   Thumb Code    32  port.o(i.SysTick_Handler)
    SystemCoreClockUpdate                    0x000010f9   Thumb Code    12  system_hc32l110.o(i.SystemCoreClockUpdate)
    SystemInit                               0x00001109   Thumb Code    46  system_hc32l110.o(i.SystemInit)
    __0printf$bare                           0x0000113d   Thumb Code    12  printfb.o(i.__0printf$bare)
    __1printf$bare                           0x0000113d   Thumb Code     0  printfb.o(i.__0printf$bare)
    __2printf                                0x0000113d   Thumb Code     0  printfb.o(i.__0printf$bare)
    __ARM_common_switch8                     0x00001151   Thumb Code    26  clk.o(i.__ARM_common_switch8)
    __scatterload_copy                       0x000011c9   Thumb Code    14  handlers.o(i.__scatterload_copy)
    __scatterload_null                       0x000011d7   Thumb Code     2  handlers.o(i.__scatterload_null)
    __scatterload_zeroinit                   0x000011d9   Thumb Code    14  handlers.o(i.__scatterload_zeroinit)
    ddl_memclr                               0x00001205   Thumb Code    18  ddl.o(i.ddl_memclr)
    delay100us                               0x00001219   Thumb Code    44  ddl.o(i.delay100us)
    eTaskConfirmSleepModeStatus              0x00001251   Thumb Code    46  tasks.o(i.eTaskConfirmSleepModeStatus)
    fputc                                    0x00001289   Thumb Code    14  main.o(i.fputc)
    main                                     0x00001299   Thumb Code    76  main.o(i.main)
    pvPortMalloc                             0x000019bd   Thumb Code   190  heap_4.o(i.pvPortMalloc)
    pxPortInitialiseStack                    0x00001a81   Thumb Code    28  port.o(i.pxPortInitialiseStack)
    testTask                                 0x00001aa1   Thumb Code    18  main.o(i.testTask)
    uxListRemove                             0x00001ac9   Thumb Code    38  list.o(i.uxListRemove)
    vListInitialise                          0x00001aef   Thumb Code    22  list.o(i.vListInitialise)
    vListInitialiseItem                      0x00001b05   Thumb Code     6  list.o(i.vListInitialiseItem)
    vListInsert                              0x00001b0b   Thumb Code    48  list.o(i.vListInsert)
    vPortEnterCritical                       0x00001b3d   Thumb Code    20  port.o(i.vPortEnterCritical)
    vPortExitCritical                        0x00001b55   Thumb Code    22  port.o(i.vPortExitCritical)
    vPortFree                                0x00001b71   Thumb Code    68  heap_4.o(i.vPortFree)
    vPortSetupTimerInterrupt                 0x00001bb9   Thumb Code    52  port.o(i.vPortSetupTimerInterrupt)
    vPortSuppressTicksAndSleep               0x00001bfd   Thumb Code   210  port.o(i.vPortSuppressTicksAndSleep)
    vPortYield                               0x00001cd9   Thumb Code    18  port.o(i.vPortYield)
    vQueueAddToRegistry                      0x00001cf1   Thumb Code    64  queue.o(i.vQueueAddToRegistry)
    vQueueWaitForMessageRestricted           0x00001d35   Thumb Code    68  queue.o(i.vQueueWaitForMessageRestricted)
    vTaskDelay                               0x00001d79   Thumb Code    44  tasks.o(i.vTaskDelay)
    vTaskInternalSetTimeOutState             0x00001da9   Thumb Code    12  tasks.o(i.vTaskInternalSetTimeOutState)
    vTaskMissedYield                         0x00001db9   Thumb Code     8  tasks.o(i.vTaskMissedYield)
    vTaskPlaceOnEventList                    0x00001dc5   Thumb Code    32  tasks.o(i.vTaskPlaceOnEventList)
    vTaskPlaceOnEventListRestricted          0x00001de9   Thumb Code    68  tasks.o(i.vTaskPlaceOnEventListRestricted)
    vTaskStartScheduler                      0x00001e31   Thumb Code    70  tasks.o(i.vTaskStartScheduler)
    vTaskStepTick                            0x00001e89   Thumb Code    24  tasks.o(i.vTaskStepTick)
    vTaskSuspendAll                          0x00001ea5   Thumb Code    10  tasks.o(i.vTaskSuspendAll)
    vTaskSwitchContext                       0x00001eb5   Thumb Code    78  tasks.o(i.vTaskSwitchContext)
    xPortStartScheduler                      0x00001f0d   Thumb Code    40  port.o(i.xPortStartScheduler)
    xQueueGenericCreate                      0x00001f3d   Thumb Code    82  queue.o(i.xQueueGenericCreate)
    xQueueGenericReset                       0x00001f8f   Thumb Code   134  queue.o(i.xQueueGenericReset)
    xQueueReceive                            0x00002015   Thumb Code   260  queue.o(i.xQueueReceive)
    xTaskCheckForTimeOut                     0x00002119   Thumb Code    92  tasks.o(i.xTaskCheckForTimeOut)
    xTaskCreate                              0x00002179   Thumb Code    78  tasks.o(i.xTaskCreate)
    xTaskGetSchedulerState                   0x000021c9   Thumb Code    26  tasks.o(i.xTaskGetSchedulerState)
    xTaskGetTickCount                        0x000021e9   Thumb Code     6  tasks.o(i.xTaskGetTickCount)
    xTaskIncrementTick                       0x000021f5   Thumb Code   274  tasks.o(i.xTaskIncrementTick)
    xTaskRemoveFromEventList                 0x00002311   Thumb Code   194  tasks.o(i.xTaskRemoveFromEventList)
    xTaskResumeAll                           0x000023dd   Thumb Code   246  tasks.o(i.xTaskResumeAll)
    xTimerCreateTimerTask                    0x000024dd   Thumb Code    46  timers.o(i.xTimerCreateTimerTask)
    Region$$Table$$Base                      0x00002524   Number         0  anon$$obj.o(Region$$Table)
    Region$$Table$$Limit                     0x00002544   Number         0  anon$$obj.o(Region$$Table)
    SystemCoreClock                          0x20000000   Data           4  system_hc32l110.o(.data)
    testTask_Handler                         0x20000004   Data           4  main.o(.data)
    __stdout                                 0x20000008   Data           4  ddl.o(.data)
    pxCurrentTCB                             0x20000018   Data           4  tasks.o(.data)
    uxTopUsedPriority                        0x20000048   Data           4  tasks.o(.data)
    xQueueRegistry                           0x200000a8   Data          64  queue.o(.bss)
    __initial_sp                             0x200006d8   Data           0  startup_hc32l110.o(STACK)



==============================================================================

Memory Map of the image

  Image Entry point : 0x000000c1

  Load Region LR_IROM1 (Base: 0x00000000, Size: 0x000025e0, Max: 0x00008000, ABSOLUTE)

    Execution Region ER_IROM1 (Exec base: 0x00000000, Load base: 0x00000000, Size: 0x00002544, Max: 0x00008000, ABSOLUTE)

    Exec Addr    Load Addr    Size         Type   Attr      Idx    E Section Name        Object

    0x00000000   0x00000000   0x000000c0   Data   RO            3    RESET               startup_hc32l110.o
    0x000000c0   0x000000c0   0x00000000   Code   RO         2510  * .ARM.Collect$$$$00000000  mc_p.l(entry.o)
    0x000000c0   0x000000c0   0x00000004   Code   RO         2783    .ARM.Collect$$$$00000001  mc_p.l(entry2.o)
    0x000000c4   0x000000c4   0x00000004   Code   RO         2786    .ARM.Collect$$$$00000004  mc_p.l(entry5.o)
    0x000000c8   0x000000c8   0x00000000   Code   RO         2788    .ARM.Collect$$$$00000008  mc_p.l(entry7b.o)
    0x000000c8   0x000000c8   0x00000000   Code   RO         2790    .ARM.Collect$$$$0000000A  mc_p.l(entry8b.o)
    0x000000c8   0x000000c8   0x00000008   Code   RO         2791    .ARM.Collect$$$$0000000B  mc_p.l(entry9a.o)
    0x000000d0   0x000000d0   0x00000000   Code   RO         2793    .ARM.Collect$$$$0000000D  mc_p.l(entry10a.o)
    0x000000d0   0x000000d0   0x00000000   Code   RO         2795    .ARM.Collect$$$$0000000F  mc_p.l(entry11a.o)
    0x000000d0   0x000000d0   0x00000004   Code   RO         2784    .ARM.Collect$$$$00002712  mc_p.l(entry2.o)
    0x000000d4   0x000000d4   0x00000078   Code   RO         2146    .emb_text           port.o
    0x0000014c   0x0000014c   0x0000003c   Code   RO            4    .text               startup_hc32l110.o
    0x00000188   0x00000188   0x0000002c   Code   RO         2513    .text               mc_p.l(uidiv.o)
    0x000001b4   0x000001b4   0x00000024   Code   RO         2515    .text               mc_p.l(memcpya.o)
    0x000001d8   0x000001d8   0x00000024   Code   RO         2519    .text               mc_p.l(memseta.o)
    0x000001fc   0x000001fc   0x00000024   Code   RO         2810    .text               mc_p.l(init.o)
    0x00000220   0x00000220   0x00000090   Code   RO          237    i.AdcInit           hallayer.o
    0x000002b0   0x000002b0   0x00000044   Code   RO          856    i.Adc_ConfigNormMode  adc.o
    0x000002f4   0x000002f4   0x00000010   Code   RO          861    i.Adc_Enable        adc.o
    0x00000304   0x00000304   0x000000bc   Code   RO          869    i.Adc_Init          adc.o
    0x000003c0   0x000003c0   0x00000044   Code   RO         1041    i.Bt_ARRSet         bt.o
    0x00000404   0x00000404   0x00000044   Code   RO         1044    i.Bt_Cnt16Set       bt.o
    0x00000448   0x00000448   0x0000014c   Code   RO         1050    i.Bt_Init           bt.o
    0x00000594   0x00000594   0x00000038   Code   RO         1051    i.Bt_Run            bt.o
    0x000005cc   0x000005cc   0x00000018   Code   RO          567    i.ClkUnlock         clk.o
    0x000005e4   0x000005e4   0x00000014   Code   RO          568    i.ClkWriteDummy     clk.o
    0x000005f8   0x000005f8   0x000000bc   Code   RO          571    i.Clk_Enable        clk.o
    0x000006b4   0x000006b4   0x00000034   Code   RO          572    i.Clk_GetClkRdy     clk.o
    0x000006e8   0x000006e8   0x00000090   Code   RO          573    i.Clk_GetHClkFreq   clk.o
    0x00000778   0x00000778   0x00000018   Code   RO          574    i.Clk_GetPClkFreq   clk.o
    0x00000790   0x00000790   0x0000001a   Code   RO          576    i.Clk_Init          clk.o
    0x000007aa   0x000007aa   0x00000002   PAD
    0x000007ac   0x000007ac   0x00000050   Code   RO          578    i.Clk_SetHClkDiv    clk.o
    0x000007fc   0x000007fc   0x0000003c   Code   RO          579    i.Clk_SetPClkDiv    clk.o
    0x00000838   0x00000838   0x0000002c   Code   RO          580    i.Clk_SetPeripheralGate  clk.o
    0x00000864   0x00000864   0x00000048   Code   RO          581    i.Clk_SetRCHFreq    clk.o
    0x000008ac   0x000008ac   0x00000048   Code   RO          583    i.Clk_SetRCL_StableTime  clk.o
    0x000008f4   0x000008f4   0x0000003c   Code   RO          585    i.Clk_SetSource     clk.o
    0x00000930   0x00000930   0x00000040   Code   RO          586    i.Clk_SetXTH_StableTime  clk.o
    0x00000970   0x00000970   0x00000040   Code   RO          588    i.Clk_SetXTL_StableTime  clk.o
    0x000009b0   0x000009b0   0x00000094   Code   RO          589    i.Clk_SwitchTo      clk.o
    0x00000a44   0x00000a44   0x0000008c   Code   RO          590    i.Clk_SysTickConfig  clk.o
    0x00000ad0   0x00000ad0   0x00000100   Code   RO          240    i.DebugInit         hallayer.o
    0x00000bd0   0x00000bd0   0x00000090   Code   RO          751    i.Gpio_InitIOExt    gpio.o
    0x00000c60   0x00000c60   0x00000024   Code   RO          752    i.Gpio_SetAnalog    gpio.o
    0x00000c84   0x00000c84   0x0000002c   Code   RO          755    i.Gpio_SetIO        gpio.o
    0x00000cb0   0x00000cb0   0x00000034   Code   RO          242    i.HAL_SystemInit    hallayer.o
    0x00000ce4   0x00000ce4   0x0000000c   Code   RO          385    i.HardFault_Handler  interrupts_hc32l110.o
    0x00000cf0   0x00000cf0   0x0000000a   Code   RO          386    i.IRQ000_Handler    interrupts_hc32l110.o
    0x00000cfa   0x00000cfa   0x0000000a   Code   RO          387    i.IRQ001_Handler    interrupts_hc32l110.o
    0x00000d04   0x00000d04   0x0000000a   Code   RO          388    i.IRQ002_Handler    interrupts_hc32l110.o
    0x00000d0e   0x00000d0e   0x0000000a   Code   RO          389    i.IRQ003_Handler    interrupts_hc32l110.o
    0x00000d18   0x00000d18   0x0000000a   Code   RO          390    i.IRQ006_Handler    interrupts_hc32l110.o
    0x00000d22   0x00000d22   0x0000000a   Code   RO          391    i.IRQ007_Handler    interrupts_hc32l110.o
    0x00000d2c   0x00000d2c   0x0000000a   Code   RO          392    i.IRQ008_Handler    interrupts_hc32l110.o
    0x00000d36   0x00000d36   0x0000000a   Code   RO          393    i.IRQ010_Handler    interrupts_hc32l110.o
    0x00000d40   0x00000d40   0x0000000a   Code   RO          394    i.IRQ012_Handler    interrupts_hc32l110.o
    0x00000d4a   0x00000d4a   0x0000000a   Code   RO          395    i.IRQ014_Handler    interrupts_hc32l110.o
    0x00000d54   0x00000d54   0x0000000a   Code   RO          396    i.IRQ015_Handler    interrupts_hc32l110.o
    0x00000d5e   0x00000d5e   0x0000000a   Code   RO          397    i.IRQ016_Handler    interrupts_hc32l110.o
    0x00000d68   0x00000d68   0x0000000a   Code   RO          398    i.IRQ017_Handler    interrupts_hc32l110.o
    0x00000d72   0x00000d72   0x0000000a   Code   RO          399    i.IRQ018_Handler    interrupts_hc32l110.o
    0x00000d7c   0x00000d7c   0x0000000a   Code   RO          400    i.IRQ019_Handler    interrupts_hc32l110.o
    0x00000d86   0x00000d86   0x0000000a   Code   RO          401    i.IRQ020_Handler    interrupts_hc32l110.o
    0x00000d90   0x00000d90   0x0000000a   Code   RO          402    i.IRQ021_Handler    interrupts_hc32l110.o
    0x00000d9a   0x00000d9a   0x0000000a   Code   RO          403    i.IRQ022_Handler    interrupts_hc32l110.o
    0x00000da4   0x00000da4   0x0000000a   Code   RO          404    i.IRQ023_Handler    interrupts_hc32l110.o
    0x00000dae   0x00000dae   0x0000000a   Code   RO          405    i.IRQ024_Handler    interrupts_hc32l110.o
    0x00000db8   0x00000db8   0x0000000a   Code   RO          406    i.IRQ026_Handler    interrupts_hc32l110.o
    0x00000dc2   0x00000dc2   0x0000000a   Code   RO          407    i.IRQ027_Handler    interrupts_hc32l110.o
    0x00000dcc   0x00000dcc   0x0000000a   Code   RO          408    i.IRQ028_Handler    interrupts_hc32l110.o
    0x00000dd6   0x00000dd6   0x0000000a   Code   RO          409    i.IRQ030_Handler    interrupts_hc32l110.o
    0x00000de0   0x00000de0   0x0000000a   Code   RO          410    i.IRQ031_Handler    interrupts_hc32l110.o
    0x00000dea   0x00000dea   0x00000002   PAD
    0x00000dec   0x00000dec   0x00000030   Code   RO         1140    i.LPUart_ClrStatus  lpuart.o
    0x00000e1c   0x00000e1c   0x00000030   Code   RO         1143    i.LPUart_EnableIrq  lpuart.o
    0x00000e4c   0x00000e4c   0x0000002c   Code   RO         1146    i.LPUart_GetStatus  lpuart.o
    0x00000e78   0x00000e78   0x0000008c   Code   RO         1147    i.LPUart_Init       lpuart.o
    0x00000f04   0x00000f04   0x00000030   Code   RO         1149    i.LPUart_SelSclk    lpuart.o
    0x00000f34   0x00000f34   0x0000001c   Code   RO         1150    i.LPUart_SelSclkPrs  lpuart.o
    0x00000f50   0x00000f50   0x00000028   Code   RO         1151    i.LPUart_SendData   lpuart.o
    0x00000f78   0x00000f78   0x00000054   Code   RO         1152    i.LPUart_SetBaudRate  lpuart.o
    0x00000fcc   0x00000fcc   0x00000048   Code   RO         1154    i.LPUart_SetMode    lpuart.o
    0x00001014   0x00001014   0x00000028   Code   RO         1155    i.LPUart_SetMultiMode  lpuart.o
    0x0000103c   0x0000103c   0x00000014   Code   RO          306    i.Log2              ddl.o
    0x00001050   0x00001050   0x00000080   Code   RO          244    i.Motor_Port_Init   hallayer.o
    0x000010d0   0x000010d0   0x00000002   Code   RO         2147    i.SVC_Handler       port.o
    0x000010d2   0x000010d2   0x00000002   PAD
    0x000010d4   0x000010d4   0x00000024   Code   RO         2148    i.SysTick_Handler   port.o
    0x000010f8   0x000010f8   0x00000010   Code   RO           12    i.SystemCoreClockUpdate  system_hc32l110.o
    0x00001108   0x00001108   0x00000034   Code   RO           13    i.SystemInit        system_hc32l110.o
    0x0000113c   0x0000113c   0x00000014   Code   RO         2524    i.__0printf$bare    mc_p.l(printfb.o)
    0x00001150   0x00001150   0x0000001a   Code   RO          731    i.__ARM_common_switch8  clk.o
    0x0000116a   0x0000116a   0x00000002   PAD
    0x0000116c   0x0000116c   0x00000018   Code   RO         1160    i.__NVIC_ClearPendingIRQ  lpuart.o
    0x00001184   0x00001184   0x00000044   Code   RO         1161    i.__NVIC_SetPriority  lpuart.o
    0x000011c8   0x000011c8   0x0000000e   Code   RO         2824    i.__scatterload_copy  mc_p.l(handlers.o)
    0x000011d6   0x000011d6   0x00000002   Code   RO         2825    i.__scatterload_null  mc_p.l(handlers.o)
    0x000011d8   0x000011d8   0x0000000e   Code   RO         2826    i.__scatterload_zeroinit  mc_p.l(handlers.o)
    0x000011e6   0x000011e6   0x0000001e   Code   RO         2531    i._printf_core      mc_p.l(printfb.o)
    0x00001204   0x00001204   0x00000012   Code   RO          310    i.ddl_memclr        ddl.o
    0x00001216   0x00001216   0x00000002   PAD
    0x00001218   0x00001218   0x00000038   Code   RO          311    i.delay100us        ddl.o
    0x00001250   0x00001250   0x00000038   Code   RO         1559    i.eTaskConfirmSleepModeStatus  tasks.o
    0x00001288   0x00001288   0x0000000e   Code   RO           94    i.fputc             main.o
    0x00001296   0x00001296   0x00000002   PAD
    0x00001298   0x00001298   0x00000080   Code   RO           95    i.main              main.o
    0x00001318   0x00001318   0x00000074   Code   RO         1562    i.prvAddCurrentTaskToDelayedList  tasks.o
    0x0000138c   0x0000138c   0x000000d4   Code   RO         1563    i.prvAddNewTaskToReadyList  tasks.o
    0x00001460   0x00001460   0x00000050   Code   RO         1937    i.prvCheckForValidListAndQueue  timers.o
    0x000014b0   0x000014b0   0x00000026   Code   RO         1355    i.prvCopyDataFromQueue  queue.o
    0x000014d6   0x000014d6   0x00000012   Code   RO         1564    i.prvDeleteTCB      tasks.o
    0x000014e8   0x000014e8   0x00000034   Code   RO         1565    i.prvGetExpectedIdleTime  tasks.o
    0x0000151c   0x0000151c   0x00000044   Code   RO         2083    i.prvHeapInit       heap_4.o
    0x00001560   0x00001560   0x00000070   Code   RO         1566    i.prvIdleTask       tasks.o
    0x000015d0   0x000015d0   0x00000096   Code   RO         1567    i.prvInitialiseNewTask  tasks.o
    0x00001666   0x00001666   0x00000002   PAD
    0x00001668   0x00001668   0x0000004c   Code   RO         2084    i.prvInsertBlockIntoFreeList  heap_4.o
    0x000016b4   0x000016b4   0x00000038   Code   RO         1938    i.prvInsertTimerInActiveList  timers.o
    0x000016ec   0x000016ec   0x0000001c   Code   RO         1357    i.prvIsQueueEmpty   queue.o
    0x00001708   0x00001708   0x0000003c   Code   RO         1939    i.prvProcessExpiredTimer  timers.o
    0x00001744   0x00001744   0x000000dc   Code   RO         1940    i.prvProcessReceivedCommands  timers.o
    0x00001820   0x00001820   0x00000060   Code   RO         1941    i.prvProcessTimerOrBlockTask  timers.o
    0x00001880   0x00001880   0x00000028   Code   RO         1942    i.prvReloadTimer    timers.o
    0x000018a8   0x000018a8   0x00000020   Code   RO         1569    i.prvResetNextTaskUnblockTime  tasks.o
    0x000018c8   0x000018c8   0x00000044   Code   RO         1943    i.prvSampleTimeNow  timers.o
    0x0000190c   0x0000190c   0x00000014   Code   RO         2149    i.prvTaskExitError  port.o
    0x00001920   0x00001920   0x0000002c   Code   RO         1944    i.prvTimerTask      timers.o
    0x0000194c   0x0000194c   0x00000070   Code   RO         1358    i.prvUnlockQueue    queue.o
    0x000019bc   0x000019bc   0x000000c4   Code   RO         2085    i.pvPortMalloc      heap_4.o
    0x00001a80   0x00001a80   0x00000020   Code   RO         2150    i.pxPortInitialiseStack  port.o
    0x00001aa0   0x00001aa0   0x00000028   Code   RO           96    i.testTask          main.o
    0x00001ac8   0x00001ac8   0x00000026   Code   RO         1294    i.uxListRemove      list.o
    0x00001aee   0x00001aee   0x00000016   Code   RO         1295    i.vListInitialise   list.o
    0x00001b04   0x00001b04   0x00000006   Code   RO         1296    i.vListInitialiseItem  list.o
    0x00001b0a   0x00001b0a   0x00000030   Code   RO         1297    i.vListInsert       list.o
    0x00001b3a   0x00001b3a   0x00000002   PAD
    0x00001b3c   0x00001b3c   0x00000018   Code   RO         2152    i.vPortEnterCritical  port.o
    0x00001b54   0x00001b54   0x0000001c   Code   RO         2153    i.vPortExitCritical  port.o
    0x00001b70   0x00001b70   0x00000048   Code   RO         2086    i.vPortFree         heap_4.o
    0x00001bb8   0x00001bb8   0x00000044   Code   RO         2154    i.vPortSetupTimerInterrupt  port.o
    0x00001bfc   0x00001bfc   0x000000dc   Code   RO         2155    i.vPortSuppressTicksAndSleep  port.o
    0x00001cd8   0x00001cd8   0x00000018   Code   RO         2156    i.vPortYield        port.o
    0x00001cf0   0x00001cf0   0x00000044   Code   RO         1364    i.vQueueAddToRegistry  queue.o
    0x00001d34   0x00001d34   0x00000044   Code   RO         1368    i.vQueueWaitForMessageRestricted  queue.o
    0x00001d78   0x00001d78   0x00000030   Code   RO         1580    i.vTaskDelay        tasks.o
    0x00001da8   0x00001da8   0x00000010   Code   RO         1585    i.vTaskInternalSetTimeOutState  tasks.o
    0x00001db8   0x00001db8   0x0000000c   Code   RO         1586    i.vTaskMissedYield  tasks.o
    0x00001dc4   0x00001dc4   0x00000024   Code   RO         1587    i.vTaskPlaceOnEventList  tasks.o
    0x00001de8   0x00001de8   0x00000048   Code   RO         1588    i.vTaskPlaceOnEventListRestricted  tasks.o
    0x00001e30   0x00001e30   0x00000058   Code   RO         1596    i.vTaskStartScheduler  tasks.o
    0x00001e88   0x00001e88   0x0000001c   Code   RO         1597    i.vTaskStepTick     tasks.o
    0x00001ea4   0x00001ea4   0x00000010   Code   RO         1599    i.vTaskSuspendAll   tasks.o
    0x00001eb4   0x00001eb4   0x00000058   Code   RO         1600    i.vTaskSwitchContext  tasks.o
    0x00001f0c   0x00001f0c   0x00000030   Code   RO         2157    i.xPortStartScheduler  port.o
    0x00001f3c   0x00001f3c   0x00000052   Code   RO         1371    i.xQueueGenericCreate  queue.o
    0x00001f8e   0x00001f8e   0x00000086   Code   RO         1372    i.xQueueGenericReset  queue.o
    0x00002014   0x00002014   0x00000104   Code   RO         1381    i.xQueueReceive     queue.o
    0x00002118   0x00002118   0x00000060   Code   RO         1602    i.xTaskCheckForTimeOut  tasks.o
    0x00002178   0x00002178   0x0000004e   Code   RO         1603    i.xTaskCreate       tasks.o
    0x000021c6   0x000021c6   0x00000002   PAD
    0x000021c8   0x000021c8   0x00000020   Code   RO         1610    i.xTaskGetSchedulerState  tasks.o
    0x000021e8   0x000021e8   0x0000000c   Code   RO         1611    i.xTaskGetTickCount  tasks.o
    0x000021f4   0x000021f4   0x0000011c   Code   RO         1613    i.xTaskIncrementTick  tasks.o
    0x00002310   0x00002310   0x000000cc   Code   RO         1616    i.xTaskRemoveFromEventList  tasks.o
    0x000023dc   0x000023dc   0x00000100   Code   RO         1617    i.xTaskResumeAll    tasks.o
    0x000024dc   0x000024dc   0x00000040   Code   RO         1952    i.xTimerCreateTimerTask  timers.o
    0x0000251c   0x0000251c   0x00000008   Data   RO          593    .constdata          clk.o
    0x00002524   0x00002524   0x00000020   Data   RO         2822    Region$$Table       anon$$obj.o


    Execution Region RW_IRAM1 (Exec base: 0x20000000, Load base: 0x00002544, Size: 0x000006d8, Max: 0x00001000, ABSOLUTE)

    Exec Addr    Load Addr    Size         Type   Attr      Idx    E Section Name        Object

    0x20000000   0x00002544   0x00000004   Data   RW           14    .data               system_hc32l110.o
    0x20000004   0x00002548   0x00000004   Data   RW          100    .data               main.o
    0x20000008   0x0000254c   0x00000004   Data   RW          313    .data               ddl.o
    0x2000000c   0x00002550   0x0000000c   Data   RW         1054    .data               bt.o
    0x20000018   0x0000255c   0x00000040   Data   RW         1620    .data               tasks.o
    0x20000058   0x0000259c   0x00000014   Data   RW         1959    .data               timers.o
    0x2000006c   0x000025b0   0x00000020   Data   RW         2092    .data               heap_4.o
    0x2000008c   0x000025d0   0x00000010   Data   RW         2158    .data               port.o
    0x2000009c        -       0x0000000c   Zero   RW         1162    .bss                lpuart.o
    0x200000a8        -       0x00000040   Zero   RW         1385    .bss                queue.o
    0x200000e8        -       0x000000c8   Zero   RW         1619    .bss                tasks.o
    0x200001b0        -       0x00000028   Zero   RW         1958    .bss                timers.o
    0x200001d8        -       0x00000400   Zero   RW         2091    .bss                heap_4.o
    0x200005d8        -       0x00000100   Zero   RW            1    STACK               startup_hc32l110.o


==============================================================================

Image component sizes


      Code (inc. data)   RO Data    RW Data    ZI Data      Debug   Object Name

       272         14          0          0          0       9829   adc.o
       524         24          0         12          0       3089   bt.o
      1308        154          8          0          0      18678   clk.o
        94         12          0          4          0       3415   ddl.o
       224         24          0          0          0       2303   gpio.o
       580         16          0          0          0       2301   hallayer.o
       412         22          0         32       1024       3939   heap_4.o
       262          0          0          0          0      11705   interrupts_hc32l110.o
       114          0          0          0          0       4965   list.o
       684         68          0          0         12       8184   lpuart.o
       182         74          0          4          0      74499   main.o
       622         74          0         16          0       7576   port.o
       790          4          0          0         64      10791   queue.o
        60         22        192          0        256        620   startup_hc32l110.o
        68         10          0          4          0      25455   system_hc32l110.o
      2114        154          0         64        200      25626   tasks.o
       728         74          0         20         40      12236   timers.o

    ----------------------------------------------------------------------
      9056        746        232        156       1596     225211   Object Totals
         0          0         32          0          0          0   (incl. Generated)
        18          0          0          0          0          0   (incl. Padding)

    ----------------------------------------------------------------------

      Code (inc. data)   RO Data    RW Data    ZI Data      Debug   Library Member Name

         0          0          0          0          0          0   entry.o
         0          0          0          0          0          0   entry10a.o
         0          0          0          0          0          0   entry11a.o
         8          4          0          0          0          0   entry2.o
         4          0          0          0          0          0   entry5.o
         0          0          0          0          0          0   entry7b.o
         0          0          0          0          0          0   entry8b.o
         8          4          0          0          0          0   entry9a.o
        30          0          0          0          0          0   handlers.o
        36          8          0          0          0         68   init.o
        36          0          0          0          0         60   memcpya.o
        36          0          0          0          0        100   memseta.o
        50          8          0          0          0        144   printfb.o
        44          0          0          0          0         72   uidiv.o

    ----------------------------------------------------------------------
       252         24          0          0          0        444   Library Totals
         0          0          0          0          0          0   (incl. Padding)

    ----------------------------------------------------------------------

      Code (inc. data)   RO Data    RW Data    ZI Data      Debug   Library Name

       252         24          0          0          0        444   mc_p.l

    ----------------------------------------------------------------------
       252         24          0          0          0        444   Library Totals

    ----------------------------------------------------------------------

==============================================================================


      Code (inc. data)   RO Data    RW Data    ZI Data      Debug   

      9308        770        232        156       1596     219815   Grand Totals
      9308        770        232        156       1596     219815   ELF Image Totals
      9308        770        232        156          0          0   ROM Totals

==============================================================================

    Total RO  Size (Code + RO Data)                 9540 (   9.32kB)
    Total RW  Size (RW Data + ZI Data)              1752 (   1.71kB)
    Total ROM Size (Code + RO Data + RW Data)       9696 (   9.47kB)

==============================================================================

