<!doctype html public "-//w3c//dtd html 4.0 transitional//en">
<html><head>
<title>Static Call Graph - [.\Objects\toothPick.axf]</title></head>
<body><HR>
<H1>Static Call Graph for image .\Objects\toothPick.axf</H1><HR>
<BR><P>#&#060CALLGRAPH&#062# ARM Linker, 5060750: Last Updated: Mon Nov 01 19:18:36 2021
<BR><P>
<H3>Maximum Stack Usage =        148 bytes + Unknown(Cycles, Untraceable Function Pointers)</H3><H3>
Call chain for Maximum Stack Depth:</H3>
main &rArr; HAL_SystemInit &rArr; DebugInit &rArr; LPUart_SetBaudRate &rArr; __aeabi_uidivmod
<P>
<H3>
Mutually Recursive functions
</H3> <LI><a href="#[1]">NMI_Handler</a>&nbsp;&nbsp;&nbsp;&rArr;&nbsp;&nbsp;&nbsp;<a href="#[1]">NMI_Handler</a><BR>
 <LI><a href="#[3]">SVC_Handler</a>&nbsp;&nbsp;&nbsp;&rArr;&nbsp;&nbsp;&nbsp;<a href="#[3]">SVC_Handler</a><BR>
 <LI><a href="#[4]">PendSV_Handler</a>&nbsp;&nbsp;&nbsp;&rArr;&nbsp;&nbsp;&nbsp;<a href="#[4]">PendSV_Handler</a><BR>
 <LI><a href="#[5]">SysTick_Handler</a>&nbsp;&nbsp;&nbsp;&rArr;&nbsp;&nbsp;&nbsp;<a href="#[5]">SysTick_Handler</a><BR>
 <LI><a href="#[a]">IRQ004_Handler</a>&nbsp;&nbsp;&nbsp;&rArr;&nbsp;&nbsp;&nbsp;<a href="#[a]">IRQ004_Handler</a><BR>
</UL>
<P>
<H3>
Function Pointers
</H3><UL>
 <LI><a href="#[2]">HardFault_Handler</a> from interrupts_hc32l110.o(i.HardFault_Handler) referenced from startup_hc32l110.o(RESET)
 <LI><a href="#[6]">IRQ000_Handler</a> from interrupts_hc32l110.o(i.IRQ000_Handler) referenced from startup_hc32l110.o(RESET)
 <LI><a href="#[7]">IRQ001_Handler</a> from interrupts_hc32l110.o(i.IRQ001_Handler) referenced from startup_hc32l110.o(RESET)
 <LI><a href="#[8]">IRQ002_Handler</a> from interrupts_hc32l110.o(i.IRQ002_Handler) referenced from startup_hc32l110.o(RESET)
 <LI><a href="#[9]">IRQ003_Handler</a> from interrupts_hc32l110.o(i.IRQ003_Handler) referenced from startup_hc32l110.o(RESET)
 <LI><a href="#[a]">IRQ004_Handler</a> from startup_hc32l110.o(.text) referenced from startup_hc32l110.o(RESET)
 <LI><a href="#[b]">IRQ005_Handler</a> from startup_hc32l110.o(.text) referenced from startup_hc32l110.o(RESET)
 <LI><a href="#[c]">IRQ006_Handler</a> from interrupts_hc32l110.o(i.IRQ006_Handler) referenced from startup_hc32l110.o(RESET)
 <LI><a href="#[d]">IRQ007_Handler</a> from interrupts_hc32l110.o(i.IRQ007_Handler) referenced from startup_hc32l110.o(RESET)
 <LI><a href="#[e]">IRQ008_Handler</a> from interrupts_hc32l110.o(i.IRQ008_Handler) referenced from startup_hc32l110.o(RESET)
 <LI><a href="#[f]">IRQ009_Handler</a> from startup_hc32l110.o(.text) referenced from startup_hc32l110.o(RESET)
 <LI><a href="#[10]">IRQ010_Handler</a> from interrupts_hc32l110.o(i.IRQ010_Handler) referenced from startup_hc32l110.o(RESET)
 <LI><a href="#[11]">IRQ011_Handler</a> from startup_hc32l110.o(.text) referenced from startup_hc32l110.o(RESET)
 <LI><a href="#[12]">IRQ012_Handler</a> from interrupts_hc32l110.o(i.IRQ012_Handler) referenced from startup_hc32l110.o(RESET)
 <LI><a href="#[13]">IRQ013_Handler</a> from startup_hc32l110.o(.text) referenced from startup_hc32l110.o(RESET)
 <LI><a href="#[14]">IRQ014_Handler</a> from interrupts_hc32l110.o(i.IRQ014_Handler) referenced from startup_hc32l110.o(RESET)
 <LI><a href="#[15]">IRQ015_Handler</a> from interrupts_hc32l110.o(i.IRQ015_Handler) referenced from startup_hc32l110.o(RESET)
 <LI><a href="#[16]">IRQ016_Handler</a> from interrupts_hc32l110.o(i.IRQ016_Handler) referenced from startup_hc32l110.o(RESET)
 <LI><a href="#[17]">IRQ017_Handler</a> from interrupts_hc32l110.o(i.IRQ017_Handler) referenced from startup_hc32l110.o(RESET)
 <LI><a href="#[18]">IRQ018_Handler</a> from interrupts_hc32l110.o(i.IRQ018_Handler) referenced from startup_hc32l110.o(RESET)
 <LI><a href="#[19]">IRQ019_Handler</a> from interrupts_hc32l110.o(i.IRQ019_Handler) referenced from startup_hc32l110.o(RESET)
 <LI><a href="#[1a]">IRQ020_Handler</a> from interrupts_hc32l110.o(i.IRQ020_Handler) referenced from startup_hc32l110.o(RESET)
 <LI><a href="#[1b]">IRQ021_Handler</a> from interrupts_hc32l110.o(i.IRQ021_Handler) referenced from startup_hc32l110.o(RESET)
 <LI><a href="#[1c]">IRQ022_Handler</a> from interrupts_hc32l110.o(i.IRQ022_Handler) referenced from startup_hc32l110.o(RESET)
 <LI><a href="#[1d]">IRQ023_Handler</a> from interrupts_hc32l110.o(i.IRQ023_Handler) referenced from startup_hc32l110.o(RESET)
 <LI><a href="#[1e]">IRQ024_Handler</a> from interrupts_hc32l110.o(i.IRQ024_Handler) referenced from startup_hc32l110.o(RESET)
 <LI><a href="#[1f]">IRQ025_Handler</a> from startup_hc32l110.o(.text) referenced from startup_hc32l110.o(RESET)
 <LI><a href="#[20]">IRQ026_Handler</a> from interrupts_hc32l110.o(i.IRQ026_Handler) referenced from startup_hc32l110.o(RESET)
 <LI><a href="#[21]">IRQ027_Handler</a> from interrupts_hc32l110.o(i.IRQ027_Handler) referenced from startup_hc32l110.o(RESET)
 <LI><a href="#[22]">IRQ028_Handler</a> from interrupts_hc32l110.o(i.IRQ028_Handler) referenced from startup_hc32l110.o(RESET)
 <LI><a href="#[23]">IRQ029_Handler</a> from startup_hc32l110.o(.text) referenced from startup_hc32l110.o(RESET)
 <LI><a href="#[24]">IRQ030_Handler</a> from interrupts_hc32l110.o(i.IRQ030_Handler) referenced from startup_hc32l110.o(RESET)
 <LI><a href="#[25]">IRQ031_Handler</a> from interrupts_hc32l110.o(i.IRQ031_Handler) referenced from startup_hc32l110.o(RESET)
 <LI><a href="#[29]">MainTask</a> from timetask.o(i.MainTask) referenced from timetask.o(i.MainTask)
 <LI><a href="#[29]">MainTask</a> from timetask.o(i.MainTask) referenced from timetask.o(i.StartTaskScheduler)
 <LI><a href="#[1]">NMI_Handler</a> from startup_hc32l110.o(.text) referenced from startup_hc32l110.o(RESET)
 <LI><a href="#[4]">PendSV_Handler</a> from startup_hc32l110.o(.text) referenced from startup_hc32l110.o(RESET)
 <LI><a href="#[0]">Reset_Handler</a> from startup_hc32l110.o(.text) referenced from startup_hc32l110.o(RESET)
 <LI><a href="#[3]">SVC_Handler</a> from startup_hc32l110.o(.text) referenced from startup_hc32l110.o(RESET)
 <LI><a href="#[5]">SysTick_Handler</a> from startup_hc32l110.o(.text) referenced from startup_hc32l110.o(RESET)
 <LI><a href="#[27]">SystemInit</a> from system_hc32l110.o(i.SystemInit) referenced from startup_hc32l110.o(.text)
 <LI><a href="#[28]">__main</a> from entry.o(.ARM.Collect$$$$00000000) referenced from startup_hc32l110.o(.text)
 <LI><a href="#[2a]">fputc</a> from main.o(i.fputc) referenced from printfb.o(i.__0printf$bare)
 <LI><a href="#[26]">main</a> from main.o(i.main) referenced from entry9a.o(.ARM.Collect$$$$0000000B)
</UL>
<P>
<H3>
Global Symbols
</H3>
<P><STRONG><a name="[28]"></a>__main</STRONG> (Thumb, 0 bytes, Stack size unknown bytes, entry.o(.ARM.Collect$$$$00000000))
<BR>[Address Reference Count : 1]<UL><LI> startup_hc32l110.o(.text)
</UL>
<P><STRONG><a name="[72]"></a>_main_stk</STRONG> (Thumb, 0 bytes, Stack size unknown bytes, entry2.o(.ARM.Collect$$$$00000001))

<P><STRONG><a name="[2b]"></a>_main_scatterload</STRONG> (Thumb, 0 bytes, Stack size unknown bytes, entry5.o(.ARM.Collect$$$$00000004))
<BR><BR>[Calls]<UL><LI><a href="#[2c]">&gt;&gt;</a>&nbsp;&nbsp;&nbsp;__scatterload
</UL>

<P><STRONG><a name="[2d]"></a>__main_after_scatterload</STRONG> (Thumb, 0 bytes, Stack size unknown bytes, entry5.o(.ARM.Collect$$$$00000004))
<BR><BR>[Called By]<UL><LI><a href="#[2c]">&gt;&gt;</a>&nbsp;&nbsp;&nbsp;__scatterload
</UL>

<P><STRONG><a name="[73]"></a>_main_clock</STRONG> (Thumb, 0 bytes, Stack size unknown bytes, entry7b.o(.ARM.Collect$$$$00000008))

<P><STRONG><a name="[74]"></a>_main_cpp_init</STRONG> (Thumb, 0 bytes, Stack size unknown bytes, entry8b.o(.ARM.Collect$$$$0000000A))

<P><STRONG><a name="[75]"></a>_main_init</STRONG> (Thumb, 0 bytes, Stack size unknown bytes, entry9a.o(.ARM.Collect$$$$0000000B))

<P><STRONG><a name="[76]"></a>__rt_final_cpp</STRONG> (Thumb, 0 bytes, Stack size unknown bytes, entry10a.o(.ARM.Collect$$$$0000000D))

<P><STRONG><a name="[77]"></a>__rt_final_exit</STRONG> (Thumb, 0 bytes, Stack size unknown bytes, entry11a.o(.ARM.Collect$$$$0000000F))

<P><STRONG><a name="[0]"></a>Reset_Handler</STRONG> (Thumb, 26 bytes, Stack size 0 bytes, startup_hc32l110.o(.text))
<BR>[Address Reference Count : 1]<UL><LI> startup_hc32l110.o(RESET)
</UL>
<P><STRONG><a name="[1]"></a>NMI_Handler</STRONG> (Thumb, 2 bytes, Stack size 0 bytes, startup_hc32l110.o(.text))
<BR><BR>[Calls]<UL><LI><a href="#[1]">&gt;&gt;</a>&nbsp;&nbsp;&nbsp;NMI_Handler
</UL>
<BR>[Called By]<UL><LI><a href="#[1]">&gt;&gt;</a>&nbsp;&nbsp;&nbsp;NMI_Handler
</UL>
<BR>[Address Reference Count : 1]<UL><LI> startup_hc32l110.o(RESET)
</UL>
<P><STRONG><a name="[3]"></a>SVC_Handler</STRONG> (Thumb, 2 bytes, Stack size 0 bytes, startup_hc32l110.o(.text))
<BR><BR>[Calls]<UL><LI><a href="#[3]">&gt;&gt;</a>&nbsp;&nbsp;&nbsp;SVC_Handler
</UL>
<BR>[Called By]<UL><LI><a href="#[3]">&gt;&gt;</a>&nbsp;&nbsp;&nbsp;SVC_Handler
</UL>
<BR>[Address Reference Count : 1]<UL><LI> startup_hc32l110.o(RESET)
</UL>
<P><STRONG><a name="[4]"></a>PendSV_Handler</STRONG> (Thumb, 2 bytes, Stack size 0 bytes, startup_hc32l110.o(.text))
<BR><BR>[Calls]<UL><LI><a href="#[4]">&gt;&gt;</a>&nbsp;&nbsp;&nbsp;PendSV_Handler
</UL>
<BR>[Called By]<UL><LI><a href="#[4]">&gt;&gt;</a>&nbsp;&nbsp;&nbsp;PendSV_Handler
</UL>
<BR>[Address Reference Count : 1]<UL><LI> startup_hc32l110.o(RESET)
</UL>
<P><STRONG><a name="[5]"></a>SysTick_Handler</STRONG> (Thumb, 2 bytes, Stack size 0 bytes, startup_hc32l110.o(.text))
<BR><BR>[Calls]<UL><LI><a href="#[5]">&gt;&gt;</a>&nbsp;&nbsp;&nbsp;SysTick_Handler
</UL>
<BR>[Called By]<UL><LI><a href="#[5]">&gt;&gt;</a>&nbsp;&nbsp;&nbsp;SysTick_Handler
</UL>
<BR>[Address Reference Count : 1]<UL><LI> startup_hc32l110.o(RESET)
</UL>
<P><STRONG><a name="[a]"></a>IRQ004_Handler</STRONG> (Thumb, 0 bytes, Stack size 0 bytes, startup_hc32l110.o(.text))
<BR><BR>[Calls]<UL><LI><a href="#[a]">&gt;&gt;</a>&nbsp;&nbsp;&nbsp;IRQ004_Handler
</UL>
<BR>[Called By]<UL><LI><a href="#[a]">&gt;&gt;</a>&nbsp;&nbsp;&nbsp;IRQ004_Handler
</UL>
<BR>[Address Reference Count : 1]<UL><LI> startup_hc32l110.o(RESET)
</UL>
<P><STRONG><a name="[b]"></a>IRQ005_Handler</STRONG> (Thumb, 0 bytes, Stack size 0 bytes, startup_hc32l110.o(.text))
<BR>[Address Reference Count : 1]<UL><LI> startup_hc32l110.o(RESET)
</UL>
<P><STRONG><a name="[f]"></a>IRQ009_Handler</STRONG> (Thumb, 0 bytes, Stack size 0 bytes, startup_hc32l110.o(.text))
<BR>[Address Reference Count : 1]<UL><LI> startup_hc32l110.o(RESET)
</UL>
<P><STRONG><a name="[11]"></a>IRQ011_Handler</STRONG> (Thumb, 0 bytes, Stack size 0 bytes, startup_hc32l110.o(.text))
<BR>[Address Reference Count : 1]<UL><LI> startup_hc32l110.o(RESET)
</UL>
<P><STRONG><a name="[13]"></a>IRQ013_Handler</STRONG> (Thumb, 0 bytes, Stack size 0 bytes, startup_hc32l110.o(.text))
<BR>[Address Reference Count : 1]<UL><LI> startup_hc32l110.o(RESET)
</UL>
<P><STRONG><a name="[1f]"></a>IRQ025_Handler</STRONG> (Thumb, 0 bytes, Stack size 0 bytes, startup_hc32l110.o(.text))
<BR>[Address Reference Count : 1]<UL><LI> startup_hc32l110.o(RESET)
</UL>
<P><STRONG><a name="[23]"></a>IRQ029_Handler</STRONG> (Thumb, 0 bytes, Stack size 0 bytes, startup_hc32l110.o(.text))
<BR>[Address Reference Count : 1]<UL><LI> startup_hc32l110.o(RESET)
</UL>
<P><STRONG><a name="[78]"></a>__aeabi_uidiv</STRONG> (Thumb, 0 bytes, Stack size 12 bytes, uidiv.o(.text), UNUSED)

<P><STRONG><a name="[69]"></a>__aeabi_uidivmod</STRONG> (Thumb, 44 bytes, Stack size 12 bytes, uidiv.o(.text))
<BR><BR>[Stack]<UL><LI>Max Depth = 12<LI>Call Chain = __aeabi_uidivmod
</UL>
<BR>[Called By]<UL><LI><a href="#[33]">&gt;&gt;</a>&nbsp;&nbsp;&nbsp;delay100us
<LI><a href="#[4c]">&gt;&gt;</a>&nbsp;&nbsp;&nbsp;LPUart_SetBaudRate
</UL>

<P><STRONG><a name="[2c]"></a>__scatterload</STRONG> (Thumb, 28 bytes, Stack size 0 bytes, init.o(.text))
<BR><BR>[Calls]<UL><LI><a href="#[2d]">&gt;&gt;</a>&nbsp;&nbsp;&nbsp;__main_after_scatterload
</UL>
<BR>[Called By]<UL><LI><a href="#[2b]">&gt;&gt;</a>&nbsp;&nbsp;&nbsp;_main_scatterload
</UL>

<P><STRONG><a name="[79]"></a>__scatterload_rt2</STRONG> (Thumb, 0 bytes, Stack size 0 bytes, init.o(.text), UNUSED)

<P><STRONG><a name="[2e]"></a>AdcInit</STRONG> (Thumb, 138 bytes, Stack size 40 bytes, hallayer.o(i.AdcInit))
<BR><BR>[Stack]<UL><LI>Max Depth = 76<LI>Call Chain = AdcInit &rArr; delay100us &rArr; __aeabi_uidivmod
</UL>
<BR>[Calls]<UL><LI><a href="#[33]">&gt;&gt;</a>&nbsp;&nbsp;&nbsp;delay100us
<LI><a href="#[31]">&gt;&gt;</a>&nbsp;&nbsp;&nbsp;Gpio_SetAnalog
<LI><a href="#[30]">&gt;&gt;</a>&nbsp;&nbsp;&nbsp;Clk_SetPeripheralGate
<LI><a href="#[34]">&gt;&gt;</a>&nbsp;&nbsp;&nbsp;Adc_Init
<LI><a href="#[32]">&gt;&gt;</a>&nbsp;&nbsp;&nbsp;Adc_Enable
<LI><a href="#[35]">&gt;&gt;</a>&nbsp;&nbsp;&nbsp;Adc_ConfigNormMode
<LI><a href="#[2f]">&gt;&gt;</a>&nbsp;&nbsp;&nbsp;ddl_memclr
</UL>
<BR>[Called By]<UL><LI><a href="#[51]">&gt;&gt;</a>&nbsp;&nbsp;&nbsp;HAL_SystemInit
</UL>

<P><STRONG><a name="[35]"></a>Adc_ConfigNormMode</STRONG> (Thumb, 62 bytes, Stack size 0 bytes, adc.o(i.Adc_ConfigNormMode))
<BR><BR>[Called By]<UL><LI><a href="#[2e]">&gt;&gt;</a>&nbsp;&nbsp;&nbsp;AdcInit
</UL>

<P><STRONG><a name="[32]"></a>Adc_Enable</STRONG> (Thumb, 12 bytes, Stack size 0 bytes, adc.o(i.Adc_Enable))
<BR><BR>[Called By]<UL><LI><a href="#[2e]">&gt;&gt;</a>&nbsp;&nbsp;&nbsp;AdcInit
</UL>

<P><STRONG><a name="[34]"></a>Adc_Init</STRONG> (Thumb, 184 bytes, Stack size 8 bytes, adc.o(i.Adc_Init))
<BR><BR>[Stack]<UL><LI>Max Depth = 8<LI>Call Chain = Adc_Init
</UL>
<BR>[Called By]<UL><LI><a href="#[2e]">&gt;&gt;</a>&nbsp;&nbsp;&nbsp;AdcInit
</UL>

<P><STRONG><a name="[4e]"></a>Bt_ARRSet</STRONG> (Thumb, 62 bytes, Stack size 0 bytes, bt.o(i.Bt_ARRSet))
<BR><BR>[Called By]<UL><LI><a href="#[48]">&gt;&gt;</a>&nbsp;&nbsp;&nbsp;DebugInit
</UL>

<P><STRONG><a name="[4f]"></a>Bt_Cnt16Set</STRONG> (Thumb, 62 bytes, Stack size 0 bytes, bt.o(i.Bt_Cnt16Set))
<BR><BR>[Called By]<UL><LI><a href="#[48]">&gt;&gt;</a>&nbsp;&nbsp;&nbsp;DebugInit
</UL>

<P><STRONG><a name="[4d]"></a>Bt_Init</STRONG> (Thumb, 324 bytes, Stack size 20 bytes, bt.o(i.Bt_Init))
<BR><BR>[Stack]<UL><LI>Max Depth = 20<LI>Call Chain = Bt_Init
</UL>
<BR>[Called By]<UL><LI><a href="#[48]">&gt;&gt;</a>&nbsp;&nbsp;&nbsp;DebugInit
</UL>

<P><STRONG><a name="[50]"></a>Bt_Run</STRONG> (Thumb, 52 bytes, Stack size 0 bytes, bt.o(i.Bt_Run))
<BR><BR>[Called By]<UL><LI><a href="#[48]">&gt;&gt;</a>&nbsp;&nbsp;&nbsp;DebugInit
</UL>

<P><STRONG><a name="[36]"></a>Clk_Enable</STRONG> (Thumb, 180 bytes, Stack size 24 bytes, clk.o(i.Clk_Enable))
<BR><BR>[Stack]<UL><LI>Max Depth = 24<LI>Call Chain = Clk_Enable
</UL>
<BR>[Calls]<UL><LI><a href="#[38]">&gt;&gt;</a>&nbsp;&nbsp;&nbsp;ClkWriteDummy
<LI><a href="#[37]">&gt;&gt;</a>&nbsp;&nbsp;&nbsp;ClkUnlock
</UL>
<BR>[Called By]<UL><LI><a href="#[3c]">&gt;&gt;</a>&nbsp;&nbsp;&nbsp;Clk_SwitchTo
<LI><a href="#[27]">&gt;&gt;</a>&nbsp;&nbsp;&nbsp;SystemInit
</UL>

<P><STRONG><a name="[46]"></a>Clk_GetClkRdy</STRONG> (Thumb, 46 bytes, Stack size 0 bytes, clk.o(i.Clk_GetClkRdy))
<BR><BR>[Called By]<UL><LI><a href="#[3c]">&gt;&gt;</a>&nbsp;&nbsp;&nbsp;Clk_SwitchTo
</UL>

<P><STRONG><a name="[3a]"></a>Clk_GetHClkFreq</STRONG> (Thumb, 112 bytes, Stack size 16 bytes, clk.o(i.Clk_GetHClkFreq))
<BR><BR>[Stack]<UL><LI>Max Depth = 16<LI>Call Chain = Clk_GetHClkFreq
</UL>
<BR>[Called By]<UL><LI><a href="#[39]">&gt;&gt;</a>&nbsp;&nbsp;&nbsp;Clk_GetPClkFreq
<LI><a href="#[47]">&gt;&gt;</a>&nbsp;&nbsp;&nbsp;SystemCoreClockUpdate
</UL>

<P><STRONG><a name="[39]"></a>Clk_GetPClkFreq</STRONG> (Thumb, 18 bytes, Stack size 4 bytes, clk.o(i.Clk_GetPClkFreq))
<BR><BR>[Stack]<UL><LI>Max Depth = 20<LI>Call Chain = Clk_GetPClkFreq &rArr; Clk_GetHClkFreq
</UL>
<BR>[Calls]<UL><LI><a href="#[3a]">&gt;&gt;</a>&nbsp;&nbsp;&nbsp;Clk_GetHClkFreq
</UL>
<BR>[Called By]<UL><LI><a href="#[48]">&gt;&gt;</a>&nbsp;&nbsp;&nbsp;DebugInit
</UL>

<P><STRONG><a name="[3b]"></a>Clk_Init</STRONG> (Thumb, 26 bytes, Stack size 8 bytes, clk.o(i.Clk_Init))
<BR><BR>[Stack]<UL><LI>Max Depth = 56<LI>Call Chain = Clk_Init &rArr; Clk_SwitchTo &rArr; Clk_Enable
</UL>
<BR>[Calls]<UL><LI><a href="#[3e]">&gt;&gt;</a>&nbsp;&nbsp;&nbsp;Clk_SetPClkDiv
<LI><a href="#[3d]">&gt;&gt;</a>&nbsp;&nbsp;&nbsp;Clk_SetHClkDiv
<LI><a href="#[3c]">&gt;&gt;</a>&nbsp;&nbsp;&nbsp;Clk_SwitchTo
</UL>
<BR>[Called By]<UL><LI><a href="#[51]">&gt;&gt;</a>&nbsp;&nbsp;&nbsp;HAL_SystemInit
</UL>

<P><STRONG><a name="[3d]"></a>Clk_SetHClkDiv</STRONG> (Thumb, 76 bytes, Stack size 8 bytes, clk.o(i.Clk_SetHClkDiv))
<BR><BR>[Stack]<UL><LI>Max Depth = 8<LI>Call Chain = Clk_SetHClkDiv
</UL>
<BR>[Calls]<UL><LI><a href="#[37]">&gt;&gt;</a>&nbsp;&nbsp;&nbsp;ClkUnlock
<LI><a href="#[3f]">&gt;&gt;</a>&nbsp;&nbsp;&nbsp;Log2
</UL>
<BR>[Called By]<UL><LI><a href="#[3b]">&gt;&gt;</a>&nbsp;&nbsp;&nbsp;Clk_Init
</UL>

<P><STRONG><a name="[3e]"></a>Clk_SetPClkDiv</STRONG> (Thumb, 56 bytes, Stack size 8 bytes, clk.o(i.Clk_SetPClkDiv))
<BR><BR>[Stack]<UL><LI>Max Depth = 8<LI>Call Chain = Clk_SetPClkDiv
</UL>
<BR>[Calls]<UL><LI><a href="#[37]">&gt;&gt;</a>&nbsp;&nbsp;&nbsp;ClkUnlock
<LI><a href="#[3f]">&gt;&gt;</a>&nbsp;&nbsp;&nbsp;Log2
</UL>
<BR>[Called By]<UL><LI><a href="#[3b]">&gt;&gt;</a>&nbsp;&nbsp;&nbsp;Clk_Init
</UL>

<P><STRONG><a name="[30]"></a>Clk_SetPeripheralGate</STRONG> (Thumb, 38 bytes, Stack size 8 bytes, clk.o(i.Clk_SetPeripheralGate))
<BR><BR>[Stack]<UL><LI>Max Depth = 8<LI>Call Chain = Clk_SetPeripheralGate
</UL>
<BR>[Called By]<UL><LI><a href="#[52]">&gt;&gt;</a>&nbsp;&nbsp;&nbsp;Motor_Port_Init
<LI><a href="#[48]">&gt;&gt;</a>&nbsp;&nbsp;&nbsp;DebugInit
<LI><a href="#[2e]">&gt;&gt;</a>&nbsp;&nbsp;&nbsp;AdcInit
</UL>

<P><STRONG><a name="[40]"></a>Clk_SetRCHFreq</STRONG> (Thumb, 64 bytes, Stack size 8 bytes, clk.o(i.Clk_SetRCHFreq))
<BR><BR>[Stack]<UL><LI>Max Depth = 16<LI>Call Chain = Clk_SetRCHFreq &rArr; __ARM_common_switch8
</UL>
<BR>[Calls]<UL><LI><a href="#[41]">&gt;&gt;</a>&nbsp;&nbsp;&nbsp;__ARM_common_switch8
</UL>
<BR>[Called By]<UL><LI><a href="#[51]">&gt;&gt;</a>&nbsp;&nbsp;&nbsp;HAL_SystemInit
<LI><a href="#[27]">&gt;&gt;</a>&nbsp;&nbsp;&nbsp;SystemInit
</UL>

<P><STRONG><a name="[44]"></a>Clk_SetRCL_StableTime</STRONG> (Thumb, 68 bytes, Stack size 0 bytes, clk.o(i.Clk_SetRCL_StableTime))
<BR><BR>[Called By]<UL><LI><a href="#[3c]">&gt;&gt;</a>&nbsp;&nbsp;&nbsp;Clk_SwitchTo
</UL>

<P><STRONG><a name="[42]"></a>Clk_SetSource</STRONG> (Thumb, 54 bytes, Stack size 16 bytes, clk.o(i.Clk_SetSource))
<BR><BR>[Stack]<UL><LI>Max Depth = 16<LI>Call Chain = Clk_SetSource
</UL>
<BR>[Calls]<UL><LI><a href="#[38]">&gt;&gt;</a>&nbsp;&nbsp;&nbsp;ClkWriteDummy
<LI><a href="#[37]">&gt;&gt;</a>&nbsp;&nbsp;&nbsp;ClkUnlock
</UL>
<BR>[Called By]<UL><LI><a href="#[3c]">&gt;&gt;</a>&nbsp;&nbsp;&nbsp;Clk_SwitchTo
</UL>

<P><STRONG><a name="[43]"></a>Clk_SetXTH_StableTime</STRONG> (Thumb, 58 bytes, Stack size 0 bytes, clk.o(i.Clk_SetXTH_StableTime))
<BR><BR>[Called By]<UL><LI><a href="#[3c]">&gt;&gt;</a>&nbsp;&nbsp;&nbsp;Clk_SwitchTo
</UL>

<P><STRONG><a name="[45]"></a>Clk_SetXTL_StableTime</STRONG> (Thumb, 58 bytes, Stack size 0 bytes, clk.o(i.Clk_SetXTL_StableTime))
<BR><BR>[Called By]<UL><LI><a href="#[3c]">&gt;&gt;</a>&nbsp;&nbsp;&nbsp;Clk_SwitchTo
</UL>

<P><STRONG><a name="[3c]"></a>Clk_SwitchTo</STRONG> (Thumb, 130 bytes, Stack size 24 bytes, clk.o(i.Clk_SwitchTo))
<BR><BR>[Stack]<UL><LI>Max Depth = 48<LI>Call Chain = Clk_SwitchTo &rArr; Clk_Enable
</UL>
<BR>[Calls]<UL><LI><a href="#[45]">&gt;&gt;</a>&nbsp;&nbsp;&nbsp;Clk_SetXTL_StableTime
<LI><a href="#[43]">&gt;&gt;</a>&nbsp;&nbsp;&nbsp;Clk_SetXTH_StableTime
<LI><a href="#[42]">&gt;&gt;</a>&nbsp;&nbsp;&nbsp;Clk_SetSource
<LI><a href="#[44]">&gt;&gt;</a>&nbsp;&nbsp;&nbsp;Clk_SetRCL_StableTime
<LI><a href="#[46]">&gt;&gt;</a>&nbsp;&nbsp;&nbsp;Clk_GetClkRdy
<LI><a href="#[36]">&gt;&gt;</a>&nbsp;&nbsp;&nbsp;Clk_Enable
<LI><a href="#[47]">&gt;&gt;</a>&nbsp;&nbsp;&nbsp;SystemCoreClockUpdate
</UL>
<BR>[Called By]<UL><LI><a href="#[3b]">&gt;&gt;</a>&nbsp;&nbsp;&nbsp;Clk_Init
<LI><a href="#[51]">&gt;&gt;</a>&nbsp;&nbsp;&nbsp;HAL_SystemInit
</UL>

<P><STRONG><a name="[6f]"></a>Clk_SysTickConfig</STRONG> (Thumb, 126 bytes, Stack size 0 bytes, clk.o(i.Clk_SysTickConfig))
<BR><BR>[Called By]<UL><LI><a href="#[27]">&gt;&gt;</a>&nbsp;&nbsp;&nbsp;SystemInit
</UL>

<P><STRONG><a name="[48]"></a>DebugInit</STRONG> (Thumb, 246 bytes, Stack size 104 bytes, hallayer.o(i.DebugInit))
<BR><BR>[Stack]<UL><LI>Max Depth = 132<LI>Call Chain = DebugInit &rArr; LPUart_SetBaudRate &rArr; __aeabi_uidivmod
</UL>
<BR>[Calls]<UL><LI><a href="#[4c]">&gt;&gt;</a>&nbsp;&nbsp;&nbsp;LPUart_SetBaudRate
<LI><a href="#[4b]">&gt;&gt;</a>&nbsp;&nbsp;&nbsp;LPUart_Init
<LI><a href="#[4a]">&gt;&gt;</a>&nbsp;&nbsp;&nbsp;LPUart_EnableIrq
<LI><a href="#[49]">&gt;&gt;</a>&nbsp;&nbsp;&nbsp;Gpio_InitIOExt
<LI><a href="#[30]">&gt;&gt;</a>&nbsp;&nbsp;&nbsp;Clk_SetPeripheralGate
<LI><a href="#[39]">&gt;&gt;</a>&nbsp;&nbsp;&nbsp;Clk_GetPClkFreq
<LI><a href="#[50]">&gt;&gt;</a>&nbsp;&nbsp;&nbsp;Bt_Run
<LI><a href="#[4d]">&gt;&gt;</a>&nbsp;&nbsp;&nbsp;Bt_Init
<LI><a href="#[4f]">&gt;&gt;</a>&nbsp;&nbsp;&nbsp;Bt_Cnt16Set
<LI><a href="#[4e]">&gt;&gt;</a>&nbsp;&nbsp;&nbsp;Bt_ARRSet
<LI><a href="#[2f]">&gt;&gt;</a>&nbsp;&nbsp;&nbsp;ddl_memclr
</UL>
<BR>[Called By]<UL><LI><a href="#[51]">&gt;&gt;</a>&nbsp;&nbsp;&nbsp;HAL_SystemInit
</UL>

<P><STRONG><a name="[49]"></a>Gpio_InitIOExt</STRONG> (Thumb, 132 bytes, Stack size 20 bytes, gpio.o(i.Gpio_InitIOExt))
<BR><BR>[Stack]<UL><LI>Max Depth = 28<LI>Call Chain = Gpio_InitIOExt &rArr; Gpio_SetAnalog
</UL>
<BR>[Calls]<UL><LI><a href="#[31]">&gt;&gt;</a>&nbsp;&nbsp;&nbsp;Gpio_SetAnalog
</UL>
<BR>[Called By]<UL><LI><a href="#[52]">&gt;&gt;</a>&nbsp;&nbsp;&nbsp;Motor_Port_Init
<LI><a href="#[48]">&gt;&gt;</a>&nbsp;&nbsp;&nbsp;DebugInit
</UL>

<P><STRONG><a name="[31]"></a>Gpio_SetAnalog</STRONG> (Thumb, 30 bytes, Stack size 8 bytes, gpio.o(i.Gpio_SetAnalog))
<BR><BR>[Stack]<UL><LI>Max Depth = 8<LI>Call Chain = Gpio_SetAnalog
</UL>
<BR>[Called By]<UL><LI><a href="#[49]">&gt;&gt;</a>&nbsp;&nbsp;&nbsp;Gpio_InitIOExt
<LI><a href="#[2e]">&gt;&gt;</a>&nbsp;&nbsp;&nbsp;AdcInit
</UL>

<P><STRONG><a name="[6c]"></a>Gpio_SetIO</STRONG> (Thumb, 38 bytes, Stack size 8 bytes, gpio.o(i.Gpio_SetIO))
<BR><BR>[Stack]<UL><LI>Max Depth = 8<LI>Call Chain = Gpio_SetIO
</UL>
<BR>[Called By]<UL><LI><a href="#[52]">&gt;&gt;</a>&nbsp;&nbsp;&nbsp;Motor_Port_Init
</UL>

<P><STRONG><a name="[51]"></a>HAL_SystemInit</STRONG> (Thumb, 52 bytes, Stack size 8 bytes, hallayer.o(i.HAL_SystemInit))
<BR><BR>[Stack]<UL><LI>Max Depth = 140<LI>Call Chain = HAL_SystemInit &rArr; DebugInit &rArr; LPUart_SetBaudRate &rArr; __aeabi_uidivmod
</UL>
<BR>[Calls]<UL><LI><a href="#[3c]">&gt;&gt;</a>&nbsp;&nbsp;&nbsp;Clk_SwitchTo
<LI><a href="#[3b]">&gt;&gt;</a>&nbsp;&nbsp;&nbsp;Clk_Init
<LI><a href="#[52]">&gt;&gt;</a>&nbsp;&nbsp;&nbsp;Motor_Port_Init
<LI><a href="#[48]">&gt;&gt;</a>&nbsp;&nbsp;&nbsp;DebugInit
<LI><a href="#[2e]">&gt;&gt;</a>&nbsp;&nbsp;&nbsp;AdcInit
<LI><a href="#[40]">&gt;&gt;</a>&nbsp;&nbsp;&nbsp;Clk_SetRCHFreq
</UL>
<BR>[Called By]<UL><LI><a href="#[26]">&gt;&gt;</a>&nbsp;&nbsp;&nbsp;main
</UL>

<P><STRONG><a name="[2]"></a>HardFault_Handler</STRONG> (Thumb, 12 bytes, Stack size 8 bytes, interrupts_hc32l110.o(i.HardFault_Handler))
<BR><BR>[Stack]<UL><LI>Max Depth = 8<LI>Call Chain = HardFault_Handler
</UL>
<BR>[Address Reference Count : 1]<UL><LI> startup_hc32l110.o(RESET)
</UL>
<P><STRONG><a name="[6]"></a>IRQ000_Handler</STRONG> (Thumb, 10 bytes, Stack size 8 bytes, interrupts_hc32l110.o(i.IRQ000_Handler))
<BR><BR>[Stack]<UL><LI>Max Depth = 8<LI>Call Chain = IRQ000_Handler
</UL>
<BR>[Calls]<UL><LI><a href="#[53]">&gt;&gt;</a>&nbsp;&nbsp;&nbsp;Gpio_IRQHandler (Weak Reference)
</UL>
<BR>[Address Reference Count : 1]<UL><LI> startup_hc32l110.o(RESET)
</UL>
<P><STRONG><a name="[7]"></a>IRQ001_Handler</STRONG> (Thumb, 10 bytes, Stack size 8 bytes, interrupts_hc32l110.o(i.IRQ001_Handler))
<BR><BR>[Stack]<UL><LI>Max Depth = 8<LI>Call Chain = IRQ001_Handler
</UL>
<BR>[Calls]<UL><LI><a href="#[53]">&gt;&gt;</a>&nbsp;&nbsp;&nbsp;Gpio_IRQHandler (Weak Reference)
</UL>
<BR>[Address Reference Count : 1]<UL><LI> startup_hc32l110.o(RESET)
</UL>
<P><STRONG><a name="[8]"></a>IRQ002_Handler</STRONG> (Thumb, 10 bytes, Stack size 8 bytes, interrupts_hc32l110.o(i.IRQ002_Handler))
<BR><BR>[Stack]<UL><LI>Max Depth = 8<LI>Call Chain = IRQ002_Handler
</UL>
<BR>[Calls]<UL><LI><a href="#[53]">&gt;&gt;</a>&nbsp;&nbsp;&nbsp;Gpio_IRQHandler (Weak Reference)
</UL>
<BR>[Address Reference Count : 1]<UL><LI> startup_hc32l110.o(RESET)
</UL>
<P><STRONG><a name="[9]"></a>IRQ003_Handler</STRONG> (Thumb, 10 bytes, Stack size 8 bytes, interrupts_hc32l110.o(i.IRQ003_Handler))
<BR><BR>[Stack]<UL><LI>Max Depth = 8<LI>Call Chain = IRQ003_Handler
</UL>
<BR>[Calls]<UL><LI><a href="#[53]">&gt;&gt;</a>&nbsp;&nbsp;&nbsp;Gpio_IRQHandler (Weak Reference)
</UL>
<BR>[Address Reference Count : 1]<UL><LI> startup_hc32l110.o(RESET)
</UL>
<P><STRONG><a name="[c]"></a>IRQ006_Handler</STRONG> (Thumb, 10 bytes, Stack size 8 bytes, interrupts_hc32l110.o(i.IRQ006_Handler))
<BR><BR>[Stack]<UL><LI>Max Depth = 8<LI>Call Chain = IRQ006_Handler
</UL>
<BR>[Calls]<UL><LI><a href="#[54]">&gt;&gt;</a>&nbsp;&nbsp;&nbsp;Uart_IRQHandler (Weak Reference)
</UL>
<BR>[Address Reference Count : 1]<UL><LI> startup_hc32l110.o(RESET)
</UL>
<P><STRONG><a name="[d]"></a>IRQ007_Handler</STRONG> (Thumb, 10 bytes, Stack size 8 bytes, interrupts_hc32l110.o(i.IRQ007_Handler))
<BR><BR>[Stack]<UL><LI>Max Depth = 8<LI>Call Chain = IRQ007_Handler
</UL>
<BR>[Calls]<UL><LI><a href="#[54]">&gt;&gt;</a>&nbsp;&nbsp;&nbsp;Uart_IRQHandler (Weak Reference)
</UL>
<BR>[Address Reference Count : 1]<UL><LI> startup_hc32l110.o(RESET)
</UL>
<P><STRONG><a name="[e]"></a>IRQ008_Handler</STRONG> (Thumb, 10 bytes, Stack size 8 bytes, interrupts_hc32l110.o(i.IRQ008_Handler))
<BR><BR>[Stack]<UL><LI>Max Depth = 8<LI>Call Chain = IRQ008_Handler
</UL>
<BR>[Address Reference Count : 1]<UL><LI> startup_hc32l110.o(RESET)
</UL>
<P><STRONG><a name="[10]"></a>IRQ010_Handler</STRONG> (Thumb, 10 bytes, Stack size 8 bytes, interrupts_hc32l110.o(i.IRQ010_Handler))
<BR><BR>[Stack]<UL><LI>Max Depth = 8<LI>Call Chain = IRQ010_Handler
</UL>
<BR>[Calls]<UL><LI><a href="#[55]">&gt;&gt;</a>&nbsp;&nbsp;&nbsp;Spi_IRQHandler (Weak Reference)
</UL>
<BR>[Address Reference Count : 1]<UL><LI> startup_hc32l110.o(RESET)
</UL>
<P><STRONG><a name="[12]"></a>IRQ012_Handler</STRONG> (Thumb, 10 bytes, Stack size 8 bytes, interrupts_hc32l110.o(i.IRQ012_Handler))
<BR><BR>[Stack]<UL><LI>Max Depth = 8<LI>Call Chain = IRQ012_Handler
</UL>
<BR>[Calls]<UL><LI><a href="#[56]">&gt;&gt;</a>&nbsp;&nbsp;&nbsp;I2c_IRQHandler (Weak Reference)
</UL>
<BR>[Address Reference Count : 1]<UL><LI> startup_hc32l110.o(RESET)
</UL>
<P><STRONG><a name="[14]"></a>IRQ014_Handler</STRONG> (Thumb, 10 bytes, Stack size 8 bytes, interrupts_hc32l110.o(i.IRQ014_Handler))
<BR><BR>[Stack]<UL><LI>Max Depth = 8<LI>Call Chain = IRQ014_Handler
</UL>
<BR>[Address Reference Count : 1]<UL><LI> startup_hc32l110.o(RESET)
</UL>
<P><STRONG><a name="[15]"></a>IRQ015_Handler</STRONG> (Thumb, 10 bytes, Stack size 8 bytes, interrupts_hc32l110.o(i.IRQ015_Handler))
<BR><BR>[Stack]<UL><LI>Max Depth = 8<LI>Call Chain = IRQ015_Handler
</UL>
<BR>[Address Reference Count : 1]<UL><LI> startup_hc32l110.o(RESET)
</UL>
<P><STRONG><a name="[16]"></a>IRQ016_Handler</STRONG> (Thumb, 10 bytes, Stack size 8 bytes, interrupts_hc32l110.o(i.IRQ016_Handler))
<BR><BR>[Stack]<UL><LI>Max Depth = 8<LI>Call Chain = IRQ016_Handler
</UL>
<BR>[Address Reference Count : 1]<UL><LI> startup_hc32l110.o(RESET)
</UL>
<P><STRONG><a name="[17]"></a>IRQ017_Handler</STRONG> (Thumb, 10 bytes, Stack size 8 bytes, interrupts_hc32l110.o(i.IRQ017_Handler))
<BR><BR>[Stack]<UL><LI>Max Depth = 8<LI>Call Chain = IRQ017_Handler
</UL>
<BR>[Calls]<UL><LI><a href="#[57]">&gt;&gt;</a>&nbsp;&nbsp;&nbsp;LpTim_IRQHandler (Weak Reference)
</UL>
<BR>[Address Reference Count : 1]<UL><LI> startup_hc32l110.o(RESET)
</UL>
<P><STRONG><a name="[18]"></a>IRQ018_Handler</STRONG> (Thumb, 10 bytes, Stack size 8 bytes, interrupts_hc32l110.o(i.IRQ018_Handler))
<BR><BR>[Stack]<UL><LI>Max Depth = 8<LI>Call Chain = IRQ018_Handler
</UL>
<BR>[Calls]<UL><LI><a href="#[58]">&gt;&gt;</a>&nbsp;&nbsp;&nbsp;Adt_IRQHandler (Weak Reference)
</UL>
<BR>[Address Reference Count : 1]<UL><LI> startup_hc32l110.o(RESET)
</UL>
<P><STRONG><a name="[19]"></a>IRQ019_Handler</STRONG> (Thumb, 10 bytes, Stack size 8 bytes, interrupts_hc32l110.o(i.IRQ019_Handler))
<BR><BR>[Stack]<UL><LI>Max Depth = 8<LI>Call Chain = IRQ019_Handler
</UL>
<BR>[Calls]<UL><LI><a href="#[58]">&gt;&gt;</a>&nbsp;&nbsp;&nbsp;Adt_IRQHandler (Weak Reference)
</UL>
<BR>[Address Reference Count : 1]<UL><LI> startup_hc32l110.o(RESET)
</UL>
<P><STRONG><a name="[1a]"></a>IRQ020_Handler</STRONG> (Thumb, 10 bytes, Stack size 8 bytes, interrupts_hc32l110.o(i.IRQ020_Handler))
<BR><BR>[Stack]<UL><LI>Max Depth = 8<LI>Call Chain = IRQ020_Handler
</UL>
<BR>[Calls]<UL><LI><a href="#[58]">&gt;&gt;</a>&nbsp;&nbsp;&nbsp;Adt_IRQHandler (Weak Reference)
</UL>
<BR>[Address Reference Count : 1]<UL><LI> startup_hc32l110.o(RESET)
</UL>
<P><STRONG><a name="[1b]"></a>IRQ021_Handler</STRONG> (Thumb, 10 bytes, Stack size 8 bytes, interrupts_hc32l110.o(i.IRQ021_Handler))
<BR><BR>[Stack]<UL><LI>Max Depth = 8<LI>Call Chain = IRQ021_Handler
</UL>
<BR>[Calls]<UL><LI><a href="#[59]">&gt;&gt;</a>&nbsp;&nbsp;&nbsp;Pca_IRQHandler (Weak Reference)
</UL>
<BR>[Address Reference Count : 1]<UL><LI> startup_hc32l110.o(RESET)
</UL>
<P><STRONG><a name="[1c]"></a>IRQ022_Handler</STRONG> (Thumb, 10 bytes, Stack size 8 bytes, interrupts_hc32l110.o(i.IRQ022_Handler))
<BR><BR>[Stack]<UL><LI>Max Depth = 8<LI>Call Chain = IRQ022_Handler
</UL>
<BR>[Calls]<UL><LI><a href="#[5a]">&gt;&gt;</a>&nbsp;&nbsp;&nbsp;Wdt_IRQHandler (Weak Reference)
</UL>
<BR>[Address Reference Count : 1]<UL><LI> startup_hc32l110.o(RESET)
</UL>
<P><STRONG><a name="[1d]"></a>IRQ023_Handler</STRONG> (Thumb, 10 bytes, Stack size 8 bytes, interrupts_hc32l110.o(i.IRQ023_Handler))
<BR><BR>[Stack]<UL><LI>Max Depth = 8<LI>Call Chain = IRQ023_Handler
</UL>
<BR>[Calls]<UL><LI><a href="#[5b]">&gt;&gt;</a>&nbsp;&nbsp;&nbsp;Rtc_IRQHandler (Weak Reference)
</UL>
<BR>[Address Reference Count : 1]<UL><LI> startup_hc32l110.o(RESET)
</UL>
<P><STRONG><a name="[1e]"></a>IRQ024_Handler</STRONG> (Thumb, 10 bytes, Stack size 8 bytes, interrupts_hc32l110.o(i.IRQ024_Handler))
<BR><BR>[Stack]<UL><LI>Max Depth = 8<LI>Call Chain = IRQ024_Handler
</UL>
<BR>[Address Reference Count : 1]<UL><LI> startup_hc32l110.o(RESET)
</UL>
<P><STRONG><a name="[20]"></a>IRQ026_Handler</STRONG> (Thumb, 10 bytes, Stack size 8 bytes, interrupts_hc32l110.o(i.IRQ026_Handler))
<BR><BR>[Stack]<UL><LI>Max Depth = 8<LI>Call Chain = IRQ026_Handler
</UL>
<BR>[Calls]<UL><LI><a href="#[5c]">&gt;&gt;</a>&nbsp;&nbsp;&nbsp;Vc_IRQHandler (Weak Reference)
</UL>
<BR>[Address Reference Count : 1]<UL><LI> startup_hc32l110.o(RESET)
</UL>
<P><STRONG><a name="[21]"></a>IRQ027_Handler</STRONG> (Thumb, 10 bytes, Stack size 8 bytes, interrupts_hc32l110.o(i.IRQ027_Handler))
<BR><BR>[Stack]<UL><LI>Max Depth = 8<LI>Call Chain = IRQ027_Handler
</UL>
<BR>[Calls]<UL><LI><a href="#[5c]">&gt;&gt;</a>&nbsp;&nbsp;&nbsp;Vc_IRQHandler (Weak Reference)
</UL>
<BR>[Address Reference Count : 1]<UL><LI> startup_hc32l110.o(RESET)
</UL>
<P><STRONG><a name="[22]"></a>IRQ028_Handler</STRONG> (Thumb, 10 bytes, Stack size 8 bytes, interrupts_hc32l110.o(i.IRQ028_Handler))
<BR><BR>[Stack]<UL><LI>Max Depth = 8<LI>Call Chain = IRQ028_Handler
</UL>
<BR>[Calls]<UL><LI><a href="#[5d]">&gt;&gt;</a>&nbsp;&nbsp;&nbsp;Lvd_IRQHandler (Weak Reference)
</UL>
<BR>[Address Reference Count : 1]<UL><LI> startup_hc32l110.o(RESET)
</UL>
<P><STRONG><a name="[24]"></a>IRQ030_Handler</STRONG> (Thumb, 10 bytes, Stack size 8 bytes, interrupts_hc32l110.o(i.IRQ030_Handler))
<BR><BR>[Stack]<UL><LI>Max Depth = 8<LI>Call Chain = IRQ030_Handler
</UL>
<BR>[Calls]<UL><LI><a href="#[5e]">&gt;&gt;</a>&nbsp;&nbsp;&nbsp;EfRam_IRQHandler (Weak Reference)
</UL>
<BR>[Address Reference Count : 1]<UL><LI> startup_hc32l110.o(RESET)
</UL>
<P><STRONG><a name="[25]"></a>IRQ031_Handler</STRONG> (Thumb, 10 bytes, Stack size 8 bytes, interrupts_hc32l110.o(i.IRQ031_Handler))
<BR><BR>[Stack]<UL><LI>Max Depth = 8<LI>Call Chain = IRQ031_Handler
</UL>
<BR>[Calls]<UL><LI><a href="#[5f]">&gt;&gt;</a>&nbsp;&nbsp;&nbsp;ClkTrim_IRQHandler (Weak Reference)
</UL>
<BR>[Address Reference Count : 1]<UL><LI> startup_hc32l110.o(RESET)
</UL>
<P><STRONG><a name="[67]"></a>LPUart_ClrStatus</STRONG> (Thumb, 44 bytes, Stack size 0 bytes, lpuart.o(i.LPUart_ClrStatus))
<BR><BR>[Called By]<UL><LI><a href="#[66]">&gt;&gt;</a>&nbsp;&nbsp;&nbsp;LPUart_SendData
</UL>

<P><STRONG><a name="[4a]"></a>LPUart_EnableIrq</STRONG> (Thumb, 44 bytes, Stack size 0 bytes, lpuart.o(i.LPUart_EnableIrq))
<BR><BR>[Called By]<UL><LI><a href="#[48]">&gt;&gt;</a>&nbsp;&nbsp;&nbsp;DebugInit
</UL>

<P><STRONG><a name="[68]"></a>LPUart_GetStatus</STRONG> (Thumb, 38 bytes, Stack size 0 bytes, lpuart.o(i.LPUart_GetStatus))
<BR><BR>[Called By]<UL><LI><a href="#[66]">&gt;&gt;</a>&nbsp;&nbsp;&nbsp;LPUart_SendData
</UL>

<P><STRONG><a name="[4b]"></a>LPUart_Init</STRONG> (Thumb, 132 bytes, Stack size 16 bytes, lpuart.o(i.LPUart_Init))
<BR><BR>[Stack]<UL><LI>Max Depth = 16<LI>Call Chain = LPUart_Init
</UL>
<BR>[Calls]<UL><LI><a href="#[63]">&gt;&gt;</a>&nbsp;&nbsp;&nbsp;LPUart_SetMultiMode
<LI><a href="#[62]">&gt;&gt;</a>&nbsp;&nbsp;&nbsp;LPUart_SetMode
<LI><a href="#[61]">&gt;&gt;</a>&nbsp;&nbsp;&nbsp;LPUart_SelSclkPrs
<LI><a href="#[60]">&gt;&gt;</a>&nbsp;&nbsp;&nbsp;LPUart_SelSclk
<LI><a href="#[65]">&gt;&gt;</a>&nbsp;&nbsp;&nbsp;__NVIC_SetPriority
<LI><a href="#[64]">&gt;&gt;</a>&nbsp;&nbsp;&nbsp;__NVIC_ClearPendingIRQ
</UL>
<BR>[Called By]<UL><LI><a href="#[48]">&gt;&gt;</a>&nbsp;&nbsp;&nbsp;DebugInit
</UL>

<P><STRONG><a name="[60]"></a>LPUart_SelSclk</STRONG> (Thumb, 42 bytes, Stack size 0 bytes, lpuart.o(i.LPUart_SelSclk))
<BR><BR>[Called By]<UL><LI><a href="#[4b]">&gt;&gt;</a>&nbsp;&nbsp;&nbsp;LPUart_Init
</UL>

<P><STRONG><a name="[61]"></a>LPUart_SelSclkPrs</STRONG> (Thumb, 22 bytes, Stack size 0 bytes, lpuart.o(i.LPUart_SelSclkPrs))
<BR><BR>[Called By]<UL><LI><a href="#[4b]">&gt;&gt;</a>&nbsp;&nbsp;&nbsp;LPUart_Init
</UL>

<P><STRONG><a name="[66]"></a>LPUart_SendData</STRONG> (Thumb, 34 bytes, Stack size 4 bytes, lpuart.o(i.LPUart_SendData))
<BR><BR>[Stack]<UL><LI>Max Depth = 4<LI>Call Chain = LPUart_SendData
</UL>
<BR>[Calls]<UL><LI><a href="#[68]">&gt;&gt;</a>&nbsp;&nbsp;&nbsp;LPUart_GetStatus
<LI><a href="#[67]">&gt;&gt;</a>&nbsp;&nbsp;&nbsp;LPUart_ClrStatus
</UL>
<BR>[Called By]<UL><LI><a href="#[2a]">&gt;&gt;</a>&nbsp;&nbsp;&nbsp;fputc
</UL>

<P><STRONG><a name="[4c]"></a>LPUart_SetBaudRate</STRONG> (Thumb, 80 bytes, Stack size 16 bytes, lpuart.o(i.LPUart_SetBaudRate))
<BR><BR>[Stack]<UL><LI>Max Depth = 28<LI>Call Chain = LPUart_SetBaudRate &rArr; __aeabi_uidivmod
</UL>
<BR>[Calls]<UL><LI><a href="#[69]">&gt;&gt;</a>&nbsp;&nbsp;&nbsp;__aeabi_uidivmod
</UL>
<BR>[Called By]<UL><LI><a href="#[48]">&gt;&gt;</a>&nbsp;&nbsp;&nbsp;DebugInit
</UL>

<P><STRONG><a name="[62]"></a>LPUart_SetMode</STRONG> (Thumb, 66 bytes, Stack size 0 bytes, lpuart.o(i.LPUart_SetMode))
<BR><BR>[Called By]<UL><LI><a href="#[4b]">&gt;&gt;</a>&nbsp;&nbsp;&nbsp;LPUart_Init
</UL>

<P><STRONG><a name="[63]"></a>LPUart_SetMultiMode</STRONG> (Thumb, 36 bytes, Stack size 0 bytes, lpuart.o(i.LPUart_SetMultiMode))
<BR><BR>[Called By]<UL><LI><a href="#[4b]">&gt;&gt;</a>&nbsp;&nbsp;&nbsp;LPUart_Init
</UL>

<P><STRONG><a name="[3f]"></a>Log2</STRONG> (Thumb, 20 bytes, Stack size 0 bytes, ddl.o(i.Log2))
<BR><BR>[Called By]<UL><LI><a href="#[3e]">&gt;&gt;</a>&nbsp;&nbsp;&nbsp;Clk_SetPClkDiv
<LI><a href="#[3d]">&gt;&gt;</a>&nbsp;&nbsp;&nbsp;Clk_SetHClkDiv
</UL>

<P><STRONG><a name="[29]"></a>MainTask</STRONG> (Thumb, 22 bytes, Stack size 8 bytes, timetask.o(i.MainTask))
<BR><BR>[Stack]<UL><LI>Max Depth = 16<LI>Call Chain = MainTask &rArr; StartTask
</UL>
<BR>[Calls]<UL><LI><a href="#[6b]">&gt;&gt;</a>&nbsp;&nbsp;&nbsp;StartTask
<LI><a href="#[6a]">&gt;&gt;</a>&nbsp;&nbsp;&nbsp;__2printf
</UL>
<BR>[Address Reference Count : 2]<UL><LI> timetask.o(i.MainTask)
<LI> timetask.o(i.StartTaskScheduler)
</UL>
<P><STRONG><a name="[52]"></a>Motor_Port_Init</STRONG> (Thumb, 128 bytes, Stack size 24 bytes, hallayer.o(i.Motor_Port_Init))
<BR><BR>[Stack]<UL><LI>Max Depth = 52<LI>Call Chain = Motor_Port_Init &rArr; Gpio_InitIOExt &rArr; Gpio_SetAnalog
</UL>
<BR>[Calls]<UL><LI><a href="#[6c]">&gt;&gt;</a>&nbsp;&nbsp;&nbsp;Gpio_SetIO
<LI><a href="#[49]">&gt;&gt;</a>&nbsp;&nbsp;&nbsp;Gpio_InitIOExt
<LI><a href="#[30]">&gt;&gt;</a>&nbsp;&nbsp;&nbsp;Clk_SetPeripheralGate
</UL>
<BR>[Called By]<UL><LI><a href="#[51]">&gt;&gt;</a>&nbsp;&nbsp;&nbsp;HAL_SystemInit
</UL>

<P><STRONG><a name="[6b]"></a>StartTask</STRONG> (Thumb, 46 bytes, Stack size 8 bytes, timetask.o(i.StartTask))
<BR><BR>[Stack]<UL><LI>Max Depth = 8<LI>Call Chain = StartTask
</UL>
<BR>[Called By]<UL><LI><a href="#[29]">&gt;&gt;</a>&nbsp;&nbsp;&nbsp;MainTask
<LI><a href="#[6d]">&gt;&gt;</a>&nbsp;&nbsp;&nbsp;StartTaskScheduler
</UL>

<P><STRONG><a name="[6d]"></a>StartTaskScheduler</STRONG> (Thumb, 44 bytes, Stack size 0 bytes, timetask.o(i.StartTaskScheduler))
<BR><BR>[Stack]<UL><LI>Max Depth = 24<LI>Call Chain = StartTaskScheduler &rArr; TaskScheduler
</UL>
<BR>[Calls]<UL><LI><a href="#[6e]">&gt;&gt;</a>&nbsp;&nbsp;&nbsp;TaskScheduler
<LI><a href="#[6b]">&gt;&gt;</a>&nbsp;&nbsp;&nbsp;StartTask
</UL>
<BR>[Called By]<UL><LI><a href="#[26]">&gt;&gt;</a>&nbsp;&nbsp;&nbsp;main
</UL>

<P><STRONG><a name="[47]"></a>SystemCoreClockUpdate</STRONG> (Thumb, 12 bytes, Stack size 8 bytes, system_hc32l110.o(i.SystemCoreClockUpdate))
<BR><BR>[Stack]<UL><LI>Max Depth = 24<LI>Call Chain = SystemCoreClockUpdate &rArr; Clk_GetHClkFreq
</UL>
<BR>[Calls]<UL><LI><a href="#[3a]">&gt;&gt;</a>&nbsp;&nbsp;&nbsp;Clk_GetHClkFreq
</UL>
<BR>[Called By]<UL><LI><a href="#[3c]">&gt;&gt;</a>&nbsp;&nbsp;&nbsp;Clk_SwitchTo
<LI><a href="#[27]">&gt;&gt;</a>&nbsp;&nbsp;&nbsp;SystemInit
</UL>

<P><STRONG><a name="[27]"></a>SystemInit</STRONG> (Thumb, 46 bytes, Stack size 16 bytes, system_hc32l110.o(i.SystemInit))
<BR><BR>[Stack]<UL><LI>Max Depth = 40<LI>Call Chain = SystemInit &rArr; Clk_Enable
</UL>
<BR>[Calls]<UL><LI><a href="#[2f]">&gt;&gt;</a>&nbsp;&nbsp;&nbsp;ddl_memclr
<LI><a href="#[6f]">&gt;&gt;</a>&nbsp;&nbsp;&nbsp;Clk_SysTickConfig
<LI><a href="#[40]">&gt;&gt;</a>&nbsp;&nbsp;&nbsp;Clk_SetRCHFreq
<LI><a href="#[36]">&gt;&gt;</a>&nbsp;&nbsp;&nbsp;Clk_Enable
<LI><a href="#[47]">&gt;&gt;</a>&nbsp;&nbsp;&nbsp;SystemCoreClockUpdate
</UL>
<BR>[Address Reference Count : 1]<UL><LI> startup_hc32l110.o(.text)
</UL>
<P><STRONG><a name="[6e]"></a>TaskScheduler</STRONG> (Thumb, 52 bytes, Stack size 24 bytes, timetask.o(i.TaskScheduler))
<BR><BR>[Stack]<UL><LI>Max Depth = 24<LI>Call Chain = TaskScheduler
</UL>
<BR>[Called By]<UL><LI><a href="#[6d]">&gt;&gt;</a>&nbsp;&nbsp;&nbsp;StartTaskScheduler
</UL>

<P><STRONG><a name="[70]"></a>__0printf$bare</STRONG> (Thumb, 12 bytes, Stack size 8 bytes, printfb.o(i.__0printf$bare), UNUSED)
<BR><BR>[Calls]<UL><LI><a href="#[71]">&gt;&gt;</a>&nbsp;&nbsp;&nbsp;_printf_core
</UL>

<P><STRONG><a name="[7a]"></a>__1printf$bare</STRONG> (Thumb, 0 bytes, Stack size 8 bytes, printfb.o(i.__0printf$bare), UNUSED)

<P><STRONG><a name="[6a]"></a>__2printf</STRONG> (Thumb, 0 bytes, Stack size 8 bytes, printfb.o(i.__0printf$bare))
<BR><BR>[Stack]<UL><LI>Max Depth = 8<LI>Call Chain = __2printf
</UL>
<BR>[Called By]<UL><LI><a href="#[29]">&gt;&gt;</a>&nbsp;&nbsp;&nbsp;MainTask
</UL>

<P><STRONG><a name="[41]"></a>__ARM_common_switch8</STRONG> (Thumb, 26 bytes, Stack size 8 bytes, clk.o(i.__ARM_common_switch8))
<BR><BR>[Stack]<UL><LI>Max Depth = 8<LI>Call Chain = __ARM_common_switch8
</UL>
<BR>[Called By]<UL><LI><a href="#[40]">&gt;&gt;</a>&nbsp;&nbsp;&nbsp;Clk_SetRCHFreq
</UL>

<P><STRONG><a name="[7b]"></a>__scatterload_copy</STRONG> (Thumb, 14 bytes, Stack size unknown bytes, handlers.o(i.__scatterload_copy), UNUSED)

<P><STRONG><a name="[7c]"></a>__scatterload_null</STRONG> (Thumb, 2 bytes, Stack size unknown bytes, handlers.o(i.__scatterload_null), UNUSED)

<P><STRONG><a name="[7d]"></a>__scatterload_zeroinit</STRONG> (Thumb, 14 bytes, Stack size unknown bytes, handlers.o(i.__scatterload_zeroinit), UNUSED)

<P><STRONG><a name="[2f]"></a>ddl_memclr</STRONG> (Thumb, 18 bytes, Stack size 0 bytes, ddl.o(i.ddl_memclr))
<BR><BR>[Called By]<UL><LI><a href="#[48]">&gt;&gt;</a>&nbsp;&nbsp;&nbsp;DebugInit
<LI><a href="#[2e]">&gt;&gt;</a>&nbsp;&nbsp;&nbsp;AdcInit
<LI><a href="#[27]">&gt;&gt;</a>&nbsp;&nbsp;&nbsp;SystemInit
</UL>

<P><STRONG><a name="[33]"></a>delay100us</STRONG> (Thumb, 44 bytes, Stack size 24 bytes, ddl.o(i.delay100us))
<BR><BR>[Stack]<UL><LI>Max Depth = 36<LI>Call Chain = delay100us &rArr; __aeabi_uidivmod
</UL>
<BR>[Calls]<UL><LI><a href="#[69]">&gt;&gt;</a>&nbsp;&nbsp;&nbsp;__aeabi_uidivmod
</UL>
<BR>[Called By]<UL><LI><a href="#[2e]">&gt;&gt;</a>&nbsp;&nbsp;&nbsp;AdcInit
</UL>

<P><STRONG><a name="[2a]"></a>fputc</STRONG> (Thumb, 14 bytes, Stack size 8 bytes, main.o(i.fputc))
<BR><BR>[Stack]<UL><LI>Max Depth = 12<LI>Call Chain = fputc &rArr; LPUart_SendData
</UL>
<BR>[Calls]<UL><LI><a href="#[66]">&gt;&gt;</a>&nbsp;&nbsp;&nbsp;LPUart_SendData
</UL>
<BR>[Address Reference Count : 1]<UL><LI> printfb.o(i.__0printf$bare)
</UL>
<P><STRONG><a name="[26]"></a>main</STRONG> (Thumb, 14 bytes, Stack size 8 bytes, main.o(i.main))
<BR><BR>[Stack]<UL><LI>Max Depth = 148<LI>Call Chain = main &rArr; HAL_SystemInit &rArr; DebugInit &rArr; LPUart_SetBaudRate &rArr; __aeabi_uidivmod
</UL>
<BR>[Calls]<UL><LI><a href="#[6d]">&gt;&gt;</a>&nbsp;&nbsp;&nbsp;StartTaskScheduler
<LI><a href="#[51]">&gt;&gt;</a>&nbsp;&nbsp;&nbsp;HAL_SystemInit
</UL>
<BR>[Address Reference Count : 1]<UL><LI> entry9a.o(.ARM.Collect$$$$0000000B)
</UL><P>
<H3>
Local Symbols
</H3>
<P><STRONG><a name="[37]"></a>ClkUnlock</STRONG> (Thumb, 12 bytes, Stack size 0 bytes, clk.o(i.ClkUnlock))
<BR><BR>[Called By]<UL><LI><a href="#[42]">&gt;&gt;</a>&nbsp;&nbsp;&nbsp;Clk_SetSource
<LI><a href="#[3e]">&gt;&gt;</a>&nbsp;&nbsp;&nbsp;Clk_SetPClkDiv
<LI><a href="#[3d]">&gt;&gt;</a>&nbsp;&nbsp;&nbsp;Clk_SetHClkDiv
<LI><a href="#[36]">&gt;&gt;</a>&nbsp;&nbsp;&nbsp;Clk_Enable
</UL>

<P><STRONG><a name="[38]"></a>ClkWriteDummy</STRONG> (Thumb, 14 bytes, Stack size 0 bytes, clk.o(i.ClkWriteDummy))
<BR><BR>[Called By]<UL><LI><a href="#[42]">&gt;&gt;</a>&nbsp;&nbsp;&nbsp;Clk_SetSource
<LI><a href="#[36]">&gt;&gt;</a>&nbsp;&nbsp;&nbsp;Clk_Enable
</UL>

<P><STRONG><a name="[64]"></a>__NVIC_ClearPendingIRQ</STRONG> (Thumb, 18 bytes, Stack size 0 bytes, lpuart.o(i.__NVIC_ClearPendingIRQ))
<BR><BR>[Called By]<UL><LI><a href="#[4b]">&gt;&gt;</a>&nbsp;&nbsp;&nbsp;LPUart_Init
</UL>

<P><STRONG><a name="[65]"></a>__NVIC_SetPriority</STRONG> (Thumb, 60 bytes, Stack size 0 bytes, lpuart.o(i.__NVIC_SetPriority))
<BR><BR>[Called By]<UL><LI><a href="#[4b]">&gt;&gt;</a>&nbsp;&nbsp;&nbsp;LPUart_Init
</UL>

<P><STRONG><a name="[71]"></a>_printf_core</STRONG> (Thumb, 30 bytes, Stack size 24 bytes, printfb.o(i._printf_core), UNUSED)
<BR><BR>[Called By]<UL><LI><a href="#[70]">&gt;&gt;</a>&nbsp;&nbsp;&nbsp;__0printf$bare
</UL>
<P>
<H3>
Undefined Global Symbols
</H3>
<P><STRONG><a name="[58]"></a>Adt_IRQHandler</STRONG> (ARM, 0 bytes, Stack size 0 bytes, UNDEFINED)
<BR><BR>[Called By]<UL><LI><a href="#[1a]">&gt;&gt;</a>&nbsp;&nbsp;&nbsp;IRQ020_Handler
<LI><a href="#[19]">&gt;&gt;</a>&nbsp;&nbsp;&nbsp;IRQ019_Handler
<LI><a href="#[18]">&gt;&gt;</a>&nbsp;&nbsp;&nbsp;IRQ018_Handler
</UL>

<P><STRONG><a name="[5f]"></a>ClkTrim_IRQHandler</STRONG> (ARM, 0 bytes, Stack size 0 bytes, UNDEFINED)
<BR><BR>[Called By]<UL><LI><a href="#[25]">&gt;&gt;</a>&nbsp;&nbsp;&nbsp;IRQ031_Handler
</UL>

<P><STRONG><a name="[5e]"></a>EfRam_IRQHandler</STRONG> (ARM, 0 bytes, Stack size 0 bytes, UNDEFINED)
<BR><BR>[Called By]<UL><LI><a href="#[24]">&gt;&gt;</a>&nbsp;&nbsp;&nbsp;IRQ030_Handler
</UL>

<P><STRONG><a name="[53]"></a>Gpio_IRQHandler</STRONG> (ARM, 0 bytes, Stack size 0 bytes, UNDEFINED)
<BR><BR>[Called By]<UL><LI><a href="#[9]">&gt;&gt;</a>&nbsp;&nbsp;&nbsp;IRQ003_Handler
<LI><a href="#[8]">&gt;&gt;</a>&nbsp;&nbsp;&nbsp;IRQ002_Handler
<LI><a href="#[7]">&gt;&gt;</a>&nbsp;&nbsp;&nbsp;IRQ001_Handler
<LI><a href="#[6]">&gt;&gt;</a>&nbsp;&nbsp;&nbsp;IRQ000_Handler
</UL>

<P><STRONG><a name="[56]"></a>I2c_IRQHandler</STRONG> (ARM, 0 bytes, Stack size 0 bytes, UNDEFINED)
<BR><BR>[Called By]<UL><LI><a href="#[12]">&gt;&gt;</a>&nbsp;&nbsp;&nbsp;IRQ012_Handler
</UL>

<P><STRONG><a name="[57]"></a>LpTim_IRQHandler</STRONG> (ARM, 0 bytes, Stack size 0 bytes, UNDEFINED)
<BR><BR>[Called By]<UL><LI><a href="#[17]">&gt;&gt;</a>&nbsp;&nbsp;&nbsp;IRQ017_Handler
</UL>

<P><STRONG><a name="[5d]"></a>Lvd_IRQHandler</STRONG> (ARM, 0 bytes, Stack size 0 bytes, UNDEFINED)
<BR><BR>[Called By]<UL><LI><a href="#[22]">&gt;&gt;</a>&nbsp;&nbsp;&nbsp;IRQ028_Handler
</UL>

<P><STRONG><a name="[59]"></a>Pca_IRQHandler</STRONG> (ARM, 0 bytes, Stack size 0 bytes, UNDEFINED)
<BR><BR>[Called By]<UL><LI><a href="#[1b]">&gt;&gt;</a>&nbsp;&nbsp;&nbsp;IRQ021_Handler
</UL>

<P><STRONG><a name="[5b]"></a>Rtc_IRQHandler</STRONG> (ARM, 0 bytes, Stack size 0 bytes, UNDEFINED)
<BR><BR>[Called By]<UL><LI><a href="#[1d]">&gt;&gt;</a>&nbsp;&nbsp;&nbsp;IRQ023_Handler
</UL>

<P><STRONG><a name="[55]"></a>Spi_IRQHandler</STRONG> (ARM, 0 bytes, Stack size 0 bytes, UNDEFINED)
<BR><BR>[Called By]<UL><LI><a href="#[10]">&gt;&gt;</a>&nbsp;&nbsp;&nbsp;IRQ010_Handler
</UL>

<P><STRONG><a name="[54]"></a>Uart_IRQHandler</STRONG> (ARM, 0 bytes, Stack size 0 bytes, UNDEFINED)
<BR><BR>[Called By]<UL><LI><a href="#[d]">&gt;&gt;</a>&nbsp;&nbsp;&nbsp;IRQ007_Handler
<LI><a href="#[c]">&gt;&gt;</a>&nbsp;&nbsp;&nbsp;IRQ006_Handler
</UL>

<P><STRONG><a name="[5c]"></a>Vc_IRQHandler</STRONG> (ARM, 0 bytes, Stack size 0 bytes, UNDEFINED)
<BR><BR>[Called By]<UL><LI><a href="#[21]">&gt;&gt;</a>&nbsp;&nbsp;&nbsp;IRQ027_Handler
<LI><a href="#[20]">&gt;&gt;</a>&nbsp;&nbsp;&nbsp;IRQ026_Handler
</UL>

<P><STRONG><a name="[5a]"></a>Wdt_IRQHandler</STRONG> (ARM, 0 bytes, Stack size 0 bytes, UNDEFINED)
<BR><BR>[Called By]<UL><LI><a href="#[1c]">&gt;&gt;</a>&nbsp;&nbsp;&nbsp;IRQ022_Handler
</UL>
<HR></body></html>
